Archive member included to satisfy reference by file (symbol)

C:/workspace/msdk/Libraries/PeriphDrivers/bin/MAX78000/spi-v1_softfp/libPeriphDriver_spi-v1_softfp.a(pins_ai85.o)
                              c:/workspace/ADI_Intern_Private/readTempSensor/readTemp_New/build/camera.o (gpio_cfg_pcif_xclk)
C:/workspace/msdk/Libraries/PeriphDrivers/bin/MAX78000/spi-v1_softfp/libPeriphDriver_spi-v1_softfp.a(sys_ai85.o)
                              c:/workspace/ADI_Intern_Private/readTempSensor/readTemp_New/build/board.o (MXC_SYS_ClockEnable)
C:/workspace/msdk/Libraries/PeriphDrivers/bin/MAX78000/spi-v1_softfp/libPeriphDriver_spi-v1_softfp.a(aes_me17.o)
                              C:/workspace/msdk/Libraries/PeriphDrivers/bin/MAX78000/spi-v1_softfp/libPeriphDriver_spi-v1_softfp.a(sys_ai85.o) (MXC_AES_Init)
C:/workspace/msdk/Libraries/PeriphDrivers/bin/MAX78000/spi-v1_softfp/libPeriphDriver_spi-v1_softfp.a(aes_revb.o)
                              C:/workspace/msdk/Libraries/PeriphDrivers/bin/MAX78000/spi-v1_softfp/libPeriphDriver_spi-v1_softfp.a(aes_me17.o) (MXC_AES_RevB_IsBusy)
C:/workspace/msdk/Libraries/PeriphDrivers/bin/MAX78000/spi-v1_softfp/libPeriphDriver_spi-v1_softfp.a(cameraif_ai85.o)
                              c:/workspace/ADI_Intern_Private/readTempSensor/readTemp_New/build/camera.o (MXC_PCIF_Init)
C:/workspace/msdk/Libraries/PeriphDrivers/bin/MAX78000/spi-v1_softfp/libPeriphDriver_spi-v1_softfp.a(cameraif_reva.o)
                              C:/workspace/msdk/Libraries/PeriphDrivers/bin/MAX78000/spi-v1_softfp/libPeriphDriver_spi-v1_softfp.a(cameraif_ai85.o) (MXC_PCIF_RevA_SetDatawidth)
C:/workspace/msdk/Libraries/PeriphDrivers/bin/MAX78000/spi-v1_softfp/libPeriphDriver_spi-v1_softfp.a(dma_me17.o)
                              c:/workspace/ADI_Intern_Private/readTempSensor/readTemp_New/build/fastspi.o (MXC_DMA_Init)
C:/workspace/msdk/Libraries/PeriphDrivers/bin/MAX78000/spi-v1_softfp/libPeriphDriver_spi-v1_softfp.a(dma_reva.o)
                              C:/workspace/msdk/Libraries/PeriphDrivers/bin/MAX78000/spi-v1_softfp/libPeriphDriver_spi-v1_softfp.a(dma_me17.o) (MXC_DMA_RevA_Init)
C:/workspace/msdk/Libraries/PeriphDrivers/bin/MAX78000/spi-v1_softfp/libPeriphDriver_spi-v1_softfp.a(flc_me17.o)
                              C:/workspace/msdk/Libraries/PeriphDrivers/bin/MAX78000/spi-v1_softfp/libPeriphDriver_spi-v1_softfp.a(sys_ai85.o) (MXC_FLC_UnlockInfoBlock)
C:/workspace/msdk/Libraries/PeriphDrivers/bin/MAX78000/spi-v1_softfp/libPeriphDriver_spi-v1_softfp.a(flc_reva.o)
                              C:/workspace/msdk/Libraries/PeriphDrivers/bin/MAX78000/spi-v1_softfp/libPeriphDriver_spi-v1_softfp.a(flc_me17.o) (MXC_FLC_RevA_Busy)
C:/workspace/msdk/Libraries/PeriphDrivers/bin/MAX78000/spi-v1_softfp/libPeriphDriver_spi-v1_softfp.a(gpio_ai85.o)
                              c:/workspace/ADI_Intern_Private/readTempSensor/readTemp_New/build/pb.o (MXC_GPIO_InGet)
C:/workspace/msdk/Libraries/PeriphDrivers/bin/MAX78000/spi-v1_softfp/libPeriphDriver_spi-v1_softfp.a(gpio_reva.o)
                              C:/workspace/msdk/Libraries/PeriphDrivers/bin/MAX78000/spi-v1_softfp/libPeriphDriver_spi-v1_softfp.a(gpio_ai85.o) (MXC_GPIO_RevA_InGet)
C:/workspace/msdk/Libraries/PeriphDrivers/bin/MAX78000/spi-v1_softfp/libPeriphDriver_spi-v1_softfp.a(i2c_me17.o)
                              c:/workspace/ADI_Intern_Private/readTempSensor/readTemp_New/build/max20303.o (MXC_I2C_Init)
C:/workspace/msdk/Libraries/PeriphDrivers/bin/MAX78000/spi-v1_softfp/libPeriphDriver_spi-v1_softfp.a(i2c_reva.o)
                              C:/workspace/msdk/Libraries/PeriphDrivers/bin/MAX78000/spi-v1_softfp/libPeriphDriver_spi-v1_softfp.a(i2c_me17.o) (MXC_I2C_RevA_DMACallback)
C:/workspace/msdk/Libraries/PeriphDrivers/bin/MAX78000/spi-v1_softfp/libPeriphDriver_spi-v1_softfp.a(icc_me17.o)
                              c:/workspace/ADI_Intern_Private/readTempSensor/readTemp_New/build/system_max78000.o (MXC_ICC_Enable)
C:/workspace/msdk/Libraries/PeriphDrivers/bin/MAX78000/spi-v1_softfp/libPeriphDriver_spi-v1_softfp.a(icc_reva.o)
                              C:/workspace/msdk/Libraries/PeriphDrivers/bin/MAX78000/spi-v1_softfp/libPeriphDriver_spi-v1_softfp.a(icc_me17.o) (MXC_ICC_RevA_ID)
C:/workspace/msdk/Libraries/PeriphDrivers/bin/MAX78000/spi-v1_softfp/libPeriphDriver_spi-v1_softfp.a(pt_ai85.o)
                              c:/workspace/ADI_Intern_Private/readTempSensor/readTemp_New/build/camera.o (MXC_PT_Init)
C:/workspace/msdk/Libraries/PeriphDrivers/bin/MAX78000/spi-v1_softfp/libPeriphDriver_spi-v1_softfp.a(pt_reva.o)
                              C:/workspace/msdk/Libraries/PeriphDrivers/bin/MAX78000/spi-v1_softfp/libPeriphDriver_spi-v1_softfp.a(pt_ai85.o) (MXC_PT_RevA_Init)
C:/workspace/msdk/Libraries/PeriphDrivers/bin/MAX78000/spi-v1_softfp/libPeriphDriver_spi-v1_softfp.a(spi_me17.o)
                              c:/workspace/ADI_Intern_Private/readTempSensor/readTemp_New/build/main.o (MXC_SPI_Init)
[...]
Memory Configuration

Name             Origin             Length             Attributes
ROM              0x00000000         0x00010000         xr
FLASH            0x10000000         0x00080000         xr
SRAM             0x20000000         0x00020000         xrw
*default*        0x00000000         0xffffffff

Linker script and memory map

LOAD c:/workspace/msdk/tools/gnutools/10.3/bin/../lib/gcc/arm-none-eabi/10.3.1/thumb/v7e-m+fp/softfp/crti.o
LOAD c:/workspace/msdk/tools/gnutools/10.3/bin/../lib/gcc/arm-none-eabi/10.3.1/thumb/v7e-m+fp/softfp/crtbegin.o
LOAD c:/workspace/msdk/tools/gnutools/10.3/bin/../lib/gcc/arm-none-eabi/10.3.1/../../../../arm-none-eabi/lib/thumb/v7e-m+fp/softfp/crt0.o
LOAD c:/workspace/ADI_Intern_Private/readTempSensor/readTemp_New/build/main.o
LOAD c:/workspace/ADI_Intern_Private/readTempSensor/readTemp_New/build/board.o
LOAD c:/workspace/ADI_Intern_Private/readTempSensor/readTemp_New/build/stdio.o
LOAD c:/workspace/ADI_Intern_Private/readTempSensor/readTemp_New/build/led.o
LOAD c:/workspace/ADI_Intern_Private/readTempSensor/readTemp_New/build/pb.o
LOAD c:/workspace/ADI_Intern_Private/readTempSensor/readTemp_New/build/tft_ili9341.o
LOAD c:/workspace/ADI_Intern_Private/readTempSensor/readTemp_New/build/camera.o
LOAD c:/workspace/ADI_Intern_Private/readTempSensor/readTemp_New/build/ov7692.o
LOAD c:/workspace/ADI_Intern_Private/readTempSensor/readTemp_New/build/sccb.o
LOAD c:/workspace/ADI_Intern_Private/readTempSensor/readTemp_New/build/max20303.o
LOAD c:/workspace/ADI_Intern_Private/readTempSensor/readTemp_New/build/max9867.o
LOAD c:/workspace/ADI_Intern_Private/readTempSensor/readTemp_New/build/N01S830HA.o
LOAD c:/workspace/ADI_Intern_Private/readTempSensor/readTemp_New/build/fastspi.o
LOAD c:/workspace/ADI_Intern_Private/readTempSensor/readTemp_New/build/startup_max78000.o
LOAD c:/workspace/ADI_Intern_Private/readTempSensor/readTemp_New/build/heap.o
LOAD c:/workspace/ADI_Intern_Private/readTempSensor/readTemp_New/build/system_max78000.o
START GROUP
LOAD C:/workspace/msdk/Libraries/PeriphDrivers/bin/MAX78000/spi-v1_softfp/libPeriphDriver_spi-v1_softfp.a
LOAD c:/workspace/msdk/tools/gnutools/10.3/bin/../lib/gcc/arm-none-eabi/10.3.1/../../../../arm-none-eabi/lib/thumb/v7e-m+fp/softfp\libc.a
LOAD c:/workspace/msdk/tools/gnutools/10.3/bin/../lib/gcc/arm-none-eabi/10.3.1/../../../../arm-none-eabi/lib/thumb/v7e-m+fp/softfp\libm.a
LOAD c:/workspace/msdk/tools/gnutools/10.3/bin/../lib/gcc/arm-none-eabi/10.3.1/../../../../arm-none-eabi/lib/thumb/v7e-m+fp/softfp\libnosys.a
END GROUP
START GROUP
LOAD c:/workspace/msdk/tools/gnutools/10.3/bin/../lib/gcc/arm-none-eabi/10.3.1/thumb/v7e-m+fp/softfp\libgcc.a
LOAD c:/workspace/msdk/tools/gnutools/10.3/bin/../lib/gcc/arm-none-eabi/10.3.1/../../../../arm-none-eabi/lib/thumb/v7e-m+fp/softfp\libc.a
END GROUP
LOAD c:/workspace/msdk/tools/gnutools/10.3/bin/../lib/gcc/arm-none-eabi/10.3.1/thumb/v7e-m+fp/softfp/crtend.o
LOAD c:/workspace/msdk/tools/gnutools/10.3/bin/../lib/gcc/arm-none-eabi/10.3.1/thumb/v7e-m+fp/softfp/crtn.o

.rom
 *(.rom_vector)
 *(.rom_handlers*)

.text           0x10000000     0xa390
                0x10000000                _text = .
 *(.isr_vector)
 .isr_vector    0x10000000      0x1e0 c:/workspace/ADI_Intern_Private/readTempSensor/readTemp_New/build/startup_max78000.o
                0x10000000                __isr_vector
 EXCLUDE_FILE(*riscv.o) *(.text*)
 .text          0x100001e0       0x40 c:/workspace/msdk/tools/gnutools/10.3/bin/../lib/gcc/arm-none-eabi/10.3.1/thumb/v7e-m+fp/softfp/crtbegin.o
 .text.SPI_Callback
                0x10000220        0xc c:/workspace/ADI_Intern_Private/readTempSensor/readTemp_New/build/main.o
                0x10000220                SPI_Callback
 .text.DMA0_IRQHandler
                0x1000022c        0x8 c:/workspace/ADI_Intern_Private/readTempSensor/readTemp_New/build/main.o
                0x1000022c                DMA0_IRQHandler
 .text.DMA1_IRQHandler
                0x10000234       0x14 c:/workspace/ADI_Intern_Private/readTempSensor/readTemp_New/build/main.o
                0x10000234                DMA1_IRQHandler
 .text.main     0x10000248      0x35c c:/workspace/ADI_Intern_Private/readTempSensor/readTemp_New/build/main.o
                0x10000248                main
 .text.mxc_assert
                0x100005a4       0x10 c:/workspace/ADI_Intern_Private/readTempSensor/readTemp_New/build/board.o
                0x100005a4                mxc_assert
 .text.GPIO0_IRQHandler
                0x100005b4        0xa c:/workspace/ADI_Intern_Private/readTempSensor/readTemp_New/build/board.o
                0x100005b4                GPIO0_IRQHandler
 .text.GPIO1_IRQHandler
                0x100005be        0xa c:/workspace/ADI_Intern_Private/readTempSensor/readTemp_New/build/board.o
                0x100005be                GPIO1_IRQHandler
 .text.GPIO2_IRQHandler
                0x100005c8        0xa c:/workspace/ADI_Intern_Private/readTempSensor/readTemp_New/build/board.o
                0x100005c8                GPIO2_IRQHandler
 *fill*         0x100005d2        0x2 
 .text.Console_Init
                0x100005d4       0x18 c:/workspace/ADI_Intern_Private/readTempSensor/readTemp_New/build/board.o
                0x100005d4                Console_Init
 .text.Board_Init
                0x100005ec       0x60 c:/workspace/ADI_Intern_Private/readTempSensor/readTemp_New/build/board.o
                0x100005ec                Board_Init
 .text.NMI_Handler
                0x1000064c        0x4 c:/workspace/ADI_Intern_Private/readTempSensor/readTemp_New/build/board.o
                0x1000064c                NMI_Handler
 .text._close   0x10000650        0x6 c:/workspace/ADI_Intern_Private/readTempSensor/readTemp_New/build/stdio.o
                0x10000650                _close
 .text._isatty  0x10000656        0x6 c:/workspace/ADI_Intern_Private/readTempSensor/readTemp_New/build/stdio.o
                0x10000656                _isatty
 .text._lseek   0x1000065c        0x6 c:/workspace/ADI_Intern_Private/readTempSensor/readTemp_New/build/stdio.o
                0x1000065c                _lseek
 .text._fstat   0x10000662        0x6 c:/workspace/ADI_Intern_Private/readTempSensor/readTemp_New/build/stdio.o
                0x10000662                _fstat
 .text._read    0x10000668       0x50 c:/workspace/ADI_Intern_Private/readTempSensor/readTemp_New/build/stdio.o
                0x10000668                _read
 .text._write   0x100006b8       0x44 c:/workspace/ADI_Intern_Private/readTempSensor/readTemp_New/build/stdio.o
                0x100006b8                _write
 .text.LED_Off  0x100006fc       0x44 c:/workspace/ADI_Intern_Private/readTempSensor/readTemp_New/build/led.o
                0x100006fc                LED_Off
 .text.LED_Init
                0x10000740       0x3c c:/workspace/ADI_Intern_Private/readTempSensor/readTemp_New/build/led.o
                0x10000740                LED_Init
 .text.PB_Init  0x1000077c       0x60 c:/workspace/ADI_Intern_Private/readTempSensor/readTemp_New/build/pb.o
                0x1000077c                PB_Init
 .text          0x100007dc      0x148 c:/workspace/ADI_Intern_Private/readTempSensor/readTemp_New/build/startup_max78000.o
                0x100007dc                Reset_Handler
                0x1000081a                HardFault_Handler
                0x1000081c                MemManage_Handler
                0x1000081e                BusFault_Handler
                0x10000820                UsageFault_Handler
                0x10000822                SVC_Handler
                0x10000824                DebugMon_Handler
                0x10000826                PendSV_Handler
                0x10000828                SysTick_Handler
                0x1000082a                Default_Handler
                0x1000082c                PF_IRQHandler
                0x1000082e                WDT0_IRQHandler
                0x10000830                RSV02_IRQHandler
                0x10000832                RTC_IRQHandler
                0x10000834                TRNG_IRQHandler
                0x10000836                TMR0_IRQHandler
                0x10000838                TMR1_IRQHandler
                0x1000083a                TMR2_IRQHandler
                0x1000083c                TMR3_IRQHandler
                0x1000083e                TMR4_IRQHandler
                0x10000840                TMR5_IRQHandler
                0x10000842                RSV11_IRQHandler
                0x10000844                RSV12_IRQHandler
                0x10000846                I2C0_IRQHandler
                0x10000848                UART0_IRQHandler
                0x1000084a                UART1_IRQHandler
                0x1000084c                SPI1_IRQHandler
                0x1000084e                RSV17_IRQHandler
                0x10000850                RSV18_IRQHandler
                0x10000852                RSV19_IRQHandler
                0x10000854                ADC_IRQHandler
                0x10000856                RSV21_IRQHandler
                0x10000858                RSV22_IRQHandler
                0x1000085a                FLC0_IRQHandler
                0x10000862                RSV27_IRQHandler
                0x10000868                DMA2_IRQHandler
                0x1000086a                DMA3_IRQHandler
                0x1000086c                RSV32_IRQHandler
                0x1000086e                RSV33_IRQHandler
                0x10000870                UART2_IRQHandler
                0x10000872                RSV35_IRQHandler
                0x10000874                I2C1_IRQHandler
                0x10000876                RSV37_IRQHandler
                0x10000878                RSV38_IRQHandler
                0x1000087a                RSV39_IRQHandler
                0x1000087c                RSV40_IRQHandler
                0x1000087e                RSV41_IRQHandler
                0x10000880                RSV42_IRQHandler
                0x10000882                RSV43_IRQHandler
                0x10000884                RSV44_IRQHandler
                0x10000886                RSV45_IRQHandler
                0x10000888                RSV46_IRQHandler
                0x1000088a                RSV47_IRQHandler
                0x1000088c                RSV48_IRQHandler
                0x1000088e                RSV49_IRQHandler
                0x10000890                RSV50_IRQHandler
                0x10000892                RSV51_IRQHandler
                0x10000894                RSV52_IRQHandler
                0x10000896                WUT_IRQHandler
                0x10000898                GPIOWAKE_IRQHandler
                0x1000089a                RSV55_IRQHandler
                0x1000089c                SPI0_IRQHandler
                0x1000089e                WDT1_IRQHandler
                0x100008a0                RSV58_IRQHandler
                0x100008a2                PT_IRQHandler
                0x100008a4                RSV60_IRQHandler
                0x100008a6                RSV61_IRQHandler
                0x100008a8                I2C2_IRQHandler
                0x100008aa                RISCV_IRQHandler
                0x100008ac                RSV64_IRQHandler
                0x100008ae                RSV65_IRQHandler
                0x100008b0                RSV66_IRQHandler
                0x100008b2                OWM_IRQHandler
                0x100008b4                RSV68_IRQHandler
                0x100008b6                RSV69_IRQHandler
                0x100008b8                RSV70_IRQHandler
                0x100008ba                RSV71_IRQHandler
                0x100008bc                RSV72_IRQHandler
                0x100008be                RSV73_IRQHandler
                0x100008c0                RSV74_IRQHandler
                0x100008c2                RSV75_IRQHandler
                0x100008c4                RSV76_IRQHandler
                0x100008c6                RSV77_IRQHandler
                0x100008c8                RSV78_IRQHandler
                0x100008ca                RSV79_IRQHandler
                0x100008cc                RSV80_IRQHandler
                0x100008ce                RSV81_IRQHandler
                0x100008d0                ECC_IRQHandler
                0x100008d2                DVS_IRQHandler
                0x100008d4                SIMO_IRQHandler
                0x100008d6                RSV85_IRQHandler
                0x100008d8                RSV86_IRQHandler
                0x100008da                RSV87_IRQHandler
                0x100008dc                UART3_IRQHandler
                0x100008de                RSV89_IRQHandler
                0x100008e0                RSV90_IRQHandler
                0x100008e2                PCIF_IRQHandler
                0x100008e4                RSV92_IRQHandler
                0x100008e6                RSV93_IRQHandler
                0x100008e8                RSV94_IRQHandler
                0x100008ea                RSV95_IRQHandler
                0x100008ec                RSV96_IRQHandler
                0x100008ee                AES_IRQHandler
                0x100008f0                RSV98_IRQHandler
                0x100008f2                I2S_IRQHandler
                0x100008f4                CNN_FIFO_IRQHandler
                0x100008f6                CNN_IRQHandler
                0x100008f8                RSV102_IRQHandler
                0x100008fa                LPCMP_IRQHandler
 .text._sbrk    0x10000924       0x40 c:/workspace/ADI_Intern_Private/readTempSensor/readTemp_New/build/heap.o
                0x10000924                _sbrk
 .text._getpid  0x10000964        0x6 c:/workspace/ADI_Intern_Private/readTempSensor/readTemp_New/build/system_max78000.o
                0x10000964                _getpid
 .text._kill    0x1000096a        0x6 c:/workspace/ADI_Intern_Private/readTempSensor/readTemp_New/build/system_max78000.o
                0x1000096a                _kill
 .text.SystemCoreClockUpdate
                0x10000970       0x74 c:/workspace/ADI_Intern_Private/readTempSensor/readTemp_New/build/system_max78000.o
                0x10000970                SystemCoreClockUpdate
 .text.PreInit  0x100009e4        0x4 c:/workspace/ADI_Intern_Private/readTempSensor/readTemp_New/build/system_max78000.o
                0x100009e4                PreInit
 .text.PinInit  0x100009e8        0x2 c:/workspace/ADI_Intern_Private/readTempSensor/readTemp_New/build/system_max78000.o
                0x100009e8                PinInit
 .text.PeripheralInit
                0x100009ea        0x4 c:/workspace/ADI_Intern_Private/readTempSensor/readTemp_New/build/system_max78000.o
                0x100009ea                PeripheralInit
 *fill*         0x100009ee        0x2 
 .text.SystemInit
                0x100009f0       0x40 c:/workspace/ADI_Intern_Private/readTempSensor/readTemp_New/build/system_max78000.o
                0x100009f0                SystemInit
 .text.MXC_SYS_ClockDisable
                0x10000a30       0x48 C:/workspace/msdk/Libraries/PeriphDrivers/bin/MAX78000/spi-v1_softfp/libPeriphDriver_spi-v1_softfp.a(sys_ai85.o)
                0x10000a30                MXC_SYS_ClockDisable
 .text.MXC_SYS_ClockEnable
                0x10000a78       0x50 C:/workspace/msdk/Libraries/PeriphDrivers/bin/MAX78000/spi-v1_softfp/libPeriphDriver_spi-v1_softfp.a(sys_ai85.o)
                0x10000a78                MXC_SYS_ClockEnable
 .text.MXC_SYS_Clock_Timeout
                0x10000ac8       0x30 C:/workspace/msdk/Libraries/PeriphDrivers/bin/MAX78000/spi-v1_softfp/libPeriphDriver_spi-v1_softfp.a(sys_ai85.o)
                0x10000ac8                MXC_SYS_Clock_Timeout
 .text.MXC_SYS_ClockSourceEnable
                0x10000af8       0x88 C:/workspace/msdk/Libraries/PeriphDrivers/bin/MAX78000/spi-v1_softfp/libPeriphDriver_spi-v1_softfp.a(sys_ai85.o)
                0x10000af8                MXC_SYS_ClockSourceEnable
 .text.MXC_SYS_Reset_Periph
                0x10000b80       0x58 C:/workspace/msdk/Libraries/PeriphDrivers/bin/MAX78000/spi-v1_softfp/libPeriphDriver_spi-v1_softfp.a(sys_ai85.o)
                0x10000b80                MXC_SYS_Reset_Periph
 .text.MXC_DMA_ChannelClearFlags
                0x10000bd8        0x8 C:/workspace/msdk/Libraries/PeriphDrivers/bin/MAX78000/spi-v1_softfp/libPeriphDriver_spi-v1_softfp.a(dma_me17.o)
                0x10000bd8                MXC_DMA_ChannelClearFlags
 .text.MXC_DMA_Handler
                0x10000be0       0x10 C:/workspace/msdk/Libraries/PeriphDrivers/bin/MAX78000/spi-v1_softfp/libPeriphDriver_spi-v1_softfp.a(dma_me17.o)
                0x10000be0                MXC_DMA_Handler
 .text.MXC_DMA_RevA_ReleaseChannel
                0x10000bf0       0x60 C:/workspace/msdk/Libraries/PeriphDrivers/bin/MAX78000/spi-v1_softfp/libPeriphDriver_spi-v1_softfp.a(dma_reva.o)
                0x10000bf0                MXC_DMA_RevA_ReleaseChannel
 .text.MXC_DMA_RevA_ChannelGetFlags
                0x10000c50       0x30 C:/workspace/msdk/Libraries/PeriphDrivers/bin/MAX78000/spi-v1_softfp/libPeriphDriver_spi-v1_softfp.a(dma_reva.o)
                0x10000c50                MXC_DMA_RevA_ChannelGetFlags
 .text.MXC_DMA_RevA_ChannelClearFlags
                0x10000c80       0x38 C:/workspace/msdk/Libraries/PeriphDrivers/bin/MAX78000/spi-v1_softfp/libPeriphDriver_spi-v1_softfp.a(dma_reva.o)
                0x10000c80                MXC_DMA_RevA_ChannelClearFlags
 .text.MXC_DMA_RevA_Handler
                0x10000cb8       0x94 C:/workspace/msdk/Libraries/PeriphDrivers/bin/MAX78000/spi-v1_softfp/libPeriphDriver_spi-v1_softfp.a(dma_reva.o)
                0x10000cb8                MXC_DMA_RevA_Handler
 .text.MXC_GPIO_Init
                0x10000d4c       0x36 C:/workspace/msdk/Libraries/PeriphDrivers/bin/MAX78000/spi-v1_softfp/libPeriphDriver_spi-v1_softfp.a(gpio_ai85.o)
                0x10000d4c                MXC_GPIO_Init
 *fill*         0x10000d82        0x2 
 .text.MXC_GPIO_OutSet
                0x10000d84       0x2c C:/workspace/msdk/Libraries/PeriphDrivers/bin/MAX78000/spi-v1_softfp/libPeriphDriver_spi-v1_softfp.a(gpio_ai85.o)
                0x10000d84                MXC_GPIO_OutSet
 .text.MXC_GPIO_Handler
                0x10000db0        0x8 C:/workspace/msdk/Libraries/PeriphDrivers/bin/MAX78000/spi-v1_softfp/libPeriphDriver_spi-v1_softfp.a(gpio_ai85.o)
                0x10000db0                MXC_GPIO_Handler
 .text.MXC_GPIO_ClearFlags
                0x10000db8       0x1c C:/workspace/msdk/Libraries/PeriphDrivers/bin/MAX78000/spi-v1_softfp/libPeriphDriver_spi-v1_softfp.a(gpio_ai85.o)
                0x10000db8                MXC_GPIO_ClearFlags
 .text.MXC_GPIO_GetFlags
                0x10000dd4       0x1c C:/workspace/msdk/Libraries/PeriphDrivers/bin/MAX78000/spi-v1_softfp/libPeriphDriver_spi-v1_softfp.a(gpio_ai85.o)
                0x10000dd4                MXC_GPIO_GetFlags
 .text.MXC_GPIO_SetVSSEL
                0x10000df0       0x20 C:/workspace/msdk/Libraries/PeriphDrivers/bin/MAX78000/spi-v1_softfp/libPeriphDriver_spi-v1_softfp.a(gpio_ai85.o)
                0x10000df0                MXC_GPIO_SetVSSEL
 .text.MXC_GPIO_SetDriveStrength
                0x10000e10        0x8 C:/workspace/msdk/Libraries/PeriphDrivers/bin/MAX78000/spi-v1_softfp/libPeriphDriver_spi-v1_softfp.a(gpio_ai85.o)
                0x10000e10                MXC_GPIO_SetDriveStrength
 .text.MXC_GPIO_GetConfigLock
                0x10000e18        0x8 C:/workspace/msdk/Libraries/PeriphDrivers/bin/MAX78000/spi-v1_softfp/libPeriphDriver_spi-v1_softfp.a(gpio_ai85.o)
                0x10000e18                MXC_GPIO_GetConfigLock
 .text.MXC_GPIO_Config
                0x10000e20      0x290 C:/workspace/msdk/Libraries/PeriphDrivers/bin/MAX78000/spi-v1_softfp/libPeriphDriver_spi-v1_softfp.a(gpio_ai85.o)
                0x10000e20                MXC_GPIO_Config
 .text.MXC_GPIO_RevA_OutSet
                0x100010b0        0x4 C:/workspace/msdk/Libraries/PeriphDrivers/bin/MAX78000/spi-v1_softfp/libPeriphDriver_spi-v1_softfp.a(gpio_reva.o)
                0x100010b0                MXC_GPIO_RevA_OutSet
 .text.MXC_GPIO_RevA_ClearFlags
                0x100010b4        0x4 C:/workspace/msdk/Libraries/PeriphDrivers/bin/MAX78000/spi-v1_softfp/libPeriphDriver_spi-v1_softfp.a(gpio_reva.o)
                0x100010b4                MXC_GPIO_RevA_ClearFlags
 .text.MXC_GPIO_RevA_GetFlags
                0x100010b8        0x4 C:/workspace/msdk/Libraries/PeriphDrivers/bin/MAX78000/spi-v1_softfp/libPeriphDriver_spi-v1_softfp.a(gpio_reva.o)
                0x100010b8                MXC_GPIO_RevA_GetFlags
 .text.MXC_GPIO_RevA_SetVSSEL
                0x100010bc       0x3e C:/workspace/msdk/Libraries/PeriphDrivers/bin/MAX78000/spi-v1_softfp/libPeriphDriver_spi-v1_softfp.a(gpio_reva.o)
                0x100010bc                MXC_GPIO_RevA_SetVSSEL
 .text.MXC_GPIO_RevA_SetAF
                0x100010fa       0x88 C:/workspace/msdk/Libraries/PeriphDrivers/bin/MAX78000/spi-v1_softfp/libPeriphDriver_spi-v1_softfp.a(gpio_reva.o)
                0x100010fa                MXC_GPIO_RevA_SetAF
 .text.MXC_GPIO_RevA_SetDriveStrength
                0x10001182       0x98 C:/workspace/msdk/Libraries/PeriphDrivers/bin/MAX78000/spi-v1_softfp/libPeriphDriver_spi-v1_softfp.a(gpio_reva.o)
                0x10001182                MXC_GPIO_RevA_SetDriveStrength
 .text.MXC_ICC_Enable
                0x1000121a        0x8 C:/workspace/msdk/Libraries/PeriphDrivers/bin/MAX78000/spi-v1_softfp/libPeriphDriver_spi-v1_softfp.a(icc_me17.o)
                0x1000121a                MXC_ICC_Enable
 .text.MXC_ICC_Ready
                0x10001222        0xa C:/workspace/msdk/Libraries/PeriphDrivers/bin/MAX78000/spi-v1_softfp/libPeriphDriver_spi-v1_softfp.a(icc_reva.o)
 .text.MXC_ICC_RevA_Enable
                0x1000122c       0x38 C:/workspace/msdk/Libraries/PeriphDrivers/bin/MAX78000/spi-v1_softfp/libPeriphDriver_spi-v1_softfp.a(icc_reva.o)
                0x1000122c                MXC_ICC_RevA_Enable
 .text.MXC_SPI_Init
                0x10001264      0x1dc C:/workspace/msdk/Libraries/PeriphDrivers/bin/MAX78000/spi-v1_softfp/libPeriphDriver_spi-v1_softfp.a(spi_me17.o)
                0x10001264                MXC_SPI_Init
 .text.MXC_SPI_Shutdown
                0x10001440       0x58 C:/workspace/msdk/Libraries/PeriphDrivers/bin/MAX78000/spi-v1_softfp/libPeriphDriver_spi-v1_softfp.a(spi_me17.o)
                0x10001440                MXC_SPI_Shutdown
 .text.MXC_SPI_GetPeripheralClock
                0x10001498       0x74 C:/workspace/msdk/Libraries/PeriphDrivers/bin/MAX78000/spi-v1_softfp/libPeriphDriver_spi-v1_softfp.a(spi_me17.o)
                0x10001498                MXC_SPI_GetPeripheralClock
 .text.MXC_SPI_SetFrequency
                0x1000150c        0x8 C:/workspace/msdk/Libraries/PeriphDrivers/bin/MAX78000/spi-v1_softfp/libPeriphDriver_spi-v1_softfp.a(spi_me17.o)
                0x1000150c                MXC_SPI_SetFrequency
 .text.MXC_SPI_SetDataSize
                0x10001514        0x8 C:/workspace/msdk/Libraries/PeriphDrivers/bin/MAX78000/spi-v1_softfp/libPeriphDriver_spi-v1_softfp.a(spi_me17.o)
                0x10001514                MXC_SPI_SetDataSize
 .text.MXC_SPI_GetDataSize
                0x1000151c        0x8 C:/workspace/msdk/Libraries/PeriphDrivers/bin/MAX78000/spi-v1_softfp/libPeriphDriver_spi-v1_softfp.a(spi_me17.o)
                0x1000151c                MXC_SPI_GetDataSize
 .text.MXC_SPI_SetSlave
                0x10001524        0x8 C:/workspace/msdk/Libraries/PeriphDrivers/bin/MAX78000/spi-v1_softfp/libPeriphDriver_spi-v1_softfp.a(spi_me17.o)
                0x10001524                MXC_SPI_SetSlave
 .text.MXC_SPI_SetWidth
                0x1000152c        0x8 C:/workspace/msdk/Libraries/PeriphDrivers/bin/MAX78000/spi-v1_softfp/libPeriphDriver_spi-v1_softfp.a(spi_me17.o)
                0x1000152c                MXC_SPI_SetWidth
 .text.MXC_SPI_GetWidth
                0x10001534        0x8 C:/workspace/msdk/Libraries/PeriphDrivers/bin/MAX78000/spi-v1_softfp/libPeriphDriver_spi-v1_softfp.a(spi_me17.o)
                0x10001534                MXC_SPI_GetWidth
 .text.MXC_SPI_SetMode
                0x1000153c        0x8 C:/workspace/msdk/Libraries/PeriphDrivers/bin/MAX78000/spi-v1_softfp/libPeriphDriver_spi-v1_softfp.a(spi_me17.o)
                0x1000153c                MXC_SPI_SetMode
 .text.MXC_SPI_StartTransmission
                0x10001544        0x8 C:/workspace/msdk/Libraries/PeriphDrivers/bin/MAX78000/spi-v1_softfp/libPeriphDriver_spi-v1_softfp.a(spi_me17.o)
                0x10001544                MXC_SPI_StartTransmission
 .text.MXC_SPI_GetActive
                0x1000154c        0x8 C:/workspace/msdk/Libraries/PeriphDrivers/bin/MAX78000/spi-v1_softfp/libPeriphDriver_spi-v1_softfp.a(spi_me17.o)
                0x1000154c                MXC_SPI_GetActive
 .text.MXC_SPI_ReadRXFIFO
                0x10001554        0x8 C:/workspace/msdk/Libraries/PeriphDrivers/bin/MAX78000/spi-v1_softfp/libPeriphDriver_spi-v1_softfp.a(spi_me17.o)
                0x10001554                MXC_SPI_ReadRXFIFO
 .text.MXC_SPI_GetRXFIFOAvailable
                0x1000155c        0x8 C:/workspace/msdk/Libraries/PeriphDrivers/bin/MAX78000/spi-v1_softfp/libPeriphDriver_spi-v1_softfp.a(spi_me17.o)
                0x1000155c                MXC_SPI_GetRXFIFOAvailable
 .text.MXC_SPI_WriteTXFIFO
                0x10001564        0x8 C:/workspace/msdk/Libraries/PeriphDrivers/bin/MAX78000/spi-v1_softfp/libPeriphDriver_spi-v1_softfp.a(spi_me17.o)
                0x10001564                MXC_SPI_WriteTXFIFO
 .text.MXC_SPI_GetTXFIFOAvailable
                0x1000156c        0x8 C:/workspace/msdk/Libraries/PeriphDrivers/bin/MAX78000/spi-v1_softfp/libPeriphDriver_spi-v1_softfp.a(spi_me17.o)
                0x1000156c                MXC_SPI_GetTXFIFOAvailable
 .text.MXC_SPI_ClearRXFIFO
                0x10001574        0x8 C:/workspace/msdk/Libraries/PeriphDrivers/bin/MAX78000/spi-v1_softfp/libPeriphDriver_spi-v1_softfp.a(spi_me17.o)
                0x10001574                MXC_SPI_ClearRXFIFO
 .text.MXC_SPI_SetRXThreshold
                0x1000157c        0x8 C:/workspace/msdk/Libraries/PeriphDrivers/bin/MAX78000/spi-v1_softfp/libPeriphDriver_spi-v1_softfp.a(spi_me17.o)
                0x1000157c                MXC_SPI_SetRXThreshold
 .text.MXC_SPI_SetTXThreshold
                0x10001584        0x8 C:/workspace/msdk/Libraries/PeriphDrivers/bin/MAX78000/spi-v1_softfp/libPeriphDriver_spi-v1_softfp.a(spi_me17.o)
                0x10001584                MXC_SPI_SetTXThreshold
 .text.MXC_SPI_MasterTransaction
                0x1000158c        0x8 C:/workspace/msdk/Libraries/PeriphDrivers/bin/MAX78000/spi-v1_softfp/libPeriphDriver_spi-v1_softfp.a(spi_me17.o)
                0x1000158c                MXC_SPI_MasterTransaction
 .text.MXC_SPI_RevA1_TransSetup
                0x10001594      0x1c4 C:/workspace/msdk/Libraries/PeriphDrivers/bin/MAX78000/spi-v1_softfp/libPeriphDriver_spi-v1_softfp.a(spi_reva1.o)
 .text.MXC_SPI_RevA1_TransHandler
                0x10001758      0x18c C:/workspace/msdk/Libraries/PeriphDrivers/bin/MAX78000/spi-v1_softfp/libPeriphDriver_spi-v1_softfp.a(spi_reva1.o)
 .text.MXC_SPI_RevA1_MasterTransHandler
                0x100018e4       0x98 C:/workspace/msdk/Libraries/PeriphDrivers/bin/MAX78000/spi-v1_softfp/libPeriphDriver_spi-v1_softfp.a(spi_reva1.o)
 .text.MXC_SPI_RevA1_Init
                0x1000197c      0x104 C:/workspace/msdk/Libraries/PeriphDrivers/bin/MAX78000/spi-v1_softfp/libPeriphDriver_spi-v1_softfp.a(spi_reva1.o)
                0x1000197c                MXC_SPI_RevA1_Init
 .text.MXC_SPI_RevA1_Shutdown
                0x10001a80       0xc8 C:/workspace/msdk/Libraries/PeriphDrivers/bin/MAX78000/spi-v1_softfp/libPeriphDriver_spi-v1_softfp.a(spi_reva1.o)
                0x10001a80                MXC_SPI_RevA1_Shutdown
 .text.MXC_SPI_RevA1_SetFrequency
                0x10001b48       0x84 C:/workspace/msdk/Libraries/PeriphDrivers/bin/MAX78000/spi-v1_softfp/libPeriphDriver_spi-v1_softfp.a(spi_reva1.o)
                0x10001b48                MXC_SPI_RevA1_SetFrequency
 .text.MXC_SPI_RevA1_SetDataSize
                0x10001bcc       0x9c C:/workspace/msdk/Libraries/PeriphDrivers/bin/MAX78000/spi-v1_softfp/libPeriphDriver_spi-v1_softfp.a(spi_reva1.o)
                0x10001bcc                MXC_SPI_RevA1_SetDataSize
 .text.MXC_SPI_RevA1_GetDataSize
                0x10001c68       0x14 C:/workspace/msdk/Libraries/PeriphDrivers/bin/MAX78000/spi-v1_softfp/libPeriphDriver_spi-v1_softfp.a(spi_reva1.o)
                0x10001c68                MXC_SPI_RevA1_GetDataSize
 .text.MXC_SPI_RevA1_SetSlave
                0x10001c7c       0x74 C:/workspace/msdk/Libraries/PeriphDrivers/bin/MAX78000/spi-v1_softfp/libPeriphDriver_spi-v1_softfp.a(spi_reva1.o)
                0x10001c7c                MXC_SPI_RevA1_SetSlave
 .text.MXC_SPI_RevA1_SetWidth
                0x10001cf0       0x3a C:/workspace/msdk/Libraries/PeriphDrivers/bin/MAX78000/spi-v1_softfp/libPeriphDriver_spi-v1_softfp.a(spi_reva1.o)
                0x10001cf0                MXC_SPI_RevA1_SetWidth
 .text.MXC_SPI_RevA1_GetWidth
                0x10001d2a       0x28 C:/workspace/msdk/Libraries/PeriphDrivers/bin/MAX78000/spi-v1_softfp/libPeriphDriver_spi-v1_softfp.a(spi_reva1.o)
                0x10001d2a                MXC_SPI_RevA1_GetWidth
 .text.MXC_SPI_RevA1_SetMode
                0x10001d52       0x56 C:/workspace/msdk/Libraries/PeriphDrivers/bin/MAX78000/spi-v1_softfp/libPeriphDriver_spi-v1_softfp.a(spi_reva1.o)
                0x10001d52                MXC_SPI_RevA1_SetMode
 .text.MXC_SPI_RevA1_StartTransmission
                0x10001da8       0x1a C:/workspace/msdk/Libraries/PeriphDrivers/bin/MAX78000/spi-v1_softfp/libPeriphDriver_spi-v1_softfp.a(spi_reva1.o)
                0x10001da8                MXC_SPI_RevA1_StartTransmission
 .text.MXC_SPI_RevA1_GetActive
                0x10001dc2       0x12 C:/workspace/msdk/Libraries/PeriphDrivers/bin/MAX78000/spi-v1_softfp/libPeriphDriver_spi-v1_softfp.a(spi_reva1.o)
                0x10001dc2                MXC_SPI_RevA1_GetActive
 .text.MXC_SPI_RevA1_ReadRXFIFO
                0x10001dd4       0x64 C:/workspace/msdk/Libraries/PeriphDrivers/bin/MAX78000/spi-v1_softfp/libPeriphDriver_spi-v1_softfp.a(spi_reva1.o)
                0x10001dd4                MXC_SPI_RevA1_ReadRXFIFO
 .text.MXC_SPI_RevA1_GetRXFIFOAvailable
                0x10001e38        0x8 C:/workspace/msdk/Libraries/PeriphDrivers/bin/MAX78000/spi-v1_softfp/libPeriphDriver_spi-v1_softfp.a(spi_reva1.o)
                0x10001e38                MXC_SPI_RevA1_GetRXFIFOAvailable
 .text.MXC_SPI_RevA1_WriteTXFIFO
                0x10001e40       0x60 C:/workspace/msdk/Libraries/PeriphDrivers/bin/MAX78000/spi-v1_softfp/libPeriphDriver_spi-v1_softfp.a(spi_reva1.o)
                0x10001e40                MXC_SPI_RevA1_WriteTXFIFO
 .text.MXC_SPI_RevA1_GetTXFIFOAvailable
                0x10001ea0        0xc C:/workspace/msdk/Libraries/PeriphDrivers/bin/MAX78000/spi-v1_softfp/libPeriphDriver_spi-v1_softfp.a(spi_reva1.o)
                0x10001ea0                MXC_SPI_RevA1_GetTXFIFOAvailable
 .text.MXC_SPI_RevA1_ClearRXFIFO
                0x10001eac        0xa C:/workspace/msdk/Libraries/PeriphDrivers/bin/MAX78000/spi-v1_softfp/libPeriphDriver_spi-v1_softfp.a(spi_reva1.o)
                0x10001eac                MXC_SPI_RevA1_ClearRXFIFO
 .text.MXC_SPI_RevA1_SetRXThreshold
                0x10001eb6       0x1e C:/workspace/msdk/Libraries/PeriphDrivers/bin/MAX78000/spi-v1_softfp/libPeriphDriver_spi-v1_softfp.a(spi_reva1.o)
                0x10001eb6                MXC_SPI_RevA1_SetRXThreshold
 .text.MXC_SPI_RevA1_SetTXThreshold
                0x10001ed4       0x1e C:/workspace/msdk/Libraries/PeriphDrivers/bin/MAX78000/spi-v1_softfp/libPeriphDriver_spi-v1_softfp.a(spi_reva1.o)
                0x10001ed4                MXC_SPI_RevA1_SetTXThreshold
 *fill*         0x10001ef2        0x2 
 .text.MXC_SPI_RevA1_MasterTransaction
                0x10001ef4       0x5c C:/workspace/msdk/Libraries/PeriphDrivers/bin/MAX78000/spi-v1_softfp/libPeriphDriver_spi-v1_softfp.a(spi_reva1.o)
                0x10001ef4                MXC_SPI_RevA1_MasterTransaction
 .text.MXC_UART_Shutdown
                0x10001f50       0x70 C:/workspace/msdk/Libraries/PeriphDrivers/bin/MAX78000/spi-v1_softfp/libPeriphDriver_spi-v1_softfp.a(uart_ai85.o)
                0x10001f50                MXC_UART_Shutdown
 .text.MXC_UART_SetFrequency
                0x10001fc0       0xa4 C:/workspace/msdk/Libraries/PeriphDrivers/bin/MAX78000/spi-v1_softfp/libPeriphDriver_spi-v1_softfp.a(uart_ai85.o)
                0x10001fc0                MXC_UART_SetFrequency
 .text.MXC_UART_SetDataSize
                0x10002064        0x8 C:/workspace/msdk/Libraries/PeriphDrivers/bin/MAX78000/spi-v1_softfp/libPeriphDriver_spi-v1_softfp.a(uart_ai85.o)
                0x10002064                MXC_UART_SetDataSize
 .text.MXC_UART_SetStopBits
                0x1000206c        0x8 C:/workspace/msdk/Libraries/PeriphDrivers/bin/MAX78000/spi-v1_softfp/libPeriphDriver_spi-v1_softfp.a(uart_ai85.o)
                0x1000206c                MXC_UART_SetStopBits
 .text.MXC_UART_SetParity
                0x10002074        0x8 C:/workspace/msdk/Libraries/PeriphDrivers/bin/MAX78000/spi-v1_softfp/libPeriphDriver_spi-v1_softfp.a(uart_ai85.o)
                0x10002074                MXC_UART_SetParity
 .text.MXC_UART_SetClockSource
                0x1000207c       0x70 C:/workspace/msdk/Libraries/PeriphDrivers/bin/MAX78000/spi-v1_softfp/libPeriphDriver_spi-v1_softfp.a(uart_ai85.o)
                0x1000207c                MXC_UART_SetClockSource
 .text.MXC_UART_GetClockSource
                0x100020ec       0x50 C:/workspace/msdk/Libraries/PeriphDrivers/bin/MAX78000/spi-v1_softfp/libPeriphDriver_spi-v1_softfp.a(uart_ai85.o)
                0x100020ec                MXC_UART_GetClockSource
 .text.MXC_UART_Init
                0x1000213c       0xa8 C:/workspace/msdk/Libraries/PeriphDrivers/bin/MAX78000/spi-v1_softfp/libPeriphDriver_spi-v1_softfp.a(uart_ai85.o)
                0x1000213c                MXC_UART_Init
 .text.MXC_UART_ReadCharacterRaw
                0x100021e4        0x8 C:/workspace/msdk/Libraries/PeriphDrivers/bin/MAX78000/spi-v1_softfp/libPeriphDriver_spi-v1_softfp.a(uart_ai85.o)
                0x100021e4                MXC_UART_ReadCharacterRaw
 .text.MXC_UART_WriteCharacterRaw
                0x100021ec        0x8 C:/workspace/msdk/Libraries/PeriphDrivers/bin/MAX78000/spi-v1_softfp/libPeriphDriver_spi-v1_softfp.a(uart_ai85.o)
                0x100021ec                MXC_UART_WriteCharacterRaw
 .text.MXC_UART_ReadCharacter
                0x100021f4        0x8 C:/workspace/msdk/Libraries/PeriphDrivers/bin/MAX78000/spi-v1_softfp/libPeriphDriver_spi-v1_softfp.a(uart_ai85.o)
                0x100021f4                MXC_UART_ReadCharacter
 .text.MXC_UART_WriteCharacter
                0x100021fc        0x8 C:/workspace/msdk/Libraries/PeriphDrivers/bin/MAX78000/spi-v1_softfp/libPeriphDriver_spi-v1_softfp.a(uart_ai85.o)
                0x100021fc                MXC_UART_WriteCharacter
 .text.MXC_UART_GetRXFIFOAvailable
                0x10002204        0x8 C:/workspace/msdk/Libraries/PeriphDrivers/bin/MAX78000/spi-v1_softfp/libPeriphDriver_spi-v1_softfp.a(uart_ai85.o)
                0x10002204                MXC_UART_GetRXFIFOAvailable
 .text.MXC_UART_GetTXFIFOAvailable
                0x1000220c        0x8 C:/workspace/msdk/Libraries/PeriphDrivers/bin/MAX78000/spi-v1_softfp/libPeriphDriver_spi-v1_softfp.a(uart_ai85.o)
                0x1000220c                MXC_UART_GetTXFIFOAvailable
 .text.MXC_UART_SetRXThreshold
                0x10002214        0x8 C:/workspace/msdk/Libraries/PeriphDrivers/bin/MAX78000/spi-v1_softfp/libPeriphDriver_spi-v1_softfp.a(uart_ai85.o)
                0x10002214                MXC_UART_SetRXThreshold
 .text.MXC_UART_Common_ReadCharacter
                0x1000221c       0x16 C:/workspace/msdk/Libraries/PeriphDrivers/bin/MAX78000/spi-v1_softfp/libPeriphDriver_spi-v1_softfp.a(uart_common.o)
                0x1000221c                MXC_UART_Common_ReadCharacter
 .text.MXC_UART_Common_WriteCharacter
                0x10002232       0x1a C:/workspace/msdk/Libraries/PeriphDrivers/bin/MAX78000/spi-v1_softfp/libPeriphDriver_spi-v1_softfp.a(uart_common.o)
                0x10002232                MXC_UART_Common_WriteCharacter
 .text.MXC_UART_RevB_Init
                0x1000224c       0xe0 C:/workspace/msdk/Libraries/PeriphDrivers/bin/MAX78000/spi-v1_softfp/libPeriphDriver_spi-v1_softfp.a(uart_revb.o)
                0x1000224c                MXC_UART_RevB_Init
 .text.MXC_UART_RevB_SetFrequency
                0x1000232c       0x1e C:/workspace/msdk/Libraries/PeriphDrivers/bin/MAX78000/spi-v1_softfp/libPeriphDriver_spi-v1_softfp.a(uart_revb.o)
                0x1000232c                MXC_UART_RevB_SetFrequency
 .text.MXC_UART_RevB_SetDataSize
                0x1000234a       0x20 C:/workspace/msdk/Libraries/PeriphDrivers/bin/MAX78000/spi-v1_softfp/libPeriphDriver_spi-v1_softfp.a(uart_revb.o)
                0x1000234a                MXC_UART_RevB_SetDataSize
 .text.MXC_UART_RevB_SetStopBits
                0x1000236a       0x24 C:/workspace/msdk/Libraries/PeriphDrivers/bin/MAX78000/spi-v1_softfp/libPeriphDriver_spi-v1_softfp.a(uart_revb.o)
                0x1000236a                MXC_UART_RevB_SetStopBits
 .text.MXC_UART_RevB_SetParity
                0x1000238e       0x90 C:/workspace/msdk/Libraries/PeriphDrivers/bin/MAX78000/spi-v1_softfp/libPeriphDriver_spi-v1_softfp.a(uart_revb.o)
                0x1000238e                MXC_UART_RevB_SetParity
 *fill*         0x1000241e        0x2 
 .text.MXC_UART_RevB_SetClockSource
                0x10002420       0x98 C:/workspace/msdk/Libraries/PeriphDrivers/bin/MAX78000/spi-v1_softfp/libPeriphDriver_spi-v1_softfp.a(uart_revb.o)
                0x10002420                MXC_UART_RevB_SetClockSource
 .text.MXC_UART_RevB_GetClockSource
                0x100024b8        0x8 C:/workspace/msdk/Libraries/PeriphDrivers/bin/MAX78000/spi-v1_softfp/libPeriphDriver_spi-v1_softfp.a(uart_revb.o)
                0x100024b8                MXC_UART_RevB_GetClockSource
 .text.MXC_UART_RevB_ReadCharacterRaw
                0x100024c0       0x12 C:/workspace/msdk/Libraries/PeriphDrivers/bin/MAX78000/spi-v1_softfp/libPeriphDriver_spi-v1_softfp.a(uart_revb.o)
                0x100024c0                MXC_UART_RevB_ReadCharacterRaw
 .text.MXC_UART_RevB_WriteCharacterRaw
                0x100024d2       0x14 C:/workspace/msdk/Libraries/PeriphDrivers/bin/MAX78000/spi-v1_softfp/libPeriphDriver_spi-v1_softfp.a(uart_revb.o)
                0x100024d2                MXC_UART_RevB_WriteCharacterRaw
 .text.MXC_UART_RevB_GetRXFIFOAvailable
                0x100024e6        0x8 C:/workspace/msdk/Libraries/PeriphDrivers/bin/MAX78000/spi-v1_softfp/libPeriphDriver_spi-v1_softfp.a(uart_revb.o)
                0x100024e6                MXC_UART_RevB_GetRXFIFOAvailable
 .text.MXC_UART_RevB_GetTXFIFOAvailable
                0x100024ee        0xc C:/workspace/msdk/Libraries/PeriphDrivers/bin/MAX78000/spi-v1_softfp/libPeriphDriver_spi-v1_softfp.a(uart_revb.o)
                0x100024ee                MXC_UART_RevB_GetTXFIFOAvailable
 .text.MXC_UART_RevB_SetRXThreshold
                0x100024fa       0x1e C:/workspace/msdk/Libraries/PeriphDrivers/bin/MAX78000/spi-v1_softfp/libPeriphDriver_spi-v1_softfp.a(uart_revb.o)
                0x100024fa                MXC_UART_RevB_SetRXThreshold
 .text.MXC_DelayInit
                0x10002518       0x84 C:/workspace/msdk/Libraries/PeriphDrivers/bin/MAX78000/spi-v1_softfp/libPeriphDriver_spi-v1_softfp.a(mxc_delay.o)
 .text.MXC_DelayAsync
                0x1000259c       0x44 C:/workspace/msdk/Libraries/PeriphDrivers/bin/MAX78000/spi-v1_softfp/libPeriphDriver_spi-v1_softfp.a(mxc_delay.o)
                0x1000259c                MXC_DelayAsync
 .text.MXC_DelayAbort
                0x100025e0       0x34 C:/workspace/msdk/Libraries/PeriphDrivers/bin/MAX78000/spi-v1_softfp/libPeriphDriver_spi-v1_softfp.a(mxc_delay.o)
                0x100025e0                MXC_DelayAbort
 .text.MXC_DelayCheck
                0x10002614       0x64 C:/workspace/msdk/Libraries/PeriphDrivers/bin/MAX78000/spi-v1_softfp/libPeriphDriver_spi-v1_softfp.a(mxc_delay.o)
                0x10002614                MXC_DelayCheck
 .text.MXC_Delay
                0x10002678       0x58 C:/workspace/msdk/Libraries/PeriphDrivers/bin/MAX78000/spi-v1_softfp/libPeriphDriver_spi-v1_softfp.a(mxc_delay.o)
                0x10002678                MXC_Delay
 .text.MXC_GetLock
                0x100026d0       0x1c C:/workspace/msdk/Libraries/PeriphDrivers/bin/MAX78000/spi-v1_softfp/libPeriphDriver_spi-v1_softfp.a(mxc_lock.o)
                0x100026d0                MXC_GetLock
 .text.MXC_FreeLock
                0x100026ec        0xa C:/workspace/msdk/Libraries/PeriphDrivers/bin/MAX78000/spi-v1_softfp/libPeriphDriver_spi-v1_softfp.a(mxc_lock.o)
                0x100026ec                MXC_FreeLock
 *fill*         0x100026f6        0x2 
 .text.MXC_GPIO_Common_Init
                0x100026f8       0x40 C:/workspace/msdk/Libraries/PeriphDrivers/bin/MAX78000/spi-v1_softfp/libPeriphDriver_spi-v1_softfp.a(gpio_common.o)
                0x100026f8                MXC_GPIO_Common_Init
 .text.MXC_GPIO_Common_Handler
                0x10002738       0x90 C:/workspace/msdk/Libraries/PeriphDrivers/bin/MAX78000/spi-v1_softfp/libPeriphDriver_spi-v1_softfp.a(gpio_common.o)
                0x10002738                MXC_GPIO_Common_Handler
 .text.MXC_GPIO_Common_GetConfigLock
                0x100027c8        0xc C:/workspace/msdk/Libraries/PeriphDrivers/bin/MAX78000/spi-v1_softfp/libPeriphDriver_spi-v1_softfp.a(gpio_common.o)
                0x100027c8                MXC_GPIO_Common_GetConfigLock
 .text.__errno  0x100027d4        0xc c:/workspace/msdk/tools/gnutools/10.3/bin/../lib/gcc/arm-none-eabi/10.3.1/../../../../arm-none-eabi/lib/thumb/v7e-m+fp/softfp\libc.a(lib_a-errno.o)
                0x100027d4                __errno
 .text.__libc_init_array
                0x100027e0       0x48 c:/workspace/msdk/tools/gnutools/10.3/bin/../lib/gcc/arm-none-eabi/10.3.1/../../../../arm-none-eabi/lib/thumb/v7e-m+fp/softfp\libc.a(lib_a-init.o)
                0x100027e0                __libc_init_array
 .text.malloc   0x10002828       0x10 c:/workspace/msdk/tools/gnutools/10.3/bin/../lib/gcc/arm-none-eabi/10.3.1/../../../../arm-none-eabi/lib/thumb/v7e-m+fp/softfp\libc.a(lib_a-malloc.o)
                0x10002828                malloc
 .text._malloc_r
                0x10002838      0x560 c:/workspace/msdk/tools/gnutools/10.3/bin/../lib/gcc/arm-none-eabi/10.3.1/../../../../arm-none-eabi/lib/thumb/v7e-m+fp/softfp\libc.a(lib_a-mallocr.o)
                0x10002838                _malloc_r
 .text          0x10002d98      0x134 c:/workspace/msdk/tools/gnutools/10.3/bin/../lib/gcc/arm-none-eabi/10.3.1/../../../../arm-none-eabi/lib/thumb/v7e-m+fp/softfp\libc.a(lib_a-memcpy.o)
                0x10002d98                memcpy
 .text.memset   0x10002ecc       0xa4 c:/workspace/msdk/tools/gnutools/10.3/bin/../lib/gcc/arm-none-eabi/10.3.1/../../../../arm-none-eabi/lib/thumb/v7e-m+fp/softfp\libc.a(lib_a-memset.o)
                0x10002ecc                memset
 .text.__malloc_lock
                0x10002f70        0xc c:/workspace/msdk/tools/gnutools/10.3/bin/../lib/gcc/arm-none-eabi/10.3.1/../../../../arm-none-eabi/lib/thumb/v7e-m+fp/softfp\libc.a(lib_a-mlock.o)
                0x10002f70                __malloc_lock
 .text.__malloc_unlock
                0x10002f7c        0xc c:/workspace/msdk/tools/gnutools/10.3/bin/../lib/gcc/arm-none-eabi/10.3.1/../../../../arm-none-eabi/lib/thumb/v7e-m+fp/softfp\libc.a(lib_a-mlock.o)
                0x10002f7c                __malloc_unlock
 .text.printf   0x10002f88       0x28 c:/workspace/msdk/tools/gnutools/10.3/bin/../lib/gcc/arm-none-eabi/10.3.1/../../../../arm-none-eabi/lib/thumb/v7e-m+fp/softfp\libc.a(lib_a-printf.o)
                0x10002f88                printf
 .text.putchar  0x10002fb0       0x10 c:/workspace/msdk/tools/gnutools/10.3/bin/../lib/gcc/arm-none-eabi/10.3.1/../../../../arm-none-eabi/lib/thumb/v7e-m+fp/softfp\libc.a(lib_a-putchar.o)
                0x10002fb0                putchar
 .text._puts_r  0x10002fc0       0x9c c:/workspace/msdk/tools/gnutools/10.3/bin/../lib/gcc/arm-none-eabi/10.3.1/../../../../arm-none-eabi/lib/thumb/v7e-m+fp/softfp\libc.a(lib_a-puts.o)
                0x10002fc0                _puts_r
 .text.puts     0x1000305c       0x10 c:/workspace/msdk/tools/gnutools/10.3/bin/../lib/gcc/arm-none-eabi/10.3.1/../../../../arm-none-eabi/lib/thumb/v7e-m+fp/softfp\libc.a(lib_a-puts.o)
                0x1000305c                puts
 .text._sbrk_r  0x1000306c       0x24 c:/workspace/msdk/tools/gnutools/10.3/bin/../lib/gcc/arm-none-eabi/10.3.1/../../../../arm-none-eabi/lib/thumb/v7e-m+fp/softfp\libc.a(lib_a-sbrkr.o)
                0x1000306c                _sbrk_r
 *fill*         0x10003090       0x30 
 .text          0x100030c0       0xdc c:/workspace/msdk/tools/gnutools/10.3/bin/../lib/gcc/arm-none-eabi/10.3.1/../../../../arm-none-eabi/lib/thumb/v7e-m+fp/softfp\libc.a(lib_a-strlen.o)
                0x100030c0                strlen
 *fill*         0x1000319c        0x4 
 .text._vfprintf_r
                0x100031a0     0x1b8c c:/workspace/msdk/tools/gnutools/10.3/bin/../lib/gcc/arm-none-eabi/10.3.1/../../../../arm-none-eabi/lib/thumb/v7e-m+fp/softfp\libc.a(lib_a-vfprintf.o)
                0x100031a0                _vfprintf_r
 .text.__sbprintf
                0x10004d2c       0x80 c:/workspace/msdk/tools/gnutools/10.3/bin/../lib/gcc/arm-none-eabi/10.3.1/../../../../arm-none-eabi/lib/thumb/v7e-m+fp/softfp\libc.a(lib_a-vfprintf.o)
 .text.__swsetup_r
                0x10004dac       0xd4 c:/workspace/msdk/tools/gnutools/10.3/bin/../lib/gcc/arm-none-eabi/10.3.1/../../../../arm-none-eabi/lib/thumb/v7e-m+fp/softfp\libc.a(lib_a-wsetup.o)
                0x10004dac                __swsetup_r
 .text.startup.register_fini
                0x10004e80       0x14 c:/workspace/msdk/tools/gnutools/10.3/bin/../lib/gcc/arm-none-eabi/10.3.1/../../../../arm-none-eabi/lib/thumb/v7e-m+fp/softfp\libc.a(lib_a-__call_atexit.o)
 .text.atexit   0x10004e94        0xc c:/workspace/msdk/tools/gnutools/10.3/bin/../lib/gcc/arm-none-eabi/10.3.1/../../../../arm-none-eabi/lib/thumb/v7e-m+fp/softfp\libc.a(lib_a-atexit.o)
                0x10004e94                atexit
 .text.quorem   0x10004ea0      0x128 c:/workspace/msdk/tools/gnutools/10.3/bin/../lib/gcc/arm-none-eabi/10.3.1/../../../../arm-none-eabi/lib/thumb/v7e-m+fp/softfp\libc.a(lib_a-dtoa.o)
 .text._dtoa_r  0x10004fc8      0xf34 c:/workspace/msdk/tools/gnutools/10.3/bin/../lib/gcc/arm-none-eabi/10.3.1/../../../../arm-none-eabi/lib/thumb/v7e-m+fp/softfp\libc.a(lib_a-dtoa.o)
                0x10004fc8                _dtoa_r
 .text.__sflush_r
                0x10005efc      0x130 c:/workspace/msdk/tools/gnutools/10.3/bin/../lib/gcc/arm-none-eabi/10.3.1/../../../../arm-none-eabi/lib/thumb/v7e-m+fp/softfp\libc.a(lib_a-fflush.o)
                0x10005efc                __sflush_r
 .text._fflush_r
                0x1000602c       0x5c c:/workspace/msdk/tools/gnutools/10.3/bin/../lib/gcc/arm-none-eabi/10.3.1/../../../../arm-none-eabi/lib/thumb/v7e-m+fp/softfp\libc.a(lib_a-fflush.o)
                0x1000602c                _fflush_r
 .text._cleanup_r
                0x10006088        0xc c:/workspace/msdk/tools/gnutools/10.3/bin/../lib/gcc/arm-none-eabi/10.3.1/../../../../arm-none-eabi/lib/thumb/v7e-m+fp/softfp\libc.a(lib_a-findfp.o)
                0x10006088                _cleanup_r
 .text.__sinit  0x10006094      0x10c c:/workspace/msdk/tools/gnutools/10.3/bin/../lib/gcc/arm-none-eabi/10.3.1/../../../../arm-none-eabi/lib/thumb/v7e-m+fp/softfp\libc.a(lib_a-findfp.o)
                0x10006094                __sinit
 .text.__sfp_lock_acquire
                0x100061a0        0xc c:/workspace/msdk/tools/gnutools/10.3/bin/../lib/gcc/arm-none-eabi/10.3.1/../../../../arm-none-eabi/lib/thumb/v7e-m+fp/softfp\libc.a(lib_a-findfp.o)
                0x100061a0                __sfp_lock_acquire
 .text.__sfp_lock_release
                0x100061ac        0xc c:/workspace/msdk/tools/gnutools/10.3/bin/../lib/gcc/arm-none-eabi/10.3.1/../../../../arm-none-eabi/lib/thumb/v7e-m+fp/softfp\libc.a(lib_a-findfp.o)
                0x100061ac                __sfp_lock_release
 .text.__libc_fini_array
                0x100061b8       0x2c c:/workspace/msdk/tools/gnutools/10.3/bin/../lib/gcc/arm-none-eabi/10.3.1/../../../../arm-none-eabi/lib/thumb/v7e-m+fp/softfp\libc.a(lib_a-fini.o)
                0x100061b8                __libc_fini_array
 .text._malloc_trim_r
                0x100061e4       0xa0 c:/workspace/msdk/tools/gnutools/10.3/bin/../lib/gcc/arm-none-eabi/10.3.1/../../../../arm-none-eabi/lib/thumb/v7e-m+fp/softfp\libc.a(lib_a-freer.o)
                0x100061e4                _malloc_trim_r
 .text._free_r  0x10006284      0x20c c:/workspace/msdk/tools/gnutools/10.3/bin/../lib/gcc/arm-none-eabi/10.3.1/../../../../arm-none-eabi/lib/thumb/v7e-m+fp/softfp\libc.a(lib_a-freer.o)
                0x10006284                _free_r
 .text.__sfvwrite_r
                0x10006490      0x2f0 c:/workspace/msdk/tools/gnutools/10.3/bin/../lib/gcc/arm-none-eabi/10.3.1/../../../../arm-none-eabi/lib/thumb/v7e-m+fp/softfp\libc.a(lib_a-fvwrite.o)
                0x10006490                __sfvwrite_r
 .text._fwalk_reent
                0x10006780       0x48 c:/workspace/msdk/tools/gnutools/10.3/bin/../lib/gcc/arm-none-eabi/10.3.1/../../../../arm-none-eabi/lib/thumb/v7e-m+fp/softfp\libc.a(lib_a-fwalk.o)
                0x10006780                _fwalk_reent
 .text._localeconv_r
                0x100067c8        0x8 c:/workspace/msdk/tools/gnutools/10.3/bin/../lib/gcc/arm-none-eabi/10.3.1/../../../../arm-none-eabi/lib/thumb/v7e-m+fp/softfp\libc.a(lib_a-localeconv.o)
                0x100067c8                _localeconv_r
 .text.__retarget_lock_init_recursive
                0x100067d0        0x4 c:/workspace/msdk/tools/gnutools/10.3/bin/../lib/gcc/arm-none-eabi/10.3.1/../../../../arm-none-eabi/lib/thumb/v7e-m+fp/softfp\libc.a(lib_a-lock.o)
                0x100067d0                __retarget_lock_init_recursive
 .text.__retarget_lock_close_recursive
                0x100067d4        0x4 c:/workspace/msdk/tools/gnutools/10.3/bin/../lib/gcc/arm-none-eabi/10.3.1/../../../../arm-none-eabi/lib/thumb/v7e-m+fp/softfp\libc.a(lib_a-lock.o)
                0x100067d4                __retarget_lock_close_recursive
 .text.__retarget_lock_acquire_recursive
                0x100067d8        0x4 c:/workspace/msdk/tools/gnutools/10.3/bin/../lib/gcc/arm-none-eabi/10.3.1/../../../../arm-none-eabi/lib/thumb/v7e-m+fp/softfp\libc.a(lib_a-lock.o)
                0x100067d8                __retarget_lock_acquire_recursive
 .text.__retarget_lock_release_recursive
                0x100067dc        0x4 c:/workspace/msdk/tools/gnutools/10.3/bin/../lib/gcc/arm-none-eabi/10.3.1/../../../../arm-none-eabi/lib/thumb/v7e-m+fp/softfp\libc.a(lib_a-lock.o)
                0x100067dc                __retarget_lock_release_recursive
 .text.__smakebuf_r
                0x100067e0       0xe0 c:/workspace/msdk/tools/gnutools/10.3/bin/../lib/gcc/arm-none-eabi/10.3.1/../../../../arm-none-eabi/lib/thumb/v7e-m+fp/softfp\libc.a(lib_a-makebuf.o)
                0x100067e0                __smakebuf_r
 .text          0x100068c0       0xa0 c:/workspace/msdk/tools/gnutools/10.3/bin/../lib/gcc/arm-none-eabi/10.3.1/../../../../arm-none-eabi/lib/thumb/v7e-m+fp/softfp\libc.a(lib_a-memchr.o)
                0x100068c0                memchr
 .text.memmove  0x10006960       0xf8 c:/workspace/msdk/tools/gnutools/10.3/bin/../lib/gcc/arm-none-eabi/10.3.1/../../../../arm-none-eabi/lib/thumb/v7e-m+fp/softfp\libc.a(lib_a-memmove.o)
                0x10006960                memmove
 .text._Balloc  0x10006a58       0x4c c:/workspace/msdk/tools/gnutools/10.3/bin/../lib/gcc/arm-none-eabi/10.3.1/../../../../arm-none-eabi/lib/thumb/v7e-m+fp/softfp\libc.a(lib_a-mprec.o)
                0x10006a58                _Balloc
 .text._Bfree   0x10006aa4       0x14 c:/workspace/msdk/tools/gnutools/10.3/bin/../lib/gcc/arm-none-eabi/10.3.1/../../../../arm-none-eabi/lib/thumb/v7e-m+fp/softfp\libc.a(lib_a-mprec.o)
                0x10006aa4                _Bfree
 .text.__multadd
                0x10006ab8       0xa8 c:/workspace/msdk/tools/gnutools/10.3/bin/../lib/gcc/arm-none-eabi/10.3.1/../../../../arm-none-eabi/lib/thumb/v7e-m+fp/softfp\libc.a(lib_a-mprec.o)
                0x10006ab8                __multadd
 .text.__hi0bits
                0x10006b60       0x40 c:/workspace/msdk/tools/gnutools/10.3/bin/../lib/gcc/arm-none-eabi/10.3.1/../../../../arm-none-eabi/lib/thumb/v7e-m+fp/softfp\libc.a(lib_a-mprec.o)
                0x10006b60                __hi0bits
 .text.__lo0bits
                0x10006ba0       0x60 c:/workspace/msdk/tools/gnutools/10.3/bin/../lib/gcc/arm-none-eabi/10.3.1/../../../../arm-none-eabi/lib/thumb/v7e-m+fp/softfp\libc.a(lib_a-mprec.o)
                0x10006ba0                __lo0bits
 .text.__i2b    0x10006c00       0x5c c:/workspace/msdk/tools/gnutools/10.3/bin/../lib/gcc/arm-none-eabi/10.3.1/../../../../arm-none-eabi/lib/thumb/v7e-m+fp/softfp\libc.a(lib_a-mprec.o)
                0x10006c00                __i2b
 .text.__multiply
                0x10006c5c      0x15c c:/workspace/msdk/tools/gnutools/10.3/bin/../lib/gcc/arm-none-eabi/10.3.1/../../../../arm-none-eabi/lib/thumb/v7e-m+fp/softfp\libc.a(lib_a-mprec.o)
                0x10006c5c                __multiply
 .text.__pow5mult
                0x10006db8       0xc0 c:/workspace/msdk/tools/gnutools/10.3/bin/../lib/gcc/arm-none-eabi/10.3.1/../../../../arm-none-eabi/lib/thumb/v7e-m+fp/softfp\libc.a(lib_a-mprec.o)
                0x10006db8                __pow5mult
 .text.__lshift
                0x10006e78       0xf0 c:/workspace/msdk/tools/gnutools/10.3/bin/../lib/gcc/arm-none-eabi/10.3.1/../../../../arm-none-eabi/lib/thumb/v7e-m+fp/softfp\libc.a(lib_a-mprec.o)
                0x10006e78                __lshift
 .text.__mcmp   0x10006f68       0x44 c:/workspace/msdk/tools/gnutools/10.3/bin/../lib/gcc/arm-none-eabi/10.3.1/../../../../arm-none-eabi/lib/thumb/v7e-m+fp/softfp\libc.a(lib_a-mprec.o)
                0x10006f68                __mcmp
 .text.__mdiff  0x10006fac      0x14c c:/workspace/msdk/tools/gnutools/10.3/bin/../lib/gcc/arm-none-eabi/10.3.1/../../../../arm-none-eabi/lib/thumb/v7e-m+fp/softfp\libc.a(lib_a-mprec.o)
                0x10006fac                __mdiff
 .text.__d2b    0x100070f8       0xc4 c:/workspace/msdk/tools/gnutools/10.3/bin/../lib/gcc/arm-none-eabi/10.3.1/../../../../arm-none-eabi/lib/thumb/v7e-m+fp/softfp\libc.a(lib_a-mprec.o)
                0x100070f8                __d2b
 .text._putc_r  0x100071bc       0x74 c:/workspace/msdk/tools/gnutools/10.3/bin/../lib/gcc/arm-none-eabi/10.3.1/../../../../arm-none-eabi/lib/thumb/v7e-m+fp/softfp\libc.a(lib_a-putc.o)
                0x100071bc                _putc_r
 .text._realloc_r
                0x10007230      0x3d8 c:/workspace/msdk/tools/gnutools/10.3/bin/../lib/gcc/arm-none-eabi/10.3.1/../../../../arm-none-eabi/lib/thumb/v7e-m+fp/softfp\libc.a(lib_a-reallocr.o)
                0x10007230                _realloc_r
 .text.frexp    0x10007608       0x70 c:/workspace/msdk/tools/gnutools/10.3/bin/../lib/gcc/arm-none-eabi/10.3.1/../../../../arm-none-eabi/lib/thumb/v7e-m+fp/softfp\libc.a(lib_a-s_frexp.o)
                0x10007608                frexp
 .text.__sread  0x10007678       0x24 c:/workspace/msdk/tools/gnutools/10.3/bin/../lib/gcc/arm-none-eabi/10.3.1/../../../../arm-none-eabi/lib/thumb/v7e-m+fp/softfp\libc.a(lib_a-stdio.o)
                0x10007678                __sread
 .text.__swrite
                0x1000769c       0x40 c:/workspace/msdk/tools/gnutools/10.3/bin/../lib/gcc/arm-none-eabi/10.3.1/../../../../arm-none-eabi/lib/thumb/v7e-m+fp/softfp\libc.a(lib_a-stdio.o)
                0x1000769c                __swrite
 .text.__sseek  0x100076dc       0x20 c:/workspace/msdk/tools/gnutools/10.3/bin/../lib/gcc/arm-none-eabi/10.3.1/../../../../arm-none-eabi/lib/thumb/v7e-m+fp/softfp\libc.a(lib_a-stdio.o)
                0x100076dc                __sseek
 .text.__sclose
                0x100076fc        0x8 c:/workspace/msdk/tools/gnutools/10.3/bin/../lib/gcc/arm-none-eabi/10.3.1/../../../../arm-none-eabi/lib/thumb/v7e-m+fp/softfp\libc.a(lib_a-stdio.o)
                0x100076fc                __sclose
 .text.strncpy  0x10007704       0x64 c:/workspace/msdk/tools/gnutools/10.3/bin/../lib/gcc/arm-none-eabi/10.3.1/../../../../arm-none-eabi/lib/thumb/v7e-m+fp/softfp\libc.a(lib_a-strncpy.o)
                0x10007704                strncpy
 .text.__sprint_r.part.0
                0x10007768       0x78 c:/workspace/msdk/tools/gnutools/10.3/bin/../lib/gcc/arm-none-eabi/10.3.1/../../../../arm-none-eabi/lib/thumb/v7e-m+fp/softfp\libc.a(lib_a-vfiprintf.o)
 .text.__sprint_r
                0x100077e0       0x18 c:/workspace/msdk/tools/gnutools/10.3/bin/../lib/gcc/arm-none-eabi/10.3.1/../../../../arm-none-eabi/lib/thumb/v7e-m+fp/softfp\libc.a(lib_a-vfiprintf.o)
                0x100077e0                __sprint_r
 .text._vfiprintf_r
                0x100077f8      0xdfc c:/workspace/msdk/tools/gnutools/10.3/bin/../lib/gcc/arm-none-eabi/10.3.1/../../../../arm-none-eabi/lib/thumb/v7e-m+fp/softfp\libc.a(lib_a-vfiprintf.o)
                0x100077f8                _vfiprintf_r
 .text.__sbprintf
                0x100085f4       0x80 c:/workspace/msdk/tools/gnutools/10.3/bin/../lib/gcc/arm-none-eabi/10.3.1/../../../../arm-none-eabi/lib/thumb/v7e-m+fp/softfp\libc.a(lib_a-vfiprintf.o)
 .text.__swbuf_r
                0x10008674       0xb0 c:/workspace/msdk/tools/gnutools/10.3/bin/../lib/gcc/arm-none-eabi/10.3.1/../../../../arm-none-eabi/lib/thumb/v7e-m+fp/softfp\libc.a(lib_a-wbuf.o)
                0x10008674                __swbuf_r
 .text._write_r
                0x10008724       0x2c c:/workspace/msdk/tools/gnutools/10.3/bin/../lib/gcc/arm-none-eabi/10.3.1/../../../../arm-none-eabi/lib/thumb/v7e-m+fp/softfp\libc.a(lib_a-writer.o)
                0x10008724                _write_r
 .text.__register_exitproc
                0x10008750       0x8c c:/workspace/msdk/tools/gnutools/10.3/bin/../lib/gcc/arm-none-eabi/10.3.1/../../../../arm-none-eabi/lib/thumb/v7e-m+fp/softfp\libc.a(lib_a-__atexit.o)
                0x10008750                __register_exitproc
 .text.__assert_func
                0x100087dc       0x40 c:/workspace/msdk/tools/gnutools/10.3/bin/../lib/gcc/arm-none-eabi/10.3.1/../../../../arm-none-eabi/lib/thumb/v7e-m+fp/softfp\libc.a(lib_a-assert.o)
                0x100087dc                __assert_func
 .text._calloc_r
                0x1000881c       0x78 c:/workspace/msdk/tools/gnutools/10.3/bin/../lib/gcc/arm-none-eabi/10.3.1/../../../../arm-none-eabi/lib/thumb/v7e-m+fp/softfp\libc.a(lib_a-callocr.o)
                0x1000881c                _calloc_r
 .text._close_r
                0x10008894       0x24 c:/workspace/msdk/tools/gnutools/10.3/bin/../lib/gcc/arm-none-eabi/10.3.1/../../../../arm-none-eabi/lib/thumb/v7e-m+fp/softfp\libc.a(lib_a-closer.o)
                0x10008894                _close_r
 .text._fclose_r
                0x100088b8       0xcc c:/workspace/msdk/tools/gnutools/10.3/bin/../lib/gcc/arm-none-eabi/10.3.1/../../../../arm-none-eabi/lib/thumb/v7e-m+fp/softfp\libc.a(lib_a-fclose.o)
                0x100088b8                _fclose_r
 .text.fiprintf
                0x10008984       0x28 c:/workspace/msdk/tools/gnutools/10.3/bin/../lib/gcc/arm-none-eabi/10.3.1/../../../../arm-none-eabi/lib/thumb/v7e-m+fp/softfp\libc.a(lib_a-fiprintf.o)
                0x10008984                fiprintf
 .text.__fputwc
                0x100089ac       0xa8 c:/workspace/msdk/tools/gnutools/10.3/bin/../lib/gcc/arm-none-eabi/10.3.1/../../../../arm-none-eabi/lib/thumb/v7e-m+fp/softfp\libc.a(lib_a-fputwc.o)
                0x100089ac                __fputwc
 .text._fputwc_r
                0x10008a54       0x68 c:/workspace/msdk/tools/gnutools/10.3/bin/../lib/gcc/arm-none-eabi/10.3.1/../../../../arm-none-eabi/lib/thumb/v7e-m+fp/softfp\libc.a(lib_a-fputwc.o)
                0x10008a54                _fputwc_r
 .text._fstat_r
                0x10008abc       0x2c c:/workspace/msdk/tools/gnutools/10.3/bin/../lib/gcc/arm-none-eabi/10.3.1/../../../../arm-none-eabi/lib/thumb/v7e-m+fp/softfp\libc.a(lib_a-fstatr.o)
                0x10008abc                _fstat_r
 .text._isatty_r
                0x10008ae8       0x24 c:/workspace/msdk/tools/gnutools/10.3/bin/../lib/gcc/arm-none-eabi/10.3.1/../../../../arm-none-eabi/lib/thumb/v7e-m+fp/softfp\libc.a(lib_a-isattyr.o)
                0x10008ae8                _isatty_r
 .text.__locale_mb_cur_max
                0x10008b0c        0xc c:/workspace/msdk/tools/gnutools/10.3/bin/../lib/gcc/arm-none-eabi/10.3.1/../../../../arm-none-eabi/lib/thumb/v7e-m+fp/softfp\libc.a(lib_a-locale.o)
                0x10008b0c                __locale_mb_cur_max
 .text._lseek_r
                0x10008b18       0x2c c:/workspace/msdk/tools/gnutools/10.3/bin/../lib/gcc/arm-none-eabi/10.3.1/../../../../arm-none-eabi/lib/thumb/v7e-m+fp/softfp\libc.a(lib_a-lseekr.o)
                0x10008b18                _lseek_r
 .text.__ascii_mbtowc
                0x10008b44       0x2c c:/workspace/msdk/tools/gnutools/10.3/bin/../lib/gcc/arm-none-eabi/10.3.1/../../../../arm-none-eabi/lib/thumb/v7e-m+fp/softfp\libc.a(lib_a-mbtowc_r.o)
                0x10008b44                __ascii_mbtowc
 .text._read_r  0x10008b70       0x2c c:/workspace/msdk/tools/gnutools/10.3/bin/../lib/gcc/arm-none-eabi/10.3.1/../../../../arm-none-eabi/lib/thumb/v7e-m+fp/softfp\libc.a(lib_a-readr.o)
                0x10008b70                _read_r
 .text._wcrtomb_r
                0x10008b9c       0x3c c:/workspace/msdk/tools/gnutools/10.3/bin/../lib/gcc/arm-none-eabi/10.3.1/../../../../arm-none-eabi/lib/thumb/v7e-m+fp/softfp\libc.a(lib_a-wcrtomb.o)
                0x10008b9c                _wcrtomb_r
 .text.__ascii_wctomb
                0x10008bd8       0x1c c:/workspace/msdk/tools/gnutools/10.3/bin/../lib/gcc/arm-none-eabi/10.3.1/../../../../arm-none-eabi/lib/thumb/v7e-m+fp/softfp\libc.a(lib_a-wctomb_r.o)
                0x10008bd8                __ascii_wctomb
 .text.abort    0x10008bf4       0x10 c:/workspace/msdk/tools/gnutools/10.3/bin/../lib/gcc/arm-none-eabi/10.3.1/../../../../arm-none-eabi/lib/thumb/v7e-m+fp/softfp\libc.a(lib_a-abort.o)
                0x10008bf4                abort
 .text.raise    0x10008c04       0x5c c:/workspace/msdk/tools/gnutools/10.3/bin/../lib/gcc/arm-none-eabi/10.3.1/../../../../arm-none-eabi/lib/thumb/v7e-m+fp/softfp\libc.a(lib_a-signal.o)
                0x10008c04                raise
 .text._kill_r  0x10008c60       0x2c c:/workspace/msdk/tools/gnutools/10.3/bin/../lib/gcc/arm-none-eabi/10.3.1/../../../../arm-none-eabi/lib/thumb/v7e-m+fp/softfp\libc.a(lib_a-signalr.o)
                0x10008c60                _kill_r
 .text._getpid_r
                0x10008c8c        0x4 c:/workspace/msdk/tools/gnutools/10.3/bin/../lib/gcc/arm-none-eabi/10.3.1/../../../../arm-none-eabi/lib/thumb/v7e-m+fp/softfp\libc.a(lib_a-signalr.o)
                0x10008c8c                _getpid_r
 .text._exit    0x10008c90        0x4 c:/workspace/msdk/tools/gnutools/10.3/bin/../lib/gcc/arm-none-eabi/10.3.1/../../../../arm-none-eabi/lib/thumb/v7e-m+fp/softfp\libnosys.a(_exit.o)
                0x10008c90                _exit
 .text          0x10008c94      0x378 c:/workspace/msdk/tools/gnutools/10.3/bin/../lib/gcc/arm-none-eabi/10.3.1/thumb/v7e-m+fp/softfp\libgcc.a(_arm_addsubdf3.o)
                0x10008c94                __aeabi_drsub
                0x10008c9c                __aeabi_dsub
                0x10008c9c                __subdf3
                0x10008ca0                __aeabi_dadd
                0x10008ca0                __adddf3
                0x10008f18                __floatunsidf
                0x10008f18                __aeabi_ui2d
                0x10008f38                __floatsidf
                0x10008f38                __aeabi_i2d
                0x10008f5c                __aeabi_f2d
                0x10008f5c                __extendsfdf2
                0x10008fa0                __floatundidf
                0x10008fa0                __aeabi_ul2d
                0x10008fb0                __floatdidf
                0x10008fb0                __aeabi_l2d
 .text          0x1000900c      0x424 c:/workspace/msdk/tools/gnutools/10.3/bin/../lib/gcc/arm-none-eabi/10.3.1/thumb/v7e-m+fp/softfp\libgcc.a(_arm_muldivdf3.o)
                0x1000900c                __aeabi_dmul
                0x1000900c                __muldf3
                0x10009260                __divdf3
                0x10009260                __aeabi_ddiv
 .text          0x10009430      0x110 c:/workspace/msdk/tools/gnutools/10.3/bin/../lib/gcc/arm-none-eabi/10.3.1/thumb/v7e-m+fp/softfp\libgcc.a(_arm_cmpdf2.o)
                0x10009430                __gtdf2
                0x10009430                __gedf2
                0x10009438                __ltdf2
                0x10009438                __ledf2
                0x10009440                __nedf2
                0x10009440                __eqdf2
                0x10009440                __cmpdf2
                0x100094bc                __aeabi_cdrcmple
                0x100094cc                __aeabi_cdcmpeq
                0x100094cc                __aeabi_cdcmple
                0x100094dc                __aeabi_dcmpeq
                0x100094f0                __aeabi_dcmplt
                0x10009504                __aeabi_dcmple
                0x10009518                __aeabi_dcmpge
                0x1000952c                __aeabi_dcmpgt
 .text          0x10009540       0x2c c:/workspace/msdk/tools/gnutools/10.3/bin/../lib/gcc/arm-none-eabi/10.3.1/thumb/v7e-m+fp/softfp\libgcc.a(_arm_unorddf2.o)
                0x10009540                __unorddf2
                0x10009540                __aeabi_dcmpun
 .text          0x1000956c       0x50 c:/workspace/msdk/tools/gnutools/10.3/bin/../lib/gcc/arm-none-eabi/10.3.1/thumb/v7e-m+fp/softfp\libgcc.a(_arm_fixdfsi.o)
                0x1000956c                __aeabi_d2iz
                0x1000956c                __fixdfsi
 .text          0x100095bc       0x30 c:/workspace/msdk/tools/gnutools/10.3/bin/../lib/gcc/arm-none-eabi/10.3.1/thumb/v7e-m+fp/softfp\libgcc.a(_aeabi_uldivmod.o)
                0x100095bc                __aeabi_uldivmod
 .text          0x100095ec      0x2d0 c:/workspace/msdk/tools/gnutools/10.3/bin/../lib/gcc/arm-none-eabi/10.3.1/thumb/v7e-m+fp/softfp\libgcc.a(_udivmoddi4.o)
                0x100095ec                __udivmoddi4
 .text          0x100098bc        0x4 c:/workspace/msdk/tools/gnutools/10.3/bin/../lib/gcc/arm-none-eabi/10.3.1/thumb/v7e-m+fp/softfp\libgcc.a(_dvmd_tls.o)
                0x100098bc                __aeabi_idiv0
                0x100098bc                __aeabi_ldiv0
 *(.rodata*)
 .rodata.main.str1.4
                0x100098c0      0x343 c:/workspace/ADI_Intern_Private/readTempSensor/readTemp_New/build/main.o
 *fill*         0x10009c03        0x1 
 .rodata.mxc_assert.str1.4
                0x10009c04       0x19 c:/workspace/ADI_Intern_Private/readTempSensor/readTemp_New/build/board.o
 *fill*         0x10009c1d        0x3 
 .rodata.Board_Init.str1.4
                0x10009c20       0x4d c:/workspace/ADI_Intern_Private/readTempSensor/readTemp_New/build/board.o
 *fill*         0x10009c6d        0x3 
 .rodata.led_pin
                0x10009c70       0x24 c:/workspace/ADI_Intern_Private/readTempSensor/readTemp_New/build/board.o
                0x10009c70                led_pin
 .rodata.num_leds
                0x10009c94        0x4 c:/workspace/ADI_Intern_Private/readTempSensor/readTemp_New/build/board.o
                0x10009c94                num_leds
 .rodata.num_pbs
                0x10009c98        0x4 c:/workspace/ADI_Intern_Private/readTempSensor/readTemp_New/build/board.o
                0x10009c98                num_pbs
 .rodata.pb_pin
                0x10009c9c       0x18 c:/workspace/ADI_Intern_Private/readTempSensor/readTemp_New/build/board.o
                0x10009c9c                pb_pin
 .rodata.LED_On.str1.4
                0x10009cb4       0x43 c:/workspace/ADI_Intern_Private/readTempSensor/readTemp_New/build/led.o
 *fill*         0x10009cf7        0x1 
 .rodata.gpio_cfg_extclk
                0x10009cf8        0xc C:/workspace/msdk/Libraries/PeriphDrivers/bin/MAX78000/spi-v1_softfp/libPeriphDriver_spi-v1_softfp.a(pins_ai85.o)
                0x10009cf8                gpio_cfg_extclk
 .rodata.gpio_cfg_uart0
                0x10009d04        0xc C:/workspace/msdk/Libraries/PeriphDrivers/bin/MAX78000/spi-v1_softfp/libPeriphDriver_spi-v1_softfp.a(pins_ai85.o)
                0x10009d04                gpio_cfg_uart0
 .rodata.gpio_cfg_uart1
                0x10009d10        0xc C:/workspace/msdk/Libraries/PeriphDrivers/bin/MAX78000/spi-v1_softfp/libPeriphDriver_spi-v1_softfp.a(pins_ai85.o)
                0x10009d10                gpio_cfg_uart1
 .rodata.gpio_cfg_uart2
                0x10009d1c        0xc C:/workspace/msdk/Libraries/PeriphDrivers/bin/MAX78000/spi-v1_softfp/libPeriphDriver_spi-v1_softfp.a(pins_ai85.o)
                0x10009d1c                gpio_cfg_uart2
 .rodata.gpio_cfg_uart3
                0x10009d28        0xc C:/workspace/msdk/Libraries/PeriphDrivers/bin/MAX78000/spi-v1_softfp/libPeriphDriver_spi-v1_softfp.a(pins_ai85.o)
                0x10009d28                gpio_cfg_uart3
 .rodata.MXC_DMA_RevA_Init.str1.4
                0x10009d34       0x59 C:/workspace/msdk/Libraries/PeriphDrivers/bin/MAX78000/spi-v1_softfp/libPeriphDriver_spi-v1_softfp.a(dma_reva.o)
 *fill*         0x10009d8d        0x3 
 .rodata.MXC_SPI_Init.str1.4
                0x10009d90       0x59 C:/workspace/msdk/Libraries/PeriphDrivers/bin/MAX78000/spi-v1_softfp/libPeriphDriver_spi-v1_softfp.a(spi_me17.o)
 *fill*         0x10009de9        0x3 
 .rodata.MXC_SPI_RevA1_SwapByte.str1.4
                0x10009dec       0x58 C:/workspace/msdk/Libraries/PeriphDrivers/bin/MAX78000/spi-v1_softfp/libPeriphDriver_spi-v1_softfp.a(spi_reva1.o)
 .rodata.MXC_SPI_RevA1_TransSetup.str1.4
                0x10009e44       0x22 C:/workspace/msdk/Libraries/PeriphDrivers/bin/MAX78000/spi-v1_softfp/libPeriphDriver_spi-v1_softfp.a(spi_reva1.o)
 *fill*         0x10009e66        0x2 
 .rodata.MXC_UART_RevB_Init.str1.4
                0x10009e68       0x7b C:/workspace/msdk/Libraries/PeriphDrivers/bin/MAX78000/spi-v1_softfp/libPeriphDriver_spi-v1_softfp.a(uart_revb.o)
 *fill*         0x10009ee3        0x1 
 .rodata.MXC_UART_RevB_SetClockSource.str1.4
                0x10009ee4       0x27 C:/workspace/msdk/Libraries/PeriphDrivers/bin/MAX78000/spi-v1_softfp/libPeriphDriver_spi-v1_softfp.a(uart_revb.o)
 *fill*         0x10009f0b        0x1 
 .rodata.MXC_GPIO_Common_Handler.str1.4
                0x10009f0c       0x6e C:/workspace/msdk/Libraries/PeriphDrivers/bin/MAX78000/spi-v1_softfp/libPeriphDriver_spi-v1_softfp.a(gpio_common.o)
 *fill*         0x10009f7a        0x2 
 .rodata._global_impure_ptr
                0x10009f7c        0x4 c:/workspace/msdk/tools/gnutools/10.3/bin/../lib/gcc/arm-none-eabi/10.3.1/../../../../arm-none-eabi/lib/thumb/v7e-m+fp/softfp\libc.a(lib_a-impure.o)
                0x10009f7c                _global_impure_ptr
 .rodata._puts_r.str1.4
                0x10009f80       0x6e c:/workspace/msdk/tools/gnutools/10.3/bin/../lib/gcc/arm-none-eabi/10.3.1/../../../../arm-none-eabi/lib/thumb/v7e-m+fp/softfp\libc.a(lib_a-puts.o)
                                  0x2 (size before relaxing)
 .rodata._vfprintf_r.str1.4
                0x10009f80       0x42 c:/workspace/msdk/tools/gnutools/10.3/bin/../lib/gcc/arm-none-eabi/10.3.1/../../../../arm-none-eabi/lib/thumb/v7e-m+fp/softfp\libc.a(lib_a-vfprintf.o)
 *fill*         0x10009fc2        0x2 
 .rodata.blanks.1
                0x10009fc4       0x10 c:/workspace/msdk/tools/gnutools/10.3/bin/../lib/gcc/arm-none-eabi/10.3.1/../../../../arm-none-eabi/lib/thumb/v7e-m+fp/softfp\libc.a(lib_a-vfprintf.o)
 .rodata.zeroes.0
                0x10009fd4       0x10 c:/workspace/msdk/tools/gnutools/10.3/bin/../lib/gcc/arm-none-eabi/10.3.1/../../../../arm-none-eabi/lib/thumb/v7e-m+fp/softfp\libc.a(lib_a-vfprintf.o)
 .rodata._dtoa_r.str1.4
                0x10009fe4       0xa2 c:/workspace/msdk/tools/gnutools/10.3/bin/../lib/gcc/arm-none-eabi/10.3.1/../../../../arm-none-eabi/lib/thumb/v7e-m+fp/softfp\libc.a(lib_a-dtoa.o)
                                 0xa6 (size before relaxing)
 *fill*         0x1000a086        0x2 
 .rodata.__multadd.str1.4
                0x1000a088       0x7f c:/workspace/msdk/tools/gnutools/10.3/bin/../lib/gcc/arm-none-eabi/10.3.1/../../../../arm-none-eabi/lib/thumb/v7e-m+fp/softfp\libc.a(lib_a-mprec.o)
                                 0x93 (size before relaxing)
 *fill*         0x1000a107        0x1 
 .rodata.__mprec_bigtens
                0x1000a108       0x28 c:/workspace/msdk/tools/gnutools/10.3/bin/../lib/gcc/arm-none-eabi/10.3.1/../../../../arm-none-eabi/lib/thumb/v7e-m+fp/softfp\libc.a(lib_a-mprec.o)
                0x1000a108                __mprec_bigtens
 .rodata.__mprec_tens
                0x1000a130       0xc8 c:/workspace/msdk/tools/gnutools/10.3/bin/../lib/gcc/arm-none-eabi/10.3.1/../../../../arm-none-eabi/lib/thumb/v7e-m+fp/softfp\libc.a(lib_a-mprec.o)
                0x1000a130                __mprec_tens
 .rodata.p05.0  0x1000a1f8        0xc c:/workspace/msdk/tools/gnutools/10.3/bin/../lib/gcc/arm-none-eabi/10.3.1/../../../../arm-none-eabi/lib/thumb/v7e-m+fp/softfp\libc.a(lib_a-mprec.o)
 .rodata._vfiprintf_r.str1.4
                0x1000a204       0x2f c:/workspace/msdk/tools/gnutools/10.3/bin/../lib/gcc/arm-none-eabi/10.3.1/../../../../arm-none-eabi/lib/thumb/v7e-m+fp/softfp\libc.a(lib_a-vfiprintf.o)
 .rodata.blanks.1
                0x1000a204       0x10 c:/workspace/msdk/tools/gnutools/10.3/bin/../lib/gcc/arm-none-eabi/10.3.1/../../../../arm-none-eabi/lib/thumb/v7e-m+fp/softfp\libc.a(lib_a-vfiprintf.o)
 .rodata.zeroes.0
                0x1000a214       0x10 c:/workspace/msdk/tools/gnutools/10.3/bin/../lib/gcc/arm-none-eabi/10.3.1/../../../../arm-none-eabi/lib/thumb/v7e-m+fp/softfp\libc.a(lib_a-vfiprintf.o)
 .rodata.__assert_func.str1.4
                0x1000a224       0x3f c:/workspace/msdk/tools/gnutools/10.3/bin/../lib/gcc/arm-none-eabi/10.3.1/../../../../arm-none-eabi/lib/thumb/v7e-m+fp/softfp\libc.a(lib_a-assert.o)
                                 0x43 (size before relaxing)
 *fill*         0x1000a263        0x1 
 .rodata._setlocale_r.str1.4
                0x1000a264        0xa c:/workspace/msdk/tools/gnutools/10.3/bin/../lib/gcc/arm-none-eabi/10.3.1/../../../../arm-none-eabi/lib/thumb/v7e-m+fp/softfp\libc.a(lib_a-locale.o)
                                  0xd (size before relaxing)
 .rodata.str1.4
                0x1000a26e        0xa c:/workspace/msdk/tools/gnutools/10.3/bin/../lib/gcc/arm-none-eabi/10.3.1/../../../../arm-none-eabi/lib/thumb/v7e-m+fp/softfp\libc.a(lib_a-locale.o)
                                  0x2 (size before relaxing)
 *fill*         0x1000a26e        0x2 
 .rodata._ctype_
                0x1000a270      0x101 c:/workspace/msdk/tools/gnutools/10.3/bin/../lib/gcc/arm-none-eabi/10.3.1/../../../../arm-none-eabi/lib/thumb/v7e-m+fp/softfp\libc.a(lib_a-ctype_.o)
                0x1000a270                _ctype_
 *(.init)
 *fill*         0x1000a371        0x3 
 .init          0x1000a374        0x4 c:/workspace/msdk/tools/gnutools/10.3/bin/../lib/gcc/arm-none-eabi/10.3.1/thumb/v7e-m+fp/softfp/crti.o
                0x1000a374                _init
 .init          0x1000a378        0x8 c:/workspace/msdk/tools/gnutools/10.3/bin/../lib/gcc/arm-none-eabi/10.3.1/thumb/v7e-m+fp/softfp/crtn.o
 *(.fini)
 .fini          0x1000a380        0x4 c:/workspace/msdk/tools/gnutools/10.3/bin/../lib/gcc/arm-none-eabi/10.3.1/thumb/v7e-m+fp/softfp/crti.o
                0x1000a380                _fini
 .fini          0x1000a384        0x8 c:/workspace/msdk/tools/gnutools/10.3/bin/../lib/gcc/arm-none-eabi/10.3.1/thumb/v7e-m+fp/softfp/crtn.o
 *crtbegin.o(.ctors)
 *crtbegin?.o(.ctors)
 *(EXCLUDE_FILE(*crtend.o *crtend?.o) .ctors)
 *(SORT_BY_NAME(.ctors.*))
 *(.ctors)
 *crtbegin.o(.dtors)
 *crtbegin?.o(.dtors)
 *(EXCLUDE_FILE(*crtend.o *crtend?.o) .dtors)
 *(SORT_BY_NAME(.dtors.*))
 *(.dtors)
 *(.eh_frame*)
 .eh_frame      0x1000a38c        0x0 c:/workspace/msdk/tools/gnutools/10.3/bin/../lib/gcc/arm-none-eabi/10.3.1/thumb/v7e-m+fp/softfp/crtbegin.o
 .eh_frame      0x1000a38c        0x4 c:/workspace/msdk/tools/gnutools/10.3/bin/../lib/gcc/arm-none-eabi/10.3.1/thumb/v7e-m+fp/softfp/crtend.o
                0x1000a390                _etext = .

.glue_7         0x1000a390        0x0
 .glue_7        0x1000a390        0x0 linker stubs

.glue_7t        0x1000a390        0x0
 .glue_7t       0x1000a390        0x0 linker stubs

.vfp11_veneer   0x1000a390        0x0
 .vfp11_veneer  0x1000a390        0x0 linker stubs

.v4_bx          0x1000a390        0x0
 .v4_bx         0x1000a390        0x0 linker stubs

.iplt           0x1000a390        0x0
 .iplt          0x1000a390        0x0 c:/workspace/msdk/tools/gnutools/10.3/bin/../lib/gcc/arm-none-eabi/10.3.1/thumb/v7e-m+fp/softfp/crtbegin.o

.ARM.extab
 *(.ARM.extab* .gnu.linkonce.armextab.*)

.bin_storage    0x1000a390        0x0
 FILL mask 0xff
                0x1000a390                _bin_start_ = .
 *(.bin_storage_img)
                0x1000a390                _bin_end_ = .
                0x1000a390                . = ALIGN (0x4)

.rom_code       0x00000000        0x0
                0x00000000                . = ALIGN (0x10)
                0x20000000                _sran_code = .
 *(.rom_code_section)
                0x20000000                _esran_code = .

.flash_code     0x1000a390        0x0
                0x1000a390                . = ALIGN (0x10)
                0x20000000                _sran_code = .
 *(.flash_code_section)
                0x20000000                _esran_code = .

.sram_code      0x20000000        0x0
                0x20000000                . = ALIGN (0x10)
                0x20000000                _sran_code = .
 *(.sram_code_section)
                0x20000000                _esran_code = .

.ARM.exidx      0x1000a390        0x8
                0x1000a390                __exidx_start = .
 *(.ARM.exidx* .gnu.linkonce.armexidx.*)
 .ARM.exidx     0x1000a390        0x8 c:/workspace/msdk/tools/gnutools/10.3/bin/../lib/gcc/arm-none-eabi/10.3.1/thumb/v7e-m+fp/softfp\libgcc.a(_udivmoddi4.o)
                0x1000a398                __exidx_end = .

.rel.dyn        0x1000a398        0x0
 .rel.iplt      0x1000a398        0x0 c:/workspace/msdk/tools/gnutools/10.3/bin/../lib/gcc/arm-none-eabi/10.3.1/thumb/v7e-m+fp/softfp/crtbegin.o

.data           0x20000000      0xa24 load address 0x1000a398
                0x20000000                _data = ALIGN (., 0x4)
 *(vtable)
 *(.data*)
 .data.ConsoleUart
                0x20000000        0x4 c:/workspace/ADI_Intern_Private/readTempSensor/readTemp_New/build/board.o
                0x20000000                ConsoleUart
 .data.states   0x20000004       0x60 C:/workspace/msdk/Libraries/PeriphDrivers/bin/MAX78000/spi-v1_softfp/libPeriphDriver_spi-v1_softfp.a(uart_revb.o)
 .data.overflows
                0x20000064        0x4 C:/workspace/msdk/Libraries/PeriphDrivers/bin/MAX78000/spi-v1_softfp/libPeriphDriver_spi-v1_softfp.a(mxc_delay.o)
 .data._impure_ptr
                0x20000068        0x4 c:/workspace/msdk/tools/gnutools/10.3/bin/../lib/gcc/arm-none-eabi/10.3.1/../../../../arm-none-eabi/lib/thumb/v7e-m+fp/softfp\libc.a(lib_a-impure.o)
                0x20000068                _impure_ptr
 *fill*         0x2000006c        0x4 
 .data.impure_data
                0x20000070      0x428 c:/workspace/msdk/tools/gnutools/10.3/bin/../lib/gcc/arm-none-eabi/10.3.1/../../../../arm-none-eabi/lib/thumb/v7e-m+fp/softfp\libc.a(lib_a-impure.o)
 .data.__malloc_av_
                0x20000498      0x408 c:/workspace/msdk/tools/gnutools/10.3/bin/../lib/gcc/arm-none-eabi/10.3.1/../../../../arm-none-eabi/lib/thumb/v7e-m+fp/softfp\libc.a(lib_a-mallocr.o)
                0x20000498                __malloc_av_
 .data.__malloc_sbrk_base
                0x200008a0        0x4 c:/workspace/msdk/tools/gnutools/10.3/bin/../lib/gcc/arm-none-eabi/10.3.1/../../../../arm-none-eabi/lib/thumb/v7e-m+fp/softfp\libc.a(lib_a-mallocr.o)
                0x200008a0                __malloc_sbrk_base
 .data.__malloc_trim_threshold
                0x200008a4        0x4 c:/workspace/msdk/tools/gnutools/10.3/bin/../lib/gcc/arm-none-eabi/10.3.1/../../../../arm-none-eabi/lib/thumb/v7e-m+fp/softfp\libc.a(lib_a-mallocr.o)
                0x200008a4                __malloc_trim_threshold
 .data.__atexit_recursive_mutex
                0x200008a8        0x4 c:/workspace/msdk/tools/gnutools/10.3/bin/../lib/gcc/arm-none-eabi/10.3.1/../../../../arm-none-eabi/lib/thumb/v7e-m+fp/softfp\libc.a(lib_a-__call_atexit.o)
                0x200008a8                __atexit_recursive_mutex
 .data.__global_locale
                0x200008ac      0x16c c:/workspace/msdk/tools/gnutools/10.3/bin/../lib/gcc/arm-none-eabi/10.3.1/../../../../arm-none-eabi/lib/thumb/v7e-m+fp/softfp\libc.a(lib_a-locale.o)
                0x200008ac                __global_locale
 *(.flashprog*)
                0x20000a18                . = ALIGN (0x4)
                0x20000a18                PROVIDE (__preinit_array_start = .)
 *(.preinit_array)
                0x20000a18                PROVIDE (__preinit_array_end = .)
                0x20000a18                . = ALIGN (0x4)
                0x20000a18                PROVIDE (__init_array_start = .)
 *(SORT_BY_NAME(.init_array.*))
 .init_array.00000
                0x20000a18        0x4 c:/workspace/msdk/tools/gnutools/10.3/bin/../lib/gcc/arm-none-eabi/10.3.1/../../../../arm-none-eabi/lib/thumb/v7e-m+fp/softfp\libc.a(lib_a-__call_atexit.o)
 *(.init_array)
 .init_array    0x20000a1c        0x4 c:/workspace/msdk/tools/gnutools/10.3/bin/../lib/gcc/arm-none-eabi/10.3.1/thumb/v7e-m+fp/softfp/crtbegin.o
                0x20000a20                PROVIDE (__init_array_end = .)
                0x20000a20                . = ALIGN (0x4)
                0x20000a20                PROVIDE (__fini_array_start = .)
 *(SORT_BY_NAME(.fini_array.*))
 *(.fini_array)
 .fini_array    0x20000a20        0x4 c:/workspace/msdk/tools/gnutools/10.3/bin/../lib/gcc/arm-none-eabi/10.3.1/thumb/v7e-m+fp/softfp/crtbegin.o
                0x20000a24                PROVIDE (__fini_array_end = .)
                0x20000a24                _edata = ALIGN (., 0x4)
                0x1000a398                __load_data = LOADADDR (.data)

.igot.plt       0x20000a24        0x0 load address 0x1000adbc
 .igot.plt      0x20000a24        0x0 c:/workspace/msdk/tools/gnutools/10.3/bin/../lib/gcc/arm-none-eabi/10.3.1/thumb/v7e-m+fp/softfp/crtbegin.o

.bss            0x20000a24      0x624 load address 0x1000adbc
                0x20000a24                . = ALIGN (0x4)
                0x20000a24                _bss = .
 *(.bss*)
 .bss           0x20000a24       0x1c c:/workspace/msdk/tools/gnutools/10.3/bin/../lib/gcc/arm-none-eabi/10.3.1/thumb/v7e-m+fp/softfp/crtbegin.o
 .bss.DMA_FLAG  0x20000a40        0x1 c:/workspace/ADI_Intern_Private/readTempSensor/readTemp_New/build/main.o
                0x20000a40                DMA_FLAG
 *fill*         0x20000a41        0x3 
 .bss.SPI_FLAG  0x20000a44        0x4 c:/workspace/ADI_Intern_Private/readTempSensor/readTemp_New/build/main.o
                0x20000a44                SPI_FLAG
 .bss.rx_data   0x20000a48        0x2 c:/workspace/ADI_Intern_Private/readTempSensor/readTemp_New/build/main.o
                0x20000a48                rx_data
 .bss.temp_LSB  0x20000a4a        0x1 c:/workspace/ADI_Intern_Private/readTempSensor/readTemp_New/build/main.o
                0x20000a4a                temp_LSB
 .bss.temp_MSB  0x20000a4b        0x1 c:/workspace/ADI_Intern_Private/readTempSensor/readTemp_New/build/main.o
                0x20000a4b                temp_MSB
 .bss.tx_data   0x20000a4c        0x2 c:/workspace/ADI_Intern_Private/readTempSensor/readTemp_New/build/main.o
                0x20000a4c                tx_data
 *fill*         0x20000a4e        0x2 
 .bss.g_pb_polarity
                0x20000a50        0x4 c:/workspace/ADI_Intern_Private/readTempSensor/readTemp_New/build/pb.o
 .bss.heap_end  0x20000a54        0x4 c:/workspace/ADI_Intern_Private/readTempSensor/readTemp_New/build/heap.o
 .bss.dma_lock  0x20000a58        0x4 C:/workspace/msdk/Libraries/PeriphDrivers/bin/MAX78000/spi-v1_softfp/libPeriphDriver_spi-v1_softfp.a(dma_reva.o)
 .bss.dma_resource
                0x20000a5c      0x140 C:/workspace/msdk/Libraries/PeriphDrivers/bin/MAX78000/spi-v1_softfp/libPeriphDriver_spi-v1_softfp.a(dma_reva.o)
 .bss.states    0x20000b9c       0x50 C:/workspace/msdk/Libraries/PeriphDrivers/bin/MAX78000/spi-v1_softfp/libPeriphDriver_spi-v1_softfp.a(spi_reva1.o)
 .bss.g_is_clock_locked
                0x20000bec        0x4 C:/workspace/msdk/Libraries/PeriphDrivers/bin/MAX78000/spi-v1_softfp/libPeriphDriver_spi-v1_softfp.a(uart_revb.o)
 .bss.cbFunc    0x20000bf0        0x4 C:/workspace/msdk/Libraries/PeriphDrivers/bin/MAX78000/spi-v1_softfp/libPeriphDriver_spi-v1_softfp.a(mxc_delay.o)
 .bss.ctrl_save
                0x20000bf4        0x4 C:/workspace/msdk/Libraries/PeriphDrivers/bin/MAX78000/spi-v1_softfp/libPeriphDriver_spi-v1_softfp.a(mxc_delay.o)
 .bss.endtick   0x20000bf8        0x4 C:/workspace/msdk/Libraries/PeriphDrivers/bin/MAX78000/spi-v1_softfp/libPeriphDriver_spi-v1_softfp.a(mxc_delay.o)
 .bss.callback  0x20000bfc      0x200 C:/workspace/msdk/Libraries/PeriphDrivers/bin/MAX78000/spi-v1_softfp/libPeriphDriver_spi-v1_softfp.a(gpio_common.o)
 .bss.cbparam   0x20000dfc      0x200 C:/workspace/msdk/Libraries/PeriphDrivers/bin/MAX78000/spi-v1_softfp/libPeriphDriver_spi-v1_softfp.a(gpio_common.o)
 .bss.cfg_lock  0x20000ffc        0x1 C:/workspace/msdk/Libraries/PeriphDrivers/bin/MAX78000/spi-v1_softfp/libPeriphDriver_spi-v1_softfp.a(gpio_common.o)
 .bss.initialized
                0x20000ffd        0x1 C:/workspace/msdk/Libraries/PeriphDrivers/bin/MAX78000/spi-v1_softfp/libPeriphDriver_spi-v1_softfp.a(gpio_common.o)
 *fill*         0x20000ffe        0x2 
 .bss.__malloc_current_mallinfo
                0x20001000       0x28 c:/workspace/msdk/tools/gnutools/10.3/bin/../lib/gcc/arm-none-eabi/10.3.1/../../../../arm-none-eabi/lib/thumb/v7e-m+fp/softfp\libc.a(lib_a-mallocr.o)
                0x20001000                __malloc_current_mallinfo
 .bss.__malloc_max_sbrked_mem
                0x20001028        0x4 c:/workspace/msdk/tools/gnutools/10.3/bin/../lib/gcc/arm-none-eabi/10.3.1/../../../../arm-none-eabi/lib/thumb/v7e-m+fp/softfp\libc.a(lib_a-mallocr.o)
                0x20001028                __malloc_max_sbrked_mem
 .bss.__malloc_max_total_mem
                0x2000102c        0x4 c:/workspace/msdk/tools/gnutools/10.3/bin/../lib/gcc/arm-none-eabi/10.3.1/../../../../arm-none-eabi/lib/thumb/v7e-m+fp/softfp\libc.a(lib_a-mallocr.o)
                0x2000102c                __malloc_max_total_mem
 .bss.__malloc_top_pad
                0x20001030        0x4 c:/workspace/msdk/tools/gnutools/10.3/bin/../lib/gcc/arm-none-eabi/10.3.1/../../../../arm-none-eabi/lib/thumb/v7e-m+fp/softfp\libc.a(lib_a-mallocr.o)
                0x20001030                __malloc_top_pad
 .bss.__lock___atexit_recursive_mutex
                0x20001034        0x1 c:/workspace/msdk/tools/gnutools/10.3/bin/../lib/gcc/arm-none-eabi/10.3.1/../../../../arm-none-eabi/lib/thumb/v7e-m+fp/softfp\libc.a(lib_a-lock.o)
                0x20001034                __lock___atexit_recursive_mutex
 *fill*         0x20001035        0x3 
 .bss.__lock___malloc_recursive_mutex
                0x20001038        0x1 c:/workspace/msdk/tools/gnutools/10.3/bin/../lib/gcc/arm-none-eabi/10.3.1/../../../../arm-none-eabi/lib/thumb/v7e-m+fp/softfp\libc.a(lib_a-lock.o)
                0x20001038                __lock___malloc_recursive_mutex
 *fill*         0x20001039        0x3 
 .bss.__lock___sfp_recursive_mutex
                0x2000103c        0x1 c:/workspace/msdk/tools/gnutools/10.3/bin/../lib/gcc/arm-none-eabi/10.3.1/../../../../arm-none-eabi/lib/thumb/v7e-m+fp/softfp\libc.a(lib_a-lock.o)
                0x2000103c                __lock___sfp_recursive_mutex
 *fill*         0x2000103d        0x3 
 .bss.__lock___sinit_recursive_mutex
                0x20001040        0x1 c:/workspace/msdk/tools/gnutools/10.3/bin/../lib/gcc/arm-none-eabi/10.3.1/../../../../arm-none-eabi/lib/thumb/v7e-m+fp/softfp\libc.a(lib_a-lock.o)
                0x20001040                __lock___sinit_recursive_mutex
 *fill*         0x20001041        0x3 
 .bss.errno     0x20001044        0x4 c:/workspace/msdk/tools/gnutools/10.3/bin/../lib/gcc/arm-none-eabi/10.3.1/../../../../arm-none-eabi/lib/thumb/v7e-m+fp/softfp\libc.a(lib_a-reent.o)
                0x20001044                errno
 *(COMMON)
                0x20001048                _ebss = ALIGN (., 0x4)

.shared         0x20001048        0x4 load address 0x1000adbc
                0x20001048                . = ALIGN (0x4)
                0x20001048                _shared = .
 *(.mailbox*)
                0x20001048                . = ALIGN (0x4)
 *(.shared*)
 .shared        0x20001048        0x4 c:/workspace/ADI_Intern_Private/readTempSensor/readTemp_New/build/system_max78000.o
                0x20001048                SystemCoreClock
                0x2000104c                _eshared = ALIGN (., 0x4)
                0x1000adbc                __shared_data = LOADADDR (.shared)
                0x20020000                __StackTop = (ORIGIN (SRAM) + LENGTH (SRAM))
                0x2001f000                __StackLimit = (__StackTop - SIZEOF (.stack_dummy))

.stack_dummy    0x20001050     0x1000 load address 0x1000adc0
 *(.stack*)
 .stack         0x20001050     0x1000 c:/workspace/ADI_Intern_Private/readTempSensor/readTemp_New/build/startup_max78000.o

.heap           0x20001050      0xc00 load address 0x1000adc0
                0x20001050                . = ALIGN (0x4)
 *(.heap*)
 .heap          0x20001050      0xc00 c:/workspace/ADI_Intern_Private/readTempSensor/readTemp_New/build/startup_max78000.o
                0x20001050                __HeapBase
                0x2001f000                __HeapLimit = ABSOLUTE (__StackLimit)
                0x20020000                PROVIDE (__stack = __StackTop)
                0x00000001                ASSERT ((__StackLimit >= _ebss), region RAM overflowed with stack)

.riscv_flash    0x1000adc0      0x140
                0x1000ae00                . = ALIGN (0x100)
 *fill*         0x1000adc0       0x40 
                0x1000af00                . = (. + 0x100)
 *fill*         0x1000ae00      0x100 
                0x1000af00                _riscv_boot = .
 *riscv.o(.text*)
OUTPUT(c:/workspace/ADI_Intern_Private/readTempSensor/readTemp_New/build/readTemp_New.elf elf32-littlearm)
LOAD linker stubs

.ARM.attributes
                0x00000000       0x2e
 .ARM.attributes
                0x00000000       0x1e c:/workspace/msdk/tools/gnutools/10.3/bin/../lib/gcc/arm-none-eabi/10.3.1/thumb/v7e-m+fp/softfp/crti.o
 .ARM.attributes
                0x0000001e       0x32 c:/workspace/msdk/tools/gnutools/10.3/bin/../lib/gcc/arm-none-eabi/10.3.1/thumb/v7e-m+fp/softfp/crtbegin.o
 .ARM.attributes
                0x00000050       0x32 c:/workspace/ADI_Intern_Private/readTempSensor/readTemp_New/build/main.o
 .ARM.attributes
                0x00000082       0x32 c:/workspace/ADI_Intern_Private/readTempSensor/readTemp_New/build/board.o
 .ARM.attributes
                0x000000b4       0x32 c:/workspace/ADI_Intern_Private/readTempSensor/readTemp_New/build/stdio.o
 .ARM.attributes
                0x000000e6       0x32 c:/workspace/ADI_Intern_Private/readTempSensor/readTemp_New/build/led.o
 .ARM.attributes
                0x00000118       0x32 c:/workspace/ADI_Intern_Private/readTempSensor/readTemp_New/build/pb.o
 .ARM.attributes
                0x0000014a       0x1b c:/workspace/ADI_Intern_Private/readTempSensor/readTemp_New/build/startup_max78000.o
 .ARM.attributes
                0x00000165       0x32 c:/workspace/ADI_Intern_Private/readTempSensor/readTemp_New/build/heap.o
 .ARM.attributes
                0x00000197       0x32 c:/workspace/ADI_Intern_Private/readTempSensor/readTemp_New/build/system_max78000.o
 .ARM.attributes
                0x000001c9       0x32 C:/workspace/msdk/Libraries/PeriphDrivers/bin/MAX78000/spi-v1_softfp/libPeriphDriver_spi-v1_softfp.a(pins_ai85.o)
 .ARM.attributes
                0x000001fb       0x32 C:/workspace/msdk/Libraries/PeriphDrivers/bin/MAX78000/spi-v1_softfp/libPeriphDriver_spi-v1_softfp.a(sys_ai85.o)
 .ARM.attributes
                0x0000022d       0x32 C:/workspace/msdk/Libraries/PeriphDrivers/bin/MAX78000/spi-v1_softfp/libPeriphDriver_spi-v1_softfp.a(dma_me17.o)
 .ARM.attributes
                0x0000025f       0x32 C:/workspace/msdk/Libraries/PeriphDrivers/bin/MAX78000/spi-v1_softfp/libPeriphDriver_spi-v1_softfp.a(dma_reva.o)
 .ARM.attributes
                0x00000291       0x32 C:/workspace/msdk/Libraries/PeriphDrivers/bin/MAX78000/spi-v1_softfp/libPeriphDriver_spi-v1_softfp.a(gpio_ai85.o)
 .ARM.attributes
                0x000002c3       0x32 C:/workspace/msdk/Libraries/PeriphDrivers/bin/MAX78000/spi-v1_softfp/libPeriphDriver_spi-v1_softfp.a(gpio_reva.o)
 .ARM.attributes
                0x000002f5       0x32 C:/workspace/msdk/Libraries/PeriphDrivers/bin/MAX78000/spi-v1_softfp/libPeriphDriver_spi-v1_softfp.a(icc_me17.o)
 .ARM.attributes
                0x00000327       0x32 C:/workspace/msdk/Libraries/PeriphDrivers/bin/MAX78000/spi-v1_softfp/libPeriphDriver_spi-v1_softfp.a(icc_reva.o)
 .ARM.attributes
                0x00000359       0x32 C:/workspace/msdk/Libraries/PeriphDrivers/bin/MAX78000/spi-v1_softfp/libPeriphDriver_spi-v1_softfp.a(spi_me17.o)
 .ARM.attributes
                0x0000038b       0x32 C:/workspace/msdk/Libraries/PeriphDrivers/bin/MAX78000/spi-v1_softfp/libPeriphDriver_spi-v1_softfp.a(spi_reva1.o)
 .ARM.attributes
                0x000003bd       0x32 C:/workspace/msdk/Libraries/PeriphDrivers/bin/MAX78000/spi-v1_softfp/libPeriphDriver_spi-v1_softfp.a(uart_ai85.o)
 .ARM.attributes