Archive member included to satisfy reference by file (symbol)

C:/workspace/msdk/Libraries/PeriphDrivers/bin/MAX32690/spi-v1_softfp/libPeriphDriver_spi-v1_softfp.a(sys_me18.o)
                              c:/workspace/ADI_Intern_Private/AD-APARD32690-SL/readTempSensor/archive/SPI/build/board.o (MXC_SYS_ClockEnable)
C:/workspace/msdk/Libraries/PeriphDrivers/bin/MAX32690/spi-v1_softfp/libPeriphDriver_spi-v1_softfp.a(ctb_me18.o)
                              C:/workspace/msdk/Libraries/PeriphDrivers/bin/MAX32690/spi-v1_softfp/libPeriphDriver_spi-v1_softfp.a(sys_me18.o) (MXC_CTB_Init)
C:/workspace/msdk/Libraries/PeriphDrivers/bin/MAX32690/spi-v1_softfp/libPeriphDriver_spi-v1_softfp.a(ctb_reva.o)
                              C:/workspace/msdk/Libraries/PeriphDrivers/bin/MAX32690/spi-v1_softfp/libPeriphDriver_spi-v1_softfp.a(ctb_me18.o) (MXC_CTB_RevA_Init)
C:/workspace/msdk/Libraries/PeriphDrivers/bin/MAX32690/spi-v1_softfp/libPeriphDriver_spi-v1_softfp.a(ctb_common.o)
                              C:/workspace/msdk/Libraries/PeriphDrivers/bin/MAX32690/spi-v1_softfp/libPeriphDriver_spi-v1_softfp.a(ctb_me18.o) (MXC_CTB_Common_Hash_GetBlockSize)
C:/workspace/msdk/Libraries/PeriphDrivers/bin/MAX32690/spi-v1_softfp/libPeriphDriver_spi-v1_softfp.a(dma_me18.o)
                              c:/workspace/ADI_Intern_Private/AD-APARD32690-SL/readTempSensor/archive/SPI/build/main.o (MXC_DMA_Handler)
C:/workspace/msdk/Libraries/PeriphDrivers/bin/MAX32690/spi-v1_softfp/libPeriphDriver_spi-v1_softfp.a(dma_reva.o)
                              C:/workspace/msdk/Libraries/PeriphDrivers/bin/MAX32690/spi-v1_softfp/libPeriphDriver_spi-v1_softfp.a(dma_me18.o) (MXC_DMA_RevA_Init)
C:/workspace/msdk/Libraries/PeriphDrivers/bin/MAX32690/spi-v1_softfp/libPeriphDriver_spi-v1_softfp.a(flc_me18.o)
                              C:/workspace/msdk/Libraries/PeriphDrivers/bin/MAX32690/spi-v1_softfp/libPeriphDriver_spi-v1_softfp.a(sys_me18.o) (MXC_FLC_UnlockInfoBlock)
C:/workspace/msdk/Libraries/PeriphDrivers/bin/MAX32690/spi-v1_softfp/libPeriphDriver_spi-v1_softfp.a(flc_reva.o)
                              C:/workspace/msdk/Libraries/PeriphDrivers/bin/MAX32690/spi-v1_softfp/libPeriphDriver_spi-v1_softfp.a(flc_me18.o) (MXC_FLC_RevA_Busy)
C:/workspace/msdk/Libraries/PeriphDrivers/bin/MAX32690/spi-v1_softfp/libPeriphDriver_spi-v1_softfp.a(gpio_me18.o)
                              c:/workspace/ADI_Intern_Private/AD-APARD32690-SL/readTempSensor/archive/SPI/build/pb.o (MXC_GPIO_InGet)
C:/workspace/msdk/Libraries/PeriphDrivers/bin/MAX32690/spi-v1_softfp/libPeriphDriver_spi-v1_softfp.a(gpio_reva.o)
                              C:/workspace/msdk/Libraries/PeriphDrivers/bin/MAX32690/spi-v1_softfp/libPeriphDriver_spi-v1_softfp.a(gpio_me18.o) (MXC_GPIO_RevA_InGet)
C:/workspace/msdk/Libraries/PeriphDrivers/bin/MAX32690/spi-v1_softfp/libPeriphDriver_spi-v1_softfp.a(icc_me18.o)
                              c:/workspace/ADI_Intern_Private/AD-APARD32690-SL/readTempSensor/archive/SPI/build/system_max32690.o (MXC_ICC_Enable)
C:/workspace/msdk/Libraries/PeriphDrivers/bin/MAX32690/spi-v1_softfp/libPeriphDriver_spi-v1_softfp.a(icc_reva.o)
                              C:/workspace/msdk/Libraries/PeriphDrivers/bin/MAX32690/spi-v1_softfp/libPeriphDriver_spi-v1_softfp.a(icc_me18.o) (MXC_ICC_RevA_ID)
C:/workspace/msdk/Libraries/PeriphDrivers/bin/MAX32690/spi-v1_softfp/libPeriphDriver_spi-v1_softfp.a(spi_me18.o)
                              c:/workspace/ADI_Intern_Private/AD-APARD32690-SL/readTempSensor/archive/SPI/build/main.o (MXC_SPI_Init)
C:/workspace/msdk/Libraries/PeriphDrivers/bin/MAX32690/spi-v1_softfp/libPeriphDriver_spi-v1_softfp.a(spi_reva1.o)
                              C:/workspace/msdk/Libraries/PeriphDrivers/bin/MAX32690/spi-v1_softfp/libPeriphDriver_spi-v1_softfp.a(spi_me18.o) (MXC_SPI_RevA1_Init)
C:/workspace/msdk/Libraries/PeriphDrivers/bin/MAX32690/spi-v1_softfp/libPeriphDriver_spi-v1_softfp.a(spixf_me18.o)
                              c:/workspace/ADI_Intern_Private/AD-APARD32690-SL/readTempSensor/archive/SPI/build/board.o (MXC_SPIXF_Init)
C:/workspace/msdk/Libraries/PeriphDrivers/bin/MAX32690/spi-v1_softfp/libPeriphDriver_spi-v1_softfp.a(spixf_reva.o)
                              C:/workspace/msdk/Libraries/PeriphDrivers/bin/MAX32690/spi-v1_softfp/libPeriphDriver_spi-v1_softfp.a(spixf_me18.o) (MXC_SPIXF_RevA_AbortAsync)
C:/workspace/msdk/Libraries/PeriphDrivers/bin/MAX32690/spi-v1_softfp/libPeriphDriver_spi-v1_softfp.a(uart_me18.o)
                              c:/workspace/ADI_Intern_Private/AD-APARD32690-SL/readTempSensor/archive/SPI/build/board.o (MXC_UART_Shutdown)
C:/workspace/msdk/Libraries/PeriphDrivers/bin/MAX32690/spi-v1_softfp/libPeriphDriver_spi-v1_softfp.a(uart_revb.o)
                              C:/workspace/msdk/Libraries/PeriphDrivers/bin/MAX32690/spi-v1_softfp/libPeriphDriver_spi-v1_softfp.a(uart_me18.o) (MXC_UART_RevB_Init)
[...]
Memory Configuration

Name             Origin             Length             Attributes
ROM              0x00000000         0x00020000         xr
FLASH            0x10000000         0x00340000         xr
PAL_NVM_DB       0x10340000         0x00000000         r
RISCV_FLASH      0x00000000         0x00000000         xr
SRAM             0x20000000         0x00100000         xrw
MAILBOX_0        0x00000000         0x00000000         rw
MAILBOX_1        0x00000000         0x00000000         rw
HPB_CS0          0x60000000         0x10000000         xrw
HPB_CS1          0x70000000         0x10000000         xrw
*default*        0x00000000         0xffffffff

Linker script and memory map

LOAD c:/workspace/msdk/tools/gnutools/10.3/bin/../lib/gcc/arm-none-eabi/10.3.1/thumb/v7e-m+fp/softfp/crti.o
LOAD c:/workspace/msdk/tools/gnutools/10.3/bin/../lib/gcc/arm-none-eabi/10.3.1/thumb/v7e-m+fp/softfp/crtbegin.o
LOAD c:/workspace/msdk/tools/gnutools/10.3/bin/../lib/gcc/arm-none-eabi/10.3.1/../../../../arm-none-eabi/lib/thumb/v7e-m+fp/softfp/crt0.o
LOAD c:/workspace/ADI_Intern_Private/AD-APARD32690-SL/readTempSensor/archive/SPI/build/main.o
LOAD c:/workspace/ADI_Intern_Private/AD-APARD32690-SL/readTempSensor/archive/SPI/build/board.o
LOAD c:/workspace/ADI_Intern_Private/AD-APARD32690-SL/readTempSensor/archive/SPI/build/stdio.o
LOAD c:/workspace/ADI_Intern_Private/AD-APARD32690-SL/readTempSensor/archive/SPI/build/led.o
LOAD c:/workspace/ADI_Intern_Private/AD-APARD32690-SL/readTempSensor/archive/SPI/build/mx25.o
LOAD c:/workspace/ADI_Intern_Private/AD-APARD32690-SL/readTempSensor/archive/SPI/build/pb.o
LOAD c:/workspace/ADI_Intern_Private/AD-APARD32690-SL/readTempSensor/archive/SPI/build/startup_max32690.o
LOAD c:/workspace/ADI_Intern_Private/AD-APARD32690-SL/readTempSensor/archive/SPI/build/heap.o
LOAD c:/workspace/ADI_Intern_Private/AD-APARD32690-SL/readTempSensor/archive/SPI/build/system_max32690.o
START GROUP
LOAD C:/workspace/msdk/Libraries/PeriphDrivers/bin/MAX32690/spi-v1_softfp/libPeriphDriver_spi-v1_softfp.a
LOAD c:/workspace/msdk/tools/gnutools/10.3/bin/../lib/gcc/arm-none-eabi/10.3.1/../../../../arm-none-eabi/lib/thumb/v7e-m+fp/softfp\libc.a
LOAD c:/workspace/msdk/tools/gnutools/10.3/bin/../lib/gcc/arm-none-eabi/10.3.1/../../../../arm-none-eabi/lib/thumb/v7e-m+fp/softfp\libm.a
LOAD c:/workspace/msdk/tools/gnutools/10.3/bin/../lib/gcc/arm-none-eabi/10.3.1/../../../../arm-none-eabi/lib/thumb/v7e-m+fp/softfp\libnosys.a
END GROUP
START GROUP
LOAD c:/workspace/msdk/tools/gnutools/10.3/bin/../lib/gcc/arm-none-eabi/10.3.1/thumb/v7e-m+fp/softfp\libgcc.a
LOAD c:/workspace/msdk/tools/gnutools/10.3/bin/../lib/gcc/arm-none-eabi/10.3.1/../../../../arm-none-eabi/lib/thumb/v7e-m+fp/softfp\libc.a
END GROUP
LOAD c:/workspace/msdk/tools/gnutools/10.3/bin/../lib/gcc/arm-none-eabi/10.3.1/thumb/v7e-m+fp/softfp/crtend.o
LOAD c:/workspace/msdk/tools/gnutools/10.3/bin/../lib/gcc/arm-none-eabi/10.3.1/thumb/v7e-m+fp/softfp/crtn.o
                0x10000000                ARM_FLASH_ORIGIN = _FLASH_ORIGIN
                0x00340000                ARM_FLASH_SIZE = ((_FLASH_SIZE - _RISCV_FLASH_SIZE) - _PAL_NVM_SIZE)
                0x10340000                PAL_NVM_ORIGIN = ((_FLASH_SIZE - _PAL_NVM_SIZE) + _FLASH_ORIGIN)
                0x00000000                RISCV_FLASH_ORIGIN = _RISCV_FLASH_ORIGIN
                0x00000000                RISCV_FLASH_SIZE = _RISCV_FLASH_SIZE
                0x20000000                ARM_SRAM_ORIGIN = _SRAM_ORIGIN
                0x00100000                ARM_SRAM_SIZE = (_SRAM_SIZE - _RISCV_SRAM_SIZE)
                0x00000000                MAILBOX_ORIGIN = _RISCV_SRAM_ORIGIN
                0x00000000                RISCV_SRAM_ORIGIN = _RISCV_SRAM_ORIGIN
                0x00000000                RISCV_SRAM_SIZE = _RISCV_SRAM_SIZE

.rom
 *(.rom_vector)
 *(.rom_handlers*)

.text           0x10000000     0xaf1c
                0x10000000                _text = .
 *(.isr_vector)
 .isr_vector    0x10000000      0x200 c:/workspace/ADI_Intern_Private/AD-APARD32690-SL/readTempSensor/archive/SPI/build/startup_max32690.o
                0x10000000                __isr_vector
 EXCLUDE_FILE(*riscv.o) *(.text*)
 .text          0x10000200       0x40 c:/workspace/msdk/tools/gnutools/10.3/bin/../lib/gcc/arm-none-eabi/10.3.1/thumb/v7e-m+fp/softfp/crtbegin.o
 .text.SPI_Callback
                0x10000240        0xc c:/workspace/ADI_Intern_Private/AD-APARD32690-SL/readTempSensor/archive/SPI/build/main.o
                0x10000240                SPI_Callback
 .text.DMA0_IRQHandler
                0x1000024c        0x8 c:/workspace/ADI_Intern_Private/AD-APARD32690-SL/readTempSensor/archive/SPI/build/main.o
                0x1000024c                DMA0_IRQHandler
 .text.DMA1_IRQHandler
                0x10000254       0x14 c:/workspace/ADI_Intern_Private/AD-APARD32690-SL/readTempSensor/archive/SPI/build/main.o
                0x10000254                DMA1_IRQHandler
 .text.main     0x10000268      0x1d0 c:/workspace/ADI_Intern_Private/AD-APARD32690-SL/readTempSensor/archive/SPI/build/main.o
                0x10000268                main
 .text.ext_flash_clock
                0x10000438        0xa c:/workspace/ADI_Intern_Private/AD-APARD32690-SL/readTempSensor/archive/SPI/build/board.o
 .text.ext_flash_board_write
                0x10000442       0x36 c:/workspace/ADI_Intern_Private/AD-APARD32690-SL/readTempSensor/archive/SPI/build/board.o
 .text.ext_flash_board_read
                0x10000478       0x36 c:/workspace/ADI_Intern_Private/AD-APARD32690-SL/readTempSensor/archive/SPI/build/board.o
 *fill*         0x100004ae        0x2 
 .text.ext_flash_board_init
                0x100004b0       0x1c c:/workspace/ADI_Intern_Private/AD-APARD32690-SL/readTempSensor/archive/SPI/build/board.o
 .text.mxc_assert
                0x100004cc       0x10 c:/workspace/ADI_Intern_Private/AD-APARD32690-SL/readTempSensor/archive/SPI/build/board.o
                0x100004cc                mxc_assert
 .text.GPIOWAKE_IRQHandler
                0x100004dc        0xa c:/workspace/ADI_Intern_Private/AD-APARD32690-SL/readTempSensor/archive/SPI/build/board.o
                0x100004dc                GPIOWAKE_IRQHandler
 .text.GPIO2_IRQHandler
                0x100004e6        0xa c:/workspace/ADI_Intern_Private/AD-APARD32690-SL/readTempSensor/archive/SPI/build/board.o
                0x100004e6                GPIO2_IRQHandler
 .text.Console_Init
                0x100004f0       0x18 c:/workspace/ADI_Intern_Private/AD-APARD32690-SL/readTempSensor/archive/SPI/build/board.o
                0x100004f0                Console_Init
 .text.Board_Init
                0x10000508       0x78 c:/workspace/ADI_Intern_Private/AD-APARD32690-SL/readTempSensor/archive/SPI/build/board.o
                0x10000508                Board_Init
 .text.NMI_Handler
                0x10000580       0x10 c:/workspace/ADI_Intern_Private/AD-APARD32690-SL/readTempSensor/archive/SPI/build/board.o
                0x10000580                NMI_Handler
 .text.HardFault_Handler
                0x10000590       0x10 c:/workspace/ADI_Intern_Private/AD-APARD32690-SL/readTempSensor/archive/SPI/build/board.o
                0x10000590                HardFault_Handler
 .text._close   0x100005a0        0x6 c:/workspace/ADI_Intern_Private/AD-APARD32690-SL/readTempSensor/archive/SPI/build/stdio.o
                0x100005a0                _close
 .text._isatty  0x100005a6        0x6 c:/workspace/ADI_Intern_Private/AD-APARD32690-SL/readTempSensor/archive/SPI/build/stdio.o
                0x100005a6                _isatty
 .text._lseek   0x100005ac        0x6 c:/workspace/ADI_Intern_Private/AD-APARD32690-SL/readTempSensor/archive/SPI/build/stdio.o
                0x100005ac                _lseek
 .text._fstat   0x100005b2        0x6 c:/workspace/ADI_Intern_Private/AD-APARD32690-SL/readTempSensor/archive/SPI/build/stdio.o
                0x100005b2                _fstat
 .text._read    0x100005b8       0x50 c:/workspace/ADI_Intern_Private/AD-APARD32690-SL/readTempSensor/archive/SPI/build/stdio.o
                0x100005b8                _read
 .text._write   0x10000608       0x44 c:/workspace/ADI_Intern_Private/AD-APARD32690-SL/readTempSensor/archive/SPI/build/stdio.o
                0x10000608                _write
 .text.LED_On   0x1000064c       0x44 c:/workspace/ADI_Intern_Private/AD-APARD32690-SL/readTempSensor/archive/SPI/build/led.o
                0x1000064c                LED_On
 .text.LED_Off  0x10000690       0x44 c:/workspace/ADI_Intern_Private/AD-APARD32690-SL/readTempSensor/archive/SPI/build/led.o
                0x10000690                LED_Off
 .text.LED_Init
                0x100006d4       0x3c c:/workspace/ADI_Intern_Private/AD-APARD32690-SL/readTempSensor/archive/SPI/build/led.o
                0x100006d4                LED_Init
 .text.Ext_Flash_Configure
                0x10000710       0x28 c:/workspace/ADI_Intern_Private/AD-APARD32690-SL/readTempSensor/archive/SPI/build/mx25.o
                0x10000710                Ext_Flash_Configure
 .text.PB_Init  0x10000738       0x60 c:/workspace/ADI_Intern_Private/AD-APARD32690-SL/readTempSensor/archive/SPI/build/pb.o
                0x10000738                PB_Init
 .text.PB_Set_Polarity
                0x10000798       0x20 c:/workspace/ADI_Intern_Private/AD-APARD32690-SL/readTempSensor/archive/SPI/build/pb.o
                0x10000798                PB_Set_Polarity
 .text          0x100007b8      0x158 c:/workspace/ADI_Intern_Private/AD-APARD32690-SL/readTempSensor/archive/SPI/build/startup_max32690.o
                0x100007b8                Reset_Handler
                0x100007f8                MemManage_Handler
                0x100007fa                BusFault_Handler
                0x100007fc                UsageFault_Handler
                0x100007fe                SVC_Handler
                0x10000800                DebugMon_Handler
                0x10000802                PendSV_Handler
                0x10000804                SysTick_Handler
                0x10000806                Default_Handler
                0x10000808                PF_IRQHandler
                0x1000080a                WDT0_IRQHandler
                0x1000080c                USB_IRQHandler
                0x1000080e                RTC_IRQHandler
                0x10000810                TRNG_IRQHandler
                0x10000812                TMR0_IRQHandler
                0x10000814                TMR1_IRQHandler
                0x10000816                TMR2_IRQHandler
                0x10000818                TMR3_IRQHandler
                0x1000081a                TMR4_IRQHandler
                0x1000081c                TMR5_IRQHandler
                0x1000081e                RSV11_IRQHandler
                0x10000820                RSV12_IRQHandler
                0x10000822                I2C0_IRQHandler
                0x10000824                UART0_IRQHandler
                0x10000826                UART1_IRQHandler
                0x10000828                SPI0_IRQHandler
                0x1000082a                SPI1_IRQHandler
                0x1000082c                SPI2_IRQHandler
                0x1000082e                RSV19_IRQHandler
                0x10000830                ADC_IRQHandler
                0x10000832                RSV21_IRQHandler
                0x10000834                RSV22_IRQHandler
                0x10000836                FLC0_IRQHandler
                0x10000838                GPIO0_IRQHandler
                0x1000083a                GPIO1_IRQHandler
                0x1000083e                CRYPTO_IRQHandler
                0x10000844                DMA2_IRQHandler
                0x10000846                DMA3_IRQHandler
                0x10000848                RSV32_IRQHandler
                0x1000084a                RSV33_IRQHandler
                0x1000084c                UART2_IRQHandler
                0x1000084e                RSV35_IRQHandler
                0x10000850                I2C1_IRQHandler
                0x10000852                RSV37_IRQHandler
                0x10000854                SPIXC_IRQHandler
                0x10000856                BTLE_TX_DONE_IRQHandler
                0x10000858                BTLE_RX_RCVD_IRQHandler
                0x1000085a                BTLE_RX_ENG_DET_IRQHandler
                0x1000085c                BTLE_SFD_DET_IRQHandler
                0x1000085e                BTLE_SFD_TO_IRQHandler
                0x10000860                BTLE_GP_EVENT_IRQHandler
                0x10000862                BTLE_CFO_IRQHandler
                0x10000864                BTLE_SIG_DET_IRQHandler
                0x10000866                BTLE_AGC_EVENT_IRQHandler
                0x10000868                BTLE_RFFE_SPIM_IRQHandler
                0x1000086a                BTLE_TX_AES_IRQHandler
                0x1000086c                BTLE_RX_AES_IRQHandler
                0x1000086e                BTLE_INV_APB_ADDR_IRQHandler
                0x10000870                BTLE_IQ_DATA_VALID_IRQHandler
                0x10000872                WUT0_IRQHandler
                0x10000876                RSV55_IRQHandler
                0x10000878                SPI3_IRQHandler
                0x1000087a                WDT1_IRQHandler
                0x1000087c                GPIO3_IRQHandler
                0x1000087e                PT_IRQHandler
                0x10000880                RSV60_IRQHandler
                0x10000882                HPB_IRQHandler
                0x10000884                I2C2_IRQHandler
                0x10000886                RISCV_IRQHandler
                0x10000888                RSV64_IRQHandler
                0x1000088a                RSV65_IRQHandler
                0x1000088c                RSV66_IRQHandler
                0x1000088e                OWM_IRQHandler
                0x10000890                DMA4_IRQHandler
                0x10000892                DMA5_IRQHandler
                0x10000894                DMA6_IRQHandler
                0x10000896                DMA7_IRQHandler
                0x10000898                DMA8_IRQHandler
                0x1000089a                DMA9_IRQHandler
                0x1000089c                DMA10_IRQHandler
                0x1000089e                DMA11_IRQHandler
                0x100008a0                DMA12_IRQHandler
                0x100008a2                DMA13_IRQHandler
                0x100008a4                DMA14_IRQHandler
                0x100008a6                DMA15_IRQHandler
                0x100008a8                USBDMA_IRQHandler
                0x100008aa                RSV81_IRQHandler
                0x100008ac                ECC_IRQHandler
                0x100008ae                RSV83_IRQHandler
                0x100008b0                RSV84_IRQHandler
                0x100008b2                SCA_IRQHandler
                0x100008b4                RSV86_IRQHandler
                0x100008b6                FLC1_IRQHandler
                0x100008b8                UART3_IRQHandler
                0x100008ba                RSV89_IRQHandler
                0x100008bc                RSV90_IRQHandler
                0x100008be                RSV91_IRQHandler
                0x100008c0                RSV92_IRQHandler
                0x100008c2                RSV93_IRQHandler
                0x100008c4                RSV94_IRQHandler
                0x100008c6                RSV95_IRQHandler
                0x100008c8                RSV96_IRQHandler
                0x100008ca                RSV97_IRQHandler
                0x100008cc                RSV98_IRQHandler
                0x100008ce                I2S_IRQHandler
                0x100008d0                RSV100_IRQHandler
                0x100008d2                RSV101_IRQHandler
                0x100008d4                RSV102_IRQHandler
                0x100008d6                LPCMP_IRQHandler
                0x100008d8                RSV104_IRQHandler
                0x100008da                SPI4_IRQHandler
                0x100008dc                RSV106_IRQHandler
                0x100008de                CAN0_IRQHandler
                0x100008e0                CAN1_IRQHandler
                0x100008e2                WUT1_IRQHandler
                0x100008e4                RSV110_IRQHandler
                0x100008e6                RSV111_IRQHandler
 .text._sbrk    0x10000910       0x40 c:/workspace/ADI_Intern_Private/AD-APARD32690-SL/readTempSensor/archive/SPI/build/heap.o
                0x10000910                _sbrk
 .text._getpid  0x10000950        0x6 c:/workspace/ADI_Intern_Private/AD-APARD32690-SL/readTempSensor/archive/SPI/build/system_max32690.o
                0x10000950                _getpid
 .text._kill    0x10000956        0x6 c:/workspace/ADI_Intern_Private/AD-APARD32690-SL/readTempSensor/archive/SPI/build/system_max32690.o
                0x10000956                _kill
 .text.SystemCoreClockUpdate
                0x1000095c       0x80 c:/workspace/ADI_Intern_Private/AD-APARD32690-SL/readTempSensor/archive/SPI/build/system_max32690.o
                0x1000095c                SystemCoreClockUpdate
 .text.PreInit  0x100009dc        0x4 c:/workspace/ADI_Intern_Private/AD-APARD32690-SL/readTempSensor/archive/SPI/build/system_max32690.o
                0x100009dc                PreInit
 .text.PinInit  0x100009e0        0x2 c:/workspace/ADI_Intern_Private/AD-APARD32690-SL/readTempSensor/archive/SPI/build/system_max32690.o
                0x100009e0                PinInit
 .text.PeripheralInit
                0x100009e2        0x4 c:/workspace/ADI_Intern_Private/AD-APARD32690-SL/readTempSensor/archive/SPI/build/system_max32690.o
                0x100009e2                PeripheralInit
 .text.ClockInit
                0x100009e6        0x4 c:/workspace/ADI_Intern_Private/AD-APARD32690-SL/readTempSensor/archive/SPI/build/system_max32690.o
                0x100009e6                ClockInit
 .text.PalSysInit
                0x100009ea        0x2 c:/workspace/ADI_Intern_Private/AD-APARD32690-SL/readTempSensor/archive/SPI/build/system_max32690.o
                0x100009ea                PalSysInit
 .text.SystemInit
                0x100009ec       0x94 c:/workspace/ADI_Intern_Private/AD-APARD32690-SL/readTempSensor/archive/SPI/build/system_max32690.o
                0x100009ec                SystemInit
 .text.MXC_SYS_ClockDisable
                0x10000a80       0x48 C:/workspace/msdk/Libraries/PeriphDrivers/bin/MAX32690/spi-v1_softfp/libPeriphDriver_spi-v1_softfp.a(sys_me18.o)
                0x10000a80                MXC_SYS_ClockDisable
 .text.MXC_SYS_ClockEnable
                0x10000ac8       0x50 C:/workspace/msdk/Libraries/PeriphDrivers/bin/MAX32690/spi-v1_softfp/libPeriphDriver_spi-v1_softfp.a(sys_me18.o)
                0x10000ac8                MXC_SYS_ClockEnable
 .text.MXC_SYS_Clock_Timeout
                0x10000b18       0x1c C:/workspace/msdk/Libraries/PeriphDrivers/bin/MAX32690/spi-v1_softfp/libPeriphDriver_spi-v1_softfp.a(sys_me18.o)
                0x10000b18                MXC_SYS_Clock_Timeout
 .text.MXC_SYS_ClockSourceEnable
                0x10000b34       0xa4 C:/workspace/msdk/Libraries/PeriphDrivers/bin/MAX32690/spi-v1_softfp/libPeriphDriver_spi-v1_softfp.a(sys_me18.o)
                0x10000b34                MXC_SYS_ClockSourceEnable
 .text.MXC_SYS_Clock_Select
                0x10000bd8      0x12c C:/workspace/msdk/Libraries/PeriphDrivers/bin/MAX32690/spi-v1_softfp/libPeriphDriver_spi-v1_softfp.a(sys_me18.o)
                0x10000bd8                MXC_SYS_Clock_Select
 .text.MXC_SYS_Reset_Periph
                0x10000d04       0x58 C:/workspace/msdk/Libraries/PeriphDrivers/bin/MAX32690/spi-v1_softfp/libPeriphDriver_spi-v1_softfp.a(sys_me18.o)
                0x10000d04                MXC_SYS_Reset_Periph
 .text.MXC_DMA_ChannelClearFlags
                0x10000d5c        0x8 C:/workspace/msdk/Libraries/PeriphDrivers/bin/MAX32690/spi-v1_softfp/libPeriphDriver_spi-v1_softfp.a(dma_me18.o)
                0x10000d5c                MXC_DMA_ChannelClearFlags
 .text.MXC_DMA_Handler
                0x10000d64       0x10 C:/workspace/msdk/Libraries/PeriphDrivers/bin/MAX32690/spi-v1_softfp/libPeriphDriver_spi-v1_softfp.a(dma_me18.o)
                0x10000d64                MXC_DMA_Handler
 .text.MXC_DMA_RevA_ReleaseChannel
                0x10000d74       0x60 C:/workspace/msdk/Libraries/PeriphDrivers/bin/MAX32690/spi-v1_softfp/libPeriphDriver_spi-v1_softfp.a(dma_reva.o)
                0x10000d74                MXC_DMA_RevA_ReleaseChannel
 .text.MXC_DMA_RevA_ChannelGetFlags
                0x10000dd4       0x30 C:/workspace/msdk/Libraries/PeriphDrivers/bin/MAX32690/spi-v1_softfp/libPeriphDriver_spi-v1_softfp.a(dma_reva.o)
                0x10000dd4                MXC_DMA_RevA_ChannelGetFlags
 .text.MXC_DMA_RevA_ChannelClearFlags
                0x10000e04       0x38 C:/workspace/msdk/Libraries/PeriphDrivers/bin/MAX32690/spi-v1_softfp/libPeriphDriver_spi-v1_softfp.a(dma_reva.o)
                0x10000e04                MXC_DMA_RevA_ChannelClearFlags
 .text.MXC_DMA_RevA_Handler
                0x10000e3c       0x94 C:/workspace/msdk/Libraries/PeriphDrivers/bin/MAX32690/spi-v1_softfp/libPeriphDriver_spi-v1_softfp.a(dma_reva.o)
                0x10000e3c                MXC_DMA_RevA_Handler
 .text.MXC_GPIO_Init
                0x10000ed0       0x44 C:/workspace/msdk/Libraries/PeriphDrivers/bin/MAX32690/spi-v1_softfp/libPeriphDriver_spi-v1_softfp.a(gpio_me18.o)
                0x10000ed0                MXC_GPIO_Init
 .text.MXC_GPIO_OutSet
                0x10000f14       0x2c C:/workspace/msdk/Libraries/PeriphDrivers/bin/MAX32690/spi-v1_softfp/libPeriphDriver_spi-v1_softfp.a(gpio_me18.o)
                0x10000f14                MXC_GPIO_OutSet
 .text.MXC_GPIO_OutClr
                0x10000f40       0x30 C:/workspace/msdk/Libraries/PeriphDrivers/bin/MAX32690/spi-v1_softfp/libPeriphDriver_spi-v1_softfp.a(gpio_me18.o)
                0x10000f40                MXC_GPIO_OutClr
 .text.MXC_GPIO_Handler
                0x10000f70        0x8 C:/workspace/msdk/Libraries/PeriphDrivers/bin/MAX32690/spi-v1_softfp/libPeriphDriver_spi-v1_softfp.a(gpio_me18.o)
                0x10000f70                MXC_GPIO_Handler
 .text.MXC_GPIO_ClearFlags
                0x10000f78       0x20 C:/workspace/msdk/Libraries/PeriphDrivers/bin/MAX32690/spi-v1_softfp/libPeriphDriver_spi-v1_softfp.a(gpio_me18.o)
                0x10000f78                MXC_GPIO_ClearFlags
 .text.MXC_GPIO_GetFlags
                0x10000f98       0x20 C:/workspace/msdk/Libraries/PeriphDrivers/bin/MAX32690/spi-v1_softfp/libPeriphDriver_spi-v1_softfp.a(gpio_me18.o)
                0x10000f98                MXC_GPIO_GetFlags
 .text.MXC_GPIO_SetVSSEL
                0x10000fb8       0x18 C:/workspace/msdk/Libraries/PeriphDrivers/bin/MAX32690/spi-v1_softfp/libPeriphDriver_spi-v1_softfp.a(gpio_me18.o)
                0x10000fb8                MXC_GPIO_SetVSSEL
 .text.MXC_GPIO_SetDriveStrength
                0x10000fd0        0x8 C:/workspace/msdk/Libraries/PeriphDrivers/bin/MAX32690/spi-v1_softfp/libPeriphDriver_spi-v1_softfp.a(gpio_me18.o)
                0x10000fd0                MXC_GPIO_SetDriveStrength
 .text.MXC_GPIO_GetConfigLock
                0x10000fd8        0x8 C:/workspace/msdk/Libraries/PeriphDrivers/bin/MAX32690/spi-v1_softfp/libPeriphDriver_spi-v1_softfp.a(gpio_me18.o)
                0x10000fd8                MXC_GPIO_GetConfigLock
 .text.MXC_GPIO_Config
                0x10000fe0      0x2b0 C:/workspace/msdk/Libraries/PeriphDrivers/bin/MAX32690/spi-v1_softfp/libPeriphDriver_spi-v1_softfp.a(gpio_me18.o)
                0x10000fe0                MXC_GPIO_Config
 .text.MXC_GPIO_RevA_OutSet
                0x10001290        0x4 C:/workspace/msdk/Libraries/PeriphDrivers/bin/MAX32690/spi-v1_softfp/libPeriphDriver_spi-v1_softfp.a(gpio_reva.o)
                0x10001290                MXC_GPIO_RevA_OutSet
 .text.MXC_GPIO_RevA_OutClr
                0x10001294        0x4 C:/workspace/msdk/Libraries/PeriphDrivers/bin/MAX32690/spi-v1_softfp/libPeriphDriver_spi-v1_softfp.a(gpio_reva.o)
                0x10001294                MXC_GPIO_RevA_OutClr
 .text.MXC_GPIO_RevA_ClearFlags
                0x10001298        0x4 C:/workspace/msdk/Libraries/PeriphDrivers/bin/MAX32690/spi-v1_softfp/libPeriphDriver_spi-v1_softfp.a(gpio_reva.o)
                0x10001298                MXC_GPIO_RevA_ClearFlags
 .text.MXC_GPIO_RevA_GetFlags
                0x1000129c        0x4 C:/workspace/msdk/Libraries/PeriphDrivers/bin/MAX32690/spi-v1_softfp/libPeriphDriver_spi-v1_softfp.a(gpio_reva.o)
                0x1000129c                MXC_GPIO_RevA_GetFlags
 .text.MXC_GPIO_RevA_SetVSSEL
                0x100012a0       0x3e C:/workspace/msdk/Libraries/PeriphDrivers/bin/MAX32690/spi-v1_softfp/libPeriphDriver_spi-v1_softfp.a(gpio_reva.o)
                0x100012a0                MXC_GPIO_RevA_SetVSSEL
 .text.MXC_GPIO_RevA_SetAF
                0x100012de       0x88 C:/workspace/msdk/Libraries/PeriphDrivers/bin/MAX32690/spi-v1_softfp/libPeriphDriver_spi-v1_softfp.a(gpio_reva.o)
                0x100012de                MXC_GPIO_RevA_SetAF
 .text.MXC_GPIO_RevA_SetDriveStrength
                0x10001366       0x98 C:/workspace/msdk/Libraries/PeriphDrivers/bin/MAX32690/spi-v1_softfp/libPeriphDriver_spi-v1_softfp.a(gpio_reva.o)
                0x10001366                MXC_GPIO_RevA_SetDriveStrength
 .text.MXC_ICC_Enable
                0x100013fe        0x8 C:/workspace/msdk/Libraries/PeriphDrivers/bin/MAX32690/spi-v1_softfp/libPeriphDriver_spi-v1_softfp.a(icc_me18.o)
                0x100013fe                MXC_ICC_Enable
 .text.MXC_ICC_Disable
                0x10001406        0x8 C:/workspace/msdk/Libraries/PeriphDrivers/bin/MAX32690/spi-v1_softfp/libPeriphDriver_spi-v1_softfp.a(icc_me18.o)
                0x10001406                MXC_ICC_Disable
 .text.MXC_ICC_Ready
                0x1000140e        0xa C:/workspace/msdk/Libraries/PeriphDrivers/bin/MAX32690/spi-v1_softfp/libPeriphDriver_spi-v1_softfp.a(icc_reva.o)
 .text.MXC_ICC_RevA_Enable
                0x10001418       0x38 C:/workspace/msdk/Libraries/PeriphDrivers/bin/MAX32690/spi-v1_softfp/libPeriphDriver_spi-v1_softfp.a(icc_reva.o)
                0x10001418                MXC_ICC_RevA_Enable
 .text.MXC_ICC_RevA_Disable
                0x10001450        0xe C:/workspace/msdk/Libraries/PeriphDrivers/bin/MAX32690/spi-v1_softfp/libPeriphDriver_spi-v1_softfp.a(icc_reva.o)
                0x10001450                MXC_ICC_RevA_Disable
 *fill*         0x1000145e        0x2 
 .text.MXC_SPI_Init
                0x10001460      0x27c C:/workspace/msdk/Libraries/PeriphDrivers/bin/MAX32690/spi-v1_softfp/libPeriphDriver_spi-v1_softfp.a(spi_me18.o)
                0x10001460                MXC_SPI_Init
 .text.MXC_SPI_Shutdown
                0x100016dc       0xac C:/workspace/msdk/Libraries/PeriphDrivers/bin/MAX32690/spi-v1_softfp/libPeriphDriver_spi-v1_softfp.a(spi_me18.o)
                0x100016dc                MXC_SPI_Shutdown
 .text.MXC_SPI_GetPeripheralClock
                0x10001788       0xb0 C:/workspace/msdk/Libraries/PeriphDrivers/bin/MAX32690/spi-v1_softfp/libPeriphDriver_spi-v1_softfp.a(spi_me18.o)
                0x10001788                MXC_SPI_GetPeripheralClock
 .text.MXC_SPI_SetFrequency
                0x10001838        0x8 C:/workspace/msdk/Libraries/PeriphDrivers/bin/MAX32690/spi-v1_softfp/libPeriphDriver_spi-v1_softfp.a(spi_me18.o)
                0x10001838                MXC_SPI_SetFrequency
 .text.MXC_SPI_SetDataSize
                0x10001840        0x8 C:/workspace/msdk/Libraries/PeriphDrivers/bin/MAX32690/spi-v1_softfp/libPeriphDriver_spi-v1_softfp.a(spi_me18.o)
                0x10001840                MXC_SPI_SetDataSize
 .text.MXC_SPI_GetDataSize
                0x10001848        0x8 C:/workspace/msdk/Libraries/PeriphDrivers/bin/MAX32690/spi-v1_softfp/libPeriphDriver_spi-v1_softfp.a(spi_me18.o)
                0x10001848                MXC_SPI_GetDataSize
 .text.MXC_SPI_SetSlave
                0x10001850        0x8 C:/workspace/msdk/Libraries/PeriphDrivers/bin/MAX32690/spi-v1_softfp/libPeriphDriver_spi-v1_softfp.a(spi_me18.o)
                0x10001850                MXC_SPI_SetSlave
 .text.MXC_SPI_SetWidth
                0x10001858        0x8 C:/workspace/msdk/Libraries/PeriphDrivers/bin/MAX32690/spi-v1_softfp/libPeriphDriver_spi-v1_softfp.a(spi_me18.o)
                0x10001858                MXC_SPI_SetWidth
 .text.MXC_SPI_GetWidth
                0x10001860        0x8 C:/workspace/msdk/Libraries/PeriphDrivers/bin/MAX32690/spi-v1_softfp/libPeriphDriver_spi-v1_softfp.a(spi_me18.o)
                0x10001860                MXC_SPI_GetWidth
 .text.MXC_SPI_StartTransmission
                0x10001868        0x8 C:/workspace/msdk/Libraries/PeriphDrivers/bin/MAX32690/spi-v1_softfp/libPeriphDriver_spi-v1_softfp.a(spi_me18.o)
                0x10001868                MXC_SPI_StartTransmission
 .text.MXC_SPI_GetActive
                0x10001870        0x8 C:/workspace/msdk/Libraries/PeriphDrivers/bin/MAX32690/spi-v1_softfp/libPeriphDriver_spi-v1_softfp.a(spi_me18.o)
                0x10001870                MXC_SPI_GetActive
 .text.MXC_SPI_ReadRXFIFO
                0x10001878        0x8 C:/workspace/msdk/Libraries/PeriphDrivers/bin/MAX32690/spi-v1_softfp/libPeriphDriver_spi-v1_softfp.a(spi_me18.o)
                0x10001878                MXC_SPI_ReadRXFIFO
 .text.MXC_SPI_GetRXFIFOAvailable
                0x10001880        0x8 C:/workspace/msdk/Libraries/PeriphDrivers/bin/MAX32690/spi-v1_softfp/libPeriphDriver_spi-v1_softfp.a(spi_me18.o)
                0x10001880                MXC_SPI_GetRXFIFOAvailable
 .text.MXC_SPI_WriteTXFIFO
                0x10001888        0x8 C:/workspace/msdk/Libraries/PeriphDrivers/bin/MAX32690/spi-v1_softfp/libPeriphDriver_spi-v1_softfp.a(spi_me18.o)
                0x10001888                MXC_SPI_WriteTXFIFO
 .text.MXC_SPI_GetTXFIFOAvailable
                0x10001890        0x8 C:/workspace/msdk/Libraries/PeriphDrivers/bin/MAX32690/spi-v1_softfp/libPeriphDriver_spi-v1_softfp.a(spi_me18.o)
                0x10001890                MXC_SPI_GetTXFIFOAvailable
 .text.MXC_SPI_SetRXThreshold
                0x10001898        0x8 C:/workspace/msdk/Libraries/PeriphDrivers/bin/MAX32690/spi-v1_softfp/libPeriphDriver_spi-v1_softfp.a(spi_me18.o)
                0x10001898                MXC_SPI_SetRXThreshold
 .text.MXC_SPI_SetTXThreshold
                0x100018a0        0x8 C:/workspace/msdk/Libraries/PeriphDrivers/bin/MAX32690/spi-v1_softfp/libPeriphDriver_spi-v1_softfp.a(spi_me18.o)
                0x100018a0                MXC_SPI_SetTXThreshold
 .text.MXC_SPI_MasterTransaction
                0x100018a8        0x8 C:/workspace/msdk/Libraries/PeriphDrivers/bin/MAX32690/spi-v1_softfp/libPeriphDriver_spi-v1_softfp.a(spi_me18.o)
                0x100018a8                MXC_SPI_MasterTransaction
 .text.MXC_SPI_RevA1_TransSetup
                0x100018b0      0x1e8 C:/workspace/msdk/Libraries/PeriphDrivers/bin/MAX32690/spi-v1_softfp/libPeriphDriver_spi-v1_softfp.a(spi_reva1.o)
 .text.MXC_SPI_RevA1_TransHandler
                0x10001a98      0x1b4 C:/workspace/msdk/Libraries/PeriphDrivers/bin/MAX32690/spi-v1_softfp/libPeriphDriver_spi-v1_softfp.a(spi_reva1.o)
 .text.MXC_SPI_RevA1_MasterTransHandler
                0x10001c4c       0xbc C:/workspace/msdk/Libraries/PeriphDrivers/bin/MAX32690/spi-v1_softfp/libPeriphDriver_spi-v1_softfp.a(spi_reva1.o)
 .text.MXC_SPI_RevA1_Init
                0x10001d08      0x128 C:/workspace/msdk/Libraries/PeriphDrivers/bin/MAX32690/spi-v1_softfp/libPeriphDriver_spi-v1_softfp.a(spi_reva1.o)
                0x10001d08                MXC_SPI_RevA1_Init
 .text.MXC_SPI_RevA1_Shutdown
                0x10001e30       0xec C:/workspace/msdk/Libraries/PeriphDrivers/bin/MAX32690/spi-v1_softfp/libPeriphDriver_spi-v1_softfp.a(spi_reva1.o)
                0x10001e30                MXC_SPI_RevA1_Shutdown
 .text.MXC_SPI_RevA1_SetFrequency
                0x10001f1c       0x84 C:/workspace/msdk/Libraries/PeriphDrivers/bin/MAX32690/spi-v1_softfp/libPeriphDriver_spi-v1_softfp.a(spi_reva1.o)
                0x10001f1c                MXC_SPI_RevA1_SetFrequency
 .text.MXC_SPI_RevA1_SetDataSize
                0x10001fa0       0xc0 C:/workspace/msdk/Libraries/PeriphDrivers/bin/MAX32690/spi-v1_softfp/libPeriphDriver_spi-v1_softfp.a(spi_reva1.o)
                0x10001fa0                MXC_SPI_RevA1_SetDataSize
 .text.MXC_SPI_RevA1_GetDataSize
                0x10002060       0x14 C:/workspace/msdk/Libraries/PeriphDrivers/bin/MAX32690/spi-v1_softfp/libPeriphDriver_spi-v1_softfp.a(spi_reva1.o)
                0x10002060                MXC_SPI_RevA1_GetDataSize
 .text.MXC_SPI_RevA1_SetSlave
                0x10002074       0x98 C:/workspace/msdk/Libraries/PeriphDrivers/bin/MAX32690/spi-v1_softfp/libPeriphDriver_spi-v1_softfp.a(spi_reva1.o)
                0x10002074                MXC_SPI_RevA1_SetSlave
 .text.MXC_SPI_RevA1_SetWidth
                0x1000210c       0x3a C:/workspace/msdk/Libraries/PeriphDrivers/bin/MAX32690/spi-v1_softfp/libPeriphDriver_spi-v1_softfp.a(spi_reva1.o)
                0x1000210c                MXC_SPI_RevA1_SetWidth
 .text.MXC_SPI_RevA1_GetWidth
                0x10002146       0x28 C:/workspace/msdk/Libraries/PeriphDrivers/bin/MAX32690/spi-v1_softfp/libPeriphDriver_spi-v1_softfp.a(spi_reva1.o)
                0x10002146                MXC_SPI_RevA1_GetWidth
 .text.MXC_SPI_RevA1_StartTransmission
                0x1000216e       0x1a C:/workspace/msdk/Libraries/PeriphDrivers/bin/MAX32690/spi-v1_softfp/libPeriphDriver_spi-v1_softfp.a(spi_reva1.o)
                0x1000216e                MXC_SPI_RevA1_StartTransmission
 .text.MXC_SPI_RevA1_GetActive
                0x10002188       0x12 C:/workspace/msdk/Libraries/PeriphDrivers/bin/MAX32690/spi-v1_softfp/libPeriphDriver_spi-v1_softfp.a(spi_reva1.o)
                0x10002188                MXC_SPI_RevA1_GetActive
 .text.MXC_SPI_RevA1_ReadRXFIFO
                0x1000219a       0x64 C:/workspace/msdk/Libraries/PeriphDrivers/bin/MAX32690/spi-v1_softfp/libPeriphDriver_spi-v1_softfp.a(spi_reva1.o)
                0x1000219a                MXC_SPI_RevA1_ReadRXFIFO
 .text.MXC_SPI_RevA1_GetRXFIFOAvailable
                0x100021fe        0x8 C:/workspace/msdk/Libraries/PeriphDrivers/bin/MAX32690/spi-v1_softfp/libPeriphDriver_spi-v1_softfp.a(spi_reva1.o)
                0x100021fe                MXC_SPI_RevA1_GetRXFIFOAvailable
 .text.MXC_SPI_RevA1_WriteTXFIFO
                0x10002206       0x60 C:/workspace/msdk/Libraries/PeriphDrivers/bin/MAX32690/spi-v1_softfp/libPeriphDriver_spi-v1_softfp.a(spi_reva1.o)
                0x10002206                MXC_SPI_RevA1_WriteTXFIFO
 .text.MXC_SPI_RevA1_GetTXFIFOAvailable
                0x10002266        0xc C:/workspace/msdk/Libraries/PeriphDrivers/bin/MAX32690/spi-v1_softfp/libPeriphDriver_spi-v1_softfp.a(spi_reva1.o)
                0x10002266                MXC_SPI_RevA1_GetTXFIFOAvailable
 .text.MXC_SPI_RevA1_SetRXThreshold
                0x10002272       0x1e C:/workspace/msdk/Libraries/PeriphDrivers/bin/MAX32690/spi-v1_softfp/libPeriphDriver_spi-v1_softfp.a(spi_reva1.o)
                0x10002272                MXC_SPI_RevA1_SetRXThreshold
 .text.MXC_SPI_RevA1_SetTXThreshold
                0x10002290       0x1e C:/workspace/msdk/Libraries/PeriphDrivers/bin/MAX32690/spi-v1_softfp/libPeriphDriver_spi-v1_softfp.a(spi_reva1.o)
                0x10002290                MXC_SPI_RevA1_SetTXThreshold
 *fill*         0x100022ae        0x2 
 .text.MXC_SPI_RevA1_MasterTransaction
                0x100022b0       0x80 C:/workspace/msdk/Libraries/PeriphDrivers/bin/MAX32690/spi-v1_softfp/libPeriphDriver_spi-v1_softfp.a(spi_reva1.o)
                0x100022b0                MXC_SPI_RevA1_MasterTransaction
 .text.MXC_SPIXF_Init
                0x10002330       0x34 C:/workspace/msdk/Libraries/PeriphDrivers/bin/MAX32690/spi-v1_softfp/libPeriphDriver_spi-v1_softfp.a(spixf_me18.o)
                0x10002330                MXC_SPIXF_Init
 .text.MXC_SPIXF_Clocks
                0x10002364       0x24 C:/workspace/msdk/Libraries/PeriphDrivers/bin/MAX32690/spi-v1_softfp/libPeriphDriver_spi-v1_softfp.a(spixf_me18.o)
                0x10002364                MXC_SPIXF_Clocks
 .text.MXC_SPIXF_Transaction
                0x10002388       0x18 C:/workspace/msdk/Libraries/PeriphDrivers/bin/MAX32690/spi-v1_softfp/libPeriphDriver_spi-v1_softfp.a(spixf_me18.o)
                0x10002388                MXC_SPIXF_Transaction
 .text.MXC_SPIXF_Enable
                0x100023a0       0x10 C:/workspace/msdk/Libraries/PeriphDrivers/bin/MAX32690/spi-v1_softfp/libPeriphDriver_spi-v1_softfp.a(spixf_me18.o)
                0x100023a0                MXC_SPIXF_Enable
 .text.SPIXFC_ReadRXFIFO
                0x100023b0       0x22 C:/workspace/msdk/Libraries/PeriphDrivers/bin/MAX32690/spi-v1_softfp/libPeriphDriver_spi-v1_softfp.a(spixf_reva.o)
 .text.MXC_SPIXF_RevA_SetMode
                0x100023d2       0x24 C:/workspace/msdk/Libraries/PeriphDrivers/bin/MAX32690/spi-v1_softfp/libPeriphDriver_spi-v1_softfp.a(spixf_reva.o)
                0x100023d2                MXC_SPIXF_RevA_SetMode
 .text.MXC_SPIXF_RevA_SetSSPolActiveLow
                0x100023f6       0x14 C:/workspace/msdk/Libraries/PeriphDrivers/bin/MAX32690/spi-v1_softfp/libPeriphDriver_spi-v1_softfp.a(spixf_reva.o)
                0x100023f6                MXC_SPIXF_RevA_SetSSPolActiveLow
 *fill*         0x1000240a        0x2 
 .text.MXC_SPIXF_RevA_GetSPIFrequency
                0x1000240c       0x20 C:/workspace/msdk/Libraries/PeriphDrivers/bin/MAX32690/spi-v1_softfp/libPeriphDriver_spi-v1_softfp.a(spixf_reva.o)
                0x1000240c                MXC_SPIXF_RevA_GetSPIFrequency
 .text.MXC_SPIXF_RevA_GetSPIFrequencyWrite
                0x1000242c       0x20 C:/workspace/msdk/Libraries/PeriphDrivers/bin/MAX32690/spi-v1_softfp/libPeriphDriver_spi-v1_softfp.a(spixf_reva.o)
                0x1000242c                MXC_SPIXF_RevA_GetSPIFrequencyWrite
 .text.MXC_SPIXF_RevA_SetSPIFrequency
                0x1000244c      0x100 C:/workspace/msdk/Libraries/PeriphDrivers/bin/MAX32690/spi-v1_softfp/libPeriphDriver_spi-v1_softfp.a(spixf_reva.o)
                0x1000244c                MXC_SPIXF_RevA_SetSPIFrequency
 .text.MXC_SPIXF_RevA_SetSSActiveTime
                0x1000254c       0x1e C:/workspace/msdk/Libraries/PeriphDrivers/bin/MAX32690/spi-v1_softfp/libPeriphDriver_spi-v1_softfp.a(spixf_reva.o)
                0x1000254c                MXC_SPIXF_RevA_SetSSActiveTime
 .text.MXC_SPIXF_RevA_SetSSInactiveTime
                0x1000256a       0x1e C:/workspace/msdk/Libraries/PeriphDrivers/bin/MAX32690/spi-v1_softfp/libPeriphDriver_spi-v1_softfp.a(spixf_reva.o)
                0x1000256a                MXC_SPIXF_RevA_SetSSInactiveTime
 .text.MXC_SPIXF_RevA_SetCmdWidth
                0x10002588       0x34 C:/workspace/msdk/Libraries/PeriphDrivers/bin/MAX32690/spi-v1_softfp/libPeriphDriver_spi-v1_softfp.a(spixf_reva.o)
                0x10002588                MXC_SPIXF_RevA_SetCmdWidth
 .text.MXC_SPIXF_RevA_SetAddrWidth
                0x100025bc       0x34 C:/workspace/msdk/Libraries/PeriphDrivers/bin/MAX32690/spi-v1_softfp/libPeriphDriver_spi-v1_softfp.a(spixf_reva.o)
                0x100025bc                MXC_SPIXF_RevA_SetAddrWidth
 .text.MXC_SPIXF_RevA_SetDataWidth
                0x100025f0       0x34 C:/workspace/msdk/Libraries/PeriphDrivers/bin/MAX32690/spi-v1_softfp/libPeriphDriver_spi-v1_softfp.a(spixf_reva.o)
                0x100025f0                MXC_SPIXF_RevA_SetDataWidth
 .text.MXC_SPIXF_RevA_Set3ByteAddr
                0x10002624        0xc C:/workspace/msdk/Libraries/PeriphDrivers/bin/MAX32690/spi-v1_softfp/libPeriphDriver_spi-v1_softfp.a(spixf_reva.o)
                0x10002624                MXC_SPIXF_RevA_Set3ByteAddr
 .text.MXC_SPIXF_RevA_SCKFeedbackEnable
                0x10002630       0x14 C:/workspace/msdk/Libraries/PeriphDrivers/bin/MAX32690/spi-v1_softfp/libPeriphDriver_spi-v1_softfp.a(spixf_reva.o)
                0x10002630                MXC_SPIXF_RevA_SCKFeedbackEnable
 .text.MXC_SPIXF_RevA_SCKFeedbackDisable
                0x10002644       0x14 C:/workspace/msdk/Libraries/PeriphDrivers/bin/MAX32690/spi-v1_softfp/libPeriphDriver_spi-v1_softfp.a(spixf_reva.o)
                0x10002644                MXC_SPIXF_RevA_SCKFeedbackDisable
 .text.MXC_SPIXF_RevA_SetCmdValue
                0x10002658        0xe C:/workspace/msdk/Libraries/PeriphDrivers/bin/MAX32690/spi-v1_softfp/libPeriphDriver_spi-v1_softfp.a(spixf_reva.o)
                0x10002658                MXC_SPIXF_RevA_SetCmdValue
 .text.MXC_SPIXF_RevA_SetPageSize
                0x10002666       0x10 C:/workspace/msdk/Libraries/PeriphDrivers/bin/MAX32690/spi-v1_softfp/libPeriphDriver_spi-v1_softfp.a(spixf_reva.o)
                0x10002666                MXC_SPIXF_RevA_SetPageSize
 .text.MXC_SPIXF_RevA_RXFIFOEnable
                0x10002676        0xc C:/workspace/msdk/Libraries/PeriphDrivers/bin/MAX32690/spi-v1_softfp/libPeriphDriver_spi-v1_softfp.a(spixf_reva.o)
                0x10002676                MXC_SPIXF_RevA_RXFIFOEnable
 .text.MXC_SPIXF_RevA_TXFIFOEnable
                0x10002682        0xc C:/workspace/msdk/Libraries/PeriphDrivers/bin/MAX32690/spi-v1_softfp/libPeriphDriver_spi-v1_softfp.a(spixf_reva.o)
                0x10002682                MXC_SPIXF_RevA_TXFIFOEnable
 *fill*         0x1000268e        0x2 
 .text.MXC_SPIXF_RevA_Init
                0x10002690       0x90 C:/workspace/msdk/Libraries/PeriphDrivers/bin/MAX32690/spi-v1_softfp/libPeriphDriver_spi-v1_softfp.a(spixf_reva.o)
                0x10002690                MXC_SPIXF_RevA_Init
 .text.MXC_SPIXF_RevA_Enable
                0x10002720        0xc C:/workspace/msdk/Libraries/PeriphDrivers/bin/MAX32690/spi-v1_softfp/libPeriphDriver_spi-v1_softfp.a(spixf_reva.o)
                0x10002720                MXC_SPIXF_RevA_Enable
 .text.MXC_SPIXF_RevA_IsEnabled
                0x1000272c        0x8 C:/workspace/msdk/Libraries/PeriphDrivers/bin/MAX32690/spi-v1_softfp/libPeriphDriver_spi-v1_softfp.a(spixf_reva.o)
                0x1000272c                MXC_SPIXF_RevA_IsEnabled
 .text.MXC_SPIXF_RevA_Clocks
                0x10002734       0xb4 C:/workspace/msdk/Libraries/PeriphDrivers/bin/MAX32690/spi-v1_softfp/libPeriphDriver_spi-v1_softfp.a(spixf_reva.o)
                0x10002734                MXC_SPIXF_RevA_Clocks
 .text.MXC_SPIXF_RevA_Transaction
                0x100027e8      0x1f4 C:/workspace/msdk/Libraries/PeriphDrivers/bin/MAX32690/spi-v1_softfp/libPeriphDriver_spi-v1_softfp.a(spixf_reva.o)
                0x100027e8                MXC_SPIXF_RevA_Transaction
 .text.MXC_UART_Shutdown
                0x100029dc       0x70 C:/workspace/msdk/Libraries/PeriphDrivers/bin/MAX32690/spi-v1_softfp/libPeriphDriver_spi-v1_softfp.a(uart_me18.o)
                0x100029dc                MXC_UART_Shutdown
 .text.MXC_UART_GetFrequency
                0x10002a4c       0xa4 C:/workspace/msdk/Libraries/PeriphDrivers/bin/MAX32690/spi-v1_softfp/libPeriphDriver_spi-v1_softfp.a(uart_me18.o)
                0x10002a4c                MXC_UART_GetFrequency
 .text.MXC_UART_SetFrequency
                0x10002af0       0xe4 C:/workspace/msdk/Libraries/PeriphDrivers/bin/MAX32690/spi-v1_softfp/libPeriphDriver_spi-v1_softfp.a(uart_me18.o)
                0x10002af0                MXC_UART_SetFrequency
 .text.MXC_UART_SetDataSize
                0x10002bd4        0x8 C:/workspace/msdk/Libraries/PeriphDrivers/bin/MAX32690/spi-v1_softfp/libPeriphDriver_spi-v1_softfp.a(uart_me18.o)
                0x10002bd4                MXC_UART_SetDataSize
 .text.MXC_UART_SetStopBits
                0x10002bdc        0x8 C:/workspace/msdk/Libraries/PeriphDrivers/bin/MAX32690/spi-v1_softfp/libPeriphDriver_spi-v1_softfp.a(uart_me18.o)
                0x10002bdc                MXC_UART_SetStopBits
 .text.MXC_UART_SetParity
                0x10002be4        0x8 C:/workspace/msdk/Libraries/PeriphDrivers/bin/MAX32690/spi-v1_softfp/libPeriphDriver_spi-v1_softfp.a(uart_me18.o)
                0x10002be4                MXC_UART_SetParity
 .text.MXC_UART_SetClockSource
                0x10002bec       0xa0 C:/workspace/msdk/Libraries/PeriphDrivers/bin/MAX32690/spi-v1_softfp/libPeriphDriver_spi-v1_softfp.a(uart_me18.o)
                0x10002bec                MXC_UART_SetClockSource
 .text.MXC_UART_GetClockSource
                0x10002c8c       0x58 C:/workspace/msdk/Libraries/PeriphDrivers/bin/MAX32690/spi-v1_softfp/libPeriphDriver_spi-v1_softfp.a(uart_me18.o)
                0x10002c8c                MXC_UART_GetClockSource
 .text.MXC_UART_Init
                0x10002ce4       0xb4 C:/workspace/msdk/Libraries/PeriphDrivers/bin/MAX32690/spi-v1_softfp/libPeriphDriver_spi-v1_softfp.a(uart_me18.o)
                0x10002ce4                MXC_UART_Init
 .text.MXC_UART_ReadCharacterRaw
                0x10002d98        0x8 C:/workspace/msdk/Libraries/PeriphDrivers/bin/MAX32690/spi-v1_softfp/libPeriphDriver_spi-v1_softfp.a(uart_me18.o)
                0x10002d98                MXC_UART_ReadCharacterRaw
 .text.MXC_UART_WriteCharacterRaw
                0x10002da0        0x8 C:/workspace/msdk/Libraries/PeriphDrivers/bin/MAX32690/spi-v1_softfp/libPeriphDriver_spi-v1_softfp.a(uart_me18.o)
                0x10002da0                MXC_UART_WriteCharacterRaw
 .text.MXC_UART_ReadCharacter
                0x10002da8        0x8 C:/workspace/msdk/Libraries/PeriphDrivers/bin/MAX32690/spi-v1_softfp/libPeriphDriver_spi-v1_softfp.a(uart_me18.o)
                0x10002da8                MXC_UART_ReadCharacter
 .text.MXC_UART_WriteCharacter
                0x10002db0        0x8 C:/workspace/msdk/Libraries/PeriphDrivers/bin/MAX32690/spi-v1_softfp/libPeriphDriver_spi-v1_softfp.a(uart_me18.o)
                0x10002db0                MXC_UART_WriteCharacter
 .text.MXC_UART_GetRXFIFOAvailable
                0x10002db8        0x8 C:/workspace/msdk/Libraries/PeriphDrivers/bin/MAX32690/spi-v1_softfp/libPeriphDriver_spi-v1_softfp.a(uart_me18.o)
                0x10002db8                MXC_UART_GetRXFIFOAvailable
 .text.MXC_UART_GetTXFIFOAvailable
                0x10002dc0        0x8 C:/workspace/msdk/Libraries/PeriphDrivers/bin/MAX32690/spi-v1_softfp/libPeriphDriver_spi-v1_softfp.a(uart_me18.o)
                0x10002dc0                MXC_UART_GetTXFIFOAvailable
 .text.MXC_UART_SetRXThreshold
                0x10002dc8        0x8 C:/workspace/msdk/Libraries/PeriphDrivers/bin/MAX32690/spi-v1_softfp/libPeriphDriver_spi-v1_softfp.a(uart_me18.o)
                0x10002dc8                MXC_UART_SetRXThreshold
 .text.MXC_UART_RevB_Init
                0x10002dd0       0xe0 C:/workspace/msdk/Libraries/PeriphDrivers/bin/MAX32690/spi-v1_softfp/libPeriphDriver_spi-v1_softfp.a(uart_revb.o)
                0x10002dd0                MXC_UART_RevB_Init
 .text.MXC_UART_RevB_SetDataSize
                0x10002eb0       0x20 C:/workspace/msdk/Libraries/PeriphDrivers/bin/MAX32690/spi-v1_softfp/libPeriphDriver_spi-v1_softfp.a(uart_revb.o)
                0x10002eb0                MXC_UART_RevB_SetDataSize
 .text.MXC_UART_RevB_SetStopBits
                0x10002ed0       0x24 C:/workspace/msdk/Libraries/PeriphDrivers/bin/MAX32690/spi-v1_softfp/libPeriphDriver_spi-v1_softfp.a(uart_revb.o)
                0x10002ed0                MXC_UART_RevB_SetStopBits
 .text.MXC_UART_RevB_SetParity
                0x10002ef4       0x90 C:/workspace/msdk/Libraries/PeriphDrivers/bin/MAX32690/spi-v1_softfp/libPeriphDriver_spi-v1_softfp.a(uart_revb.o)
                0x10002ef4                MXC_UART_RevB_SetParity
 .text.MXC_UART_RevB_SetClockSource
                0x10002f84       0x98 C:/workspace/msdk/Libraries/PeriphDrivers/bin/MAX32690/spi-v1_softfp/libPeriphDriver_spi-v1_softfp.a(uart_revb.o)
                0x10002f84                MXC_UART_RevB_SetClockSource
 .text.MXC_UART_RevB_GetClockSource
                0x1000301c        0x8 C:/workspace/msdk/Libraries/PeriphDrivers/bin/MAX32690/spi-v1_softfp/libPeriphDriver_spi-v1_softfp.a(uart_revb.o)
                0x1000301c                MXC_UART_RevB_GetClockSource
 .text.MXC_UART_RevB_IsClockSourceLocked
                0x10003024       0x40 C:/workspace/msdk/Libraries/PeriphDrivers/bin/MAX32690/spi-v1_softfp/libPeriphDriver_spi-v1_softfp.a(uart_revb.o)
                0x10003024                MXC_UART_RevB_IsClockSourceLocked
 .text.MXC_UART_RevB_ReadCharacterRaw
                0x10003064       0x12 C:/workspace/msdk/Libraries/PeriphDrivers/bin/MAX32690/spi-v1_softfp/libPeriphDriver_spi-v1_softfp.a(uart_revb.o)
                0x10003064                MXC_UART_RevB_ReadCharacterRaw
 .text.MXC_UART_RevB_WriteCharacterRaw
                0x10003076       0x14 C:/workspace/msdk/Libraries/PeriphDrivers/bin/MAX32690/spi-v1_softfp/libPeriphDriver_spi-v1_softfp.a(uart_revb.o)
                0x10003076                MXC_UART_RevB_WriteCharacterRaw
 .text.MXC_UART_RevB_GetRXFIFOAvailable
                0x1000308a        0x8 C:/workspace/msdk/Libraries/PeriphDrivers/bin/MAX32690/spi-v1_softfp/libPeriphDriver_spi-v1_softfp.a(uart_revb.o)
                0x1000308a                MXC_UART_RevB_GetRXFIFOAvailable
 .text.MXC_UART_RevB_GetTXFIFOAvailable
                0x10003092        0xc C:/workspace/msdk/Libraries/PeriphDrivers/bin/MAX32690/spi-v1_softfp/libPeriphDriver_spi-v1_softfp.a(uart_revb.o)
                0x10003092                MXC_UART_RevB_GetTXFIFOAvailable
 .text.MXC_UART_RevB_SetRXThreshold
                0x1000309e       0x1e C:/workspace/msdk/Libraries/PeriphDrivers/bin/MAX32690/spi-v1_softfp/libPeriphDriver_spi-v1_softfp.a(uart_revb.o)
                0x1000309e                MXC_UART_RevB_SetRXThreshold
 .text.MXC_DelayInit
                0x100030bc       0x84 C:/workspace/msdk/Libraries/PeriphDrivers/bin/MAX32690/spi-v1_softfp/libPeriphDriver_spi-v1_softfp.a(mxc_delay.o)
 .text.MXC_DelayAsync
                0x10003140       0x44 C:/workspace/msdk/Libraries/PeriphDrivers/bin/MAX32690/spi-v1_softfp/libPeriphDriver_spi-v1_softfp.a(mxc_delay.o)
                0x10003140                MXC_DelayAsync
 .text.MXC_GetLock
                0x10003184       0x1c C:/workspace/msdk/Libraries/PeriphDrivers/bin/MAX32690/spi-v1_softfp/libPeriphDriver_spi-v1_softfp.a(mxc_lock.o)
                0x10003184                MXC_GetLock
 .text.MXC_FreeLock
                0x100031a0        0xa C:/workspace/msdk/Libraries/PeriphDrivers/bin/MAX32690/spi-v1_softfp/libPeriphDriver_spi-v1_softfp.a(mxc_lock.o)
                0x100031a0                MXC_FreeLock
 *fill*         0x100031aa        0x2 
 .text.MXC_GPIO_Common_Init
                0x100031ac       0x40 C:/workspace/msdk/Libraries/PeriphDrivers/bin/MAX32690/spi-v1_softfp/libPeriphDriver_spi-v1_softfp.a(gpio_common.o)
                0x100031ac                MXC_GPIO_Common_Init
 .text.MXC_GPIO_Common_Handler
                0x100031ec       0x9c C:/workspace/msdk/Libraries/PeriphDrivers/bin/MAX32690/spi-v1_softfp/libPeriphDriver_spi-v1_softfp.a(gpio_common.o)
                0x100031ec                MXC_GPIO_Common_Handler
 .text.MXC_GPIO_Common_GetConfigLock
                0x10003288        0xc C:/workspace/msdk/Libraries/PeriphDrivers/bin/MAX32690/spi-v1_softfp/libPeriphDriver_spi-v1_softfp.a(gpio_common.o)
                0x10003288                MXC_GPIO_Common_GetConfigLock
 .text.MXC_UART_Common_ReadCharacter
                0x10003294       0x16 C:/workspace/msdk/Libraries/PeriphDrivers/bin/MAX32690/spi-v1_softfp/libPeriphDriver_spi-v1_softfp.a(uart_common.o)
                0x10003294                MXC_UART_Common_ReadCharacter
 .text.MXC_UART_Common_WriteCharacter
                0x100032aa       0x1a C:/workspace/msdk/Libraries/PeriphDrivers/bin/MAX32690/spi-v1_softfp/libPeriphDriver_spi-v1_softfp.a(uart_common.o)
                0x100032aa                MXC_UART_Common_WriteCharacter
 .text.__errno  0x100032c4        0xc c:/workspace/msdk/tools/gnutools/10.3/bin/../lib/gcc/arm-none-eabi/10.3.1/../../../../arm-none-eabi/lib/thumb/v7e-m+fp/softfp\libc.a(lib_a-errno.o)
                0x100032c4                __errno
 .text.__libc_init_array
                0x100032d0       0x48 c:/workspace/msdk/tools/gnutools/10.3/bin/../lib/gcc/arm-none-eabi/10.3.1/../../../../arm-none-eabi/lib/thumb/v7e-m+fp/softfp\libc.a(lib_a-init.o)
                0x100032d0                __libc_init_array
 .text.malloc   0x10003318       0x10 c:/workspace/msdk/tools/gnutools/10.3/bin/../lib/gcc/arm-none-eabi/10.3.1/../../../../arm-none-eabi/lib/thumb/v7e-m+fp/softfp\libc.a(lib_a-malloc.o)
                0x10003318                malloc
 .text._malloc_r
                0x10003328      0x560 c:/workspace/msdk/tools/gnutools/10.3/bin/../lib/gcc/arm-none-eabi/10.3.1/../../../../arm-none-eabi/lib/thumb/v7e-m+fp/softfp\libc.a(lib_a-mallocr.o)
                0x10003328                _malloc_r
 .text.memcmp   0x10003888       0x64 c:/workspace/msdk/tools/gnutools/10.3/bin/../lib/gcc/arm-none-eabi/10.3.1/../../../../arm-none-eabi/lib/thumb/v7e-m+fp/softfp\libc.a(lib_a-memcmp.o)
                0x10003888                memcmp
 .text          0x100038ec      0x134 c:/workspace/msdk/tools/gnutools/10.3/bin/../lib/gcc/arm-none-eabi/10.3.1/../../../../arm-none-eabi/lib/thumb/v7e-m+fp/softfp\libc.a(lib_a-memcpy.o)
                0x100038ec                memcpy
 .text.memset   0x10003a20       0xa4 c:/workspace/msdk/tools/gnutools/10.3/bin/../lib/gcc/arm-none-eabi/10.3.1/../../../../arm-none-eabi/lib/thumb/v7e-m+fp/softfp\libc.a(lib_a-memset.o)
                0x10003a20                memset
 .text.__malloc_lock
                0x10003ac4        0xc c:/workspace/msdk/tools/gnutools/10.3/bin/../lib/gcc/arm-none-eabi/10.3.1/../../../../arm-none-eabi/lib/thumb/v7e-m+fp/softfp\libc.a(lib_a-mlock.o)
                0x10003ac4                __malloc_lock
 .text.__malloc_unlock
                0x10003ad0        0xc c:/workspace/msdk/tools/gnutools/10.3/bin/../lib/gcc/arm-none-eabi/10.3.1/../../../../arm-none-eabi/lib/thumb/v7e-m+fp/softfp\libc.a(lib_a-mlock.o)
                0x10003ad0                __malloc_unlock
 .text.printf   0x10003adc       0x28 c:/workspace/msdk/tools/gnutools/10.3/bin/../lib/gcc/arm-none-eabi/10.3.1/../../../../arm-none-eabi/lib/thumb/v7e-m+fp/softfp\libc.a(lib_a-printf.o)
                0x10003adc                printf
 .text._puts_r  0x10003b04       0x9c c:/workspace/msdk/tools/gnutools/10.3/bin/../lib/gcc/arm-none-eabi/10.3.1/../../../../arm-none-eabi/lib/thumb/v7e-m+fp/softfp\libc.a(lib_a-puts.o)
                0x10003b04                _puts_r
 .text.puts     0x10003ba0       0x10 c:/workspace/msdk/tools/gnutools/10.3/bin/../lib/gcc/arm-none-eabi/10.3.1/../../../../arm-none-eabi/lib/thumb/v7e-m+fp/softfp\libc.a(lib_a-puts.o)
                0x10003ba0                puts
 .text._sbrk_r  0x10003bb0       0x24 c:/workspace/msdk/tools/gnutools/10.3/bin/../lib/gcc/arm-none-eabi/10.3.1/../../../../arm-none-eabi/lib/thumb/v7e-m+fp/softfp\libc.a(lib_a-sbrkr.o)
                0x10003bb0                _sbrk_r
 *fill*         0x10003bd4       0x2c 
 .text          0x10003c00       0xdc c:/workspace/msdk/tools/gnutools/10.3/bin/../lib/gcc/arm-none-eabi/10.3.1/../../../../arm-none-eabi/lib/thumb/v7e-m+fp/softfp\libc.a(lib_a-strlen.o)
                0x10003c00                strlen
 *fill*         0x10003cdc        0x4 
 .text._vfprintf_r
                0x10003ce0     0x1b8c c:/workspace/msdk/tools/gnutools/10.3/bin/../lib/gcc/arm-none-eabi/10.3.1/../../../../arm-none-eabi/lib/thumb/v7e-m+fp/softfp\libc.a(lib_a-vfprintf.o)
                0x10003ce0                _vfprintf_r
 .text.__sbprintf
                0x1000586c       0x80 c:/workspace/msdk/tools/gnutools/10.3/bin/../lib/gcc/arm-none-eabi/10.3.1/../../../../arm-none-eabi/lib/thumb/v7e-m+fp/softfp\libc.a(lib_a-vfprintf.o)
 .text.__swsetup_r
                0x100058ec       0xd4 c:/workspace/msdk/tools/gnutools/10.3/bin/../lib/gcc/arm-none-eabi/10.3.1/../../../../arm-none-eabi/lib/thumb/v7e-m+fp/softfp\libc.a(lib_a-wsetup.o)
                0x100058ec                __swsetup_r
 .text.startup.register_fini
                0x100059c0       0x14 c:/workspace/msdk/tools/gnutools/10.3/bin/../lib/gcc/arm-none-eabi/10.3.1/../../../../arm-none-eabi/lib/thumb/v7e-m+fp/softfp\libc.a(lib_a-__call_atexit.o)
 .text.atexit   0x100059d4        0xc c:/workspace/msdk/tools/gnutools/10.3/bin/../lib/gcc/arm-none-eabi/10.3.1/../../../../arm-none-eabi/lib/thumb/v7e-m+fp/softfp\libc.a(lib_a-atexit.o)
                0x100059d4                atexit
 .text.quorem   0x100059e0      0x128 c:/workspace/msdk/tools/gnutools/10.3/bin/../lib/gcc/arm-none-eabi/10.3.1/../../../../arm-none-eabi/lib/thumb/v7e-m+fp/softfp\libc.a(lib_a-dtoa.o)
 .text._dtoa_r  0x10005b08      0xf34 c:/workspace/msdk/tools/gnutools/10.3/bin/../lib/gcc/arm-none-eabi/10.3.1/../../../../arm-none-eabi/lib/thumb/v7e-m+fp/softfp\libc.a(lib_a-dtoa.o)
                0x10005b08                _dtoa_r
 .text.__sflush_r
                0x10006a3c      0x130 c:/workspace/msdk/tools/gnutools/10.3/bin/../lib/gcc/arm-none-eabi/10.3.1/../../../../arm-none-eabi/lib/thumb/v7e-m+fp/softfp\libc.a(lib_a-fflush.o)
                0x10006a3c                __sflush_r
 .text._fflush_r
                0x10006b6c       0x5c c:/workspace/msdk/tools/gnutools/10.3/bin/../lib/gcc/arm-none-eabi/10.3.1/../../../../arm-none-eabi/lib/thumb/v7e-m+fp/softfp\libc.a(lib_a-fflush.o)
                0x10006b6c                _fflush_r
 .text._cleanup_r
                0x10006bc8        0xc c:/workspace/msdk/tools/gnutools/10.3/bin/../lib/gcc/arm-none-eabi/10.3.1/../../../../arm-none-eabi/lib/thumb/v7e-m+fp/softfp\libc.a(lib_a-findfp.o)
                0x10006bc8                _cleanup_r
 .text.__sinit  0x10006bd4      0x10c c:/workspace/msdk/tools/gnutools/10.3/bin/../lib/gcc/arm-none-eabi/10.3.1/../../../../arm-none-eabi/lib/thumb/v7e-m+fp/softfp\libc.a(lib_a-findfp.o)
                0x10006bd4                __sinit
 .text.__sfp_lock_acquire
                0x10006ce0        0xc c:/workspace/msdk/tools/gnutools/10.3/bin/../lib/gcc/arm-none-eabi/10.3.1/../../../../arm-none-eabi/lib/thumb/v7e-m+fp/softfp\libc.a(lib_a-findfp.o)
                0x10006ce0                __sfp_lock_acquire
 .text.__sfp_lock_release
                0x10006cec        0xc c:/workspace/msdk/tools/gnutools/10.3/bin/../lib/gcc/arm-none-eabi/10.3.1/../../../../arm-none-eabi/lib/thumb/v7e-m+fp/softfp\libc.a(lib_a-findfp.o)
                0x10006cec                __sfp_lock_release
 .text.__libc_fini_array
                0x10006cf8       0x2c c:/workspace/msdk/tools/gnutools/10.3/bin/../lib/gcc/arm-none-eabi/10.3.1/../../../../arm-none-eabi/lib/thumb/v7e-m+fp/softfp\libc.a(lib_a-fini.o)
                0x10006cf8                __libc_fini_array
 .text._malloc_trim_r
                0x10006d24       0xa0 c:/workspace/msdk/tools/gnutools/10.3/bin/../lib/gcc/arm-none-eabi/10.3.1/../../../../arm-none-eabi/lib/thumb/v7e-m+fp/softfp\libc.a(lib_a-freer.o)
                0x10006d24                _malloc_trim_r
 .text._free_r  0x10006dc4      0x20c c:/workspace/msdk/tools/gnutools/10.3/bin/../lib/gcc/arm-none-eabi/10.3.1/../../../../arm-none-eabi/lib/thumb/v7e-m+fp/softfp\libc.a(lib_a-freer.o)
                0x10006dc4                _free_r
 .text.__sfvwrite_r
                0x10006fd0      0x2f0 c:/workspace/msdk/tools/gnutools/10.3/bin/../lib/gcc/arm-none-eabi/10.3.1/../../../../arm-none-eabi/lib/thumb/v7e-m+fp/softfp\libc.a(lib_a-fvwrite.o)
                0x10006fd0                __sfvwrite_r
 .text._fwalk_reent
                0x100072c0       0x48 c:/workspace/msdk/tools/gnutools/10.3/bin/../lib/gcc/arm-none-eabi/10.3.1/../../../../arm-none-eabi/lib/thumb/v7e-m+fp/softfp\libc.a(lib_a-fwalk.o)
                0x100072c0                _fwalk_reent
 .text._localeconv_r
                0x10007308        0x8 c:/workspace/msdk/tools/gnutools/10.3/bin/../lib/gcc/arm-none-eabi/10.3.1/../../../../arm-none-eabi/lib/thumb/v7e-m+fp/softfp\libc.a(lib_a-localeconv.o)
                0x10007308                _localeconv_r
 .text.__retarget_lock_init_recursive
                0x10007310        0x4 c:/workspace/msdk/tools/gnutools/10.3/bin/../lib/gcc/arm-none-eabi/10.3.1/../../../../arm-none-eabi/lib/thumb/v7e-m+fp/softfp\libc.a(lib_a-lock.o)
                0x10007310                __retarget_lock_init_recursive
 .text.__retarget_lock_close_recursive
                0x10007314        0x4 c:/workspace/msdk/tools/gnutools/10.3/bin/../lib/gcc/arm-none-eabi/10.3.1/../../../../arm-none-eabi/lib/thumb/v7e-m+fp/softfp\libc.a(lib_a-lock.o)
                0x10007314                __retarget_lock_close_recursive
 .text.__retarget_lock_acquire_recursive
                0x10007318        0x4 c:/workspace/msdk/tools/gnutools/10.3/bin/../lib/gcc/arm-none-eabi/10.3.1/../../../../arm-none-eabi/lib/thumb/v7e-m+fp/softfp\libc.a(lib_a-lock.o)
                0x10007318                __retarget_lock_acquire_recursive
 .text.__retarget_lock_release_recursive
                0x1000731c        0x4 c:/workspace/msdk/tools/gnutools/10.3/bin/../lib/gcc/arm-none-eabi/10.3.1/../../../../arm-none-eabi/lib/thumb/v7e-m+fp/softfp\libc.a(lib_a-lock.o)
                0x1000731c                __retarget_lock_release_recursive
 .text.__smakebuf_r
                0x10007320       0xe0 c:/workspace/msdk/tools/gnutools/10.3/bin/../lib/gcc/arm-none-eabi/10.3.1/../../../../arm-none-eabi/lib/thumb/v7e-m+fp/softfp\libc.a(lib_a-makebuf.o)
                0x10007320                __smakebuf_r
 .text          0x10007400       0xa0 c:/workspace/msdk/tools/gnutools/10.3/bin/../lib/gcc/arm-none-eabi/10.3.1/../../../../arm-none-eabi/lib/thumb/v7e-m+fp/softfp\libc.a(lib_a-memchr.o)
                0x10007400                memchr
 .text.memmove  0x100074a0       0xf8 c:/workspace/msdk/tools/gnutools/10.3/bin/../lib/gcc/arm-none-eabi/10.3.1/../../../../arm-none-eabi/lib/thumb/v7e-m+fp/softfp\libc.a(lib_a-memmove.o)
                0x100074a0                memmove
 .text._Balloc  0x10007598       0x4c c:/workspace/msdk/tools/gnutools/10.3/bin/../lib/gcc/arm-none-eabi/10.3.1/../../../../arm-none-eabi/lib/thumb/v7e-m+fp/softfp\libc.a(lib_a-mprec.o)
                0x10007598                _Balloc
 .text._Bfree   0x100075e4       0x14 c:/workspace/msdk/tools/gnutools/10.3/bin/../lib/gcc/arm-none-eabi/10.3.1/../../../../arm-none-eabi/lib/thumb/v7e-m+fp/softfp\libc.a(lib_a-mprec.o)
                0x100075e4                _Bfree
 .text.__multadd
                0x100075f8       0xa8 c:/workspace/msdk/tools/gnutools/10.3/bin/../lib/gcc/arm-none-eabi/10.3.1/../../../../arm-none-eabi/lib/thumb/v7e-m+fp/softfp\libc.a(lib_a-mprec.o)
                0x100075f8                __multadd
 .text.__hi0bits
                0x100076a0       0x40 c:/workspace/msdk/tools/gnutools/10.3/bin/../lib/gcc/arm-none-eabi/10.3.1/../../../../arm-none-eabi/lib/thumb/v7e-m+fp/softfp\libc.a(lib_a-mprec.o)
                0x100076a0                __hi0bits
 .text.__lo0bits
                0x100076e0       0x60 c:/workspace/msdk/tools/gnutools/10.3/bin/../lib/gcc/arm-none-eabi/10.3.1/../../../../arm-none-eabi/lib/thumb/v7e-m+fp/softfp\libc.a(lib_a-mprec.o)
                0x100076e0                __lo0bits
 .text.__i2b    0x10007740       0x5c c:/workspace/msdk/tools/gnutools/10.3/bin/../lib/gcc/arm-none-eabi/10.3.1/../../../../arm-none-eabi/lib/thumb/v7e-m+fp/softfp\libc.a(lib_a-mprec.o)
                0x10007740                __i2b
 .text.__multiply
                0x1000779c      0x15c c:/workspace/msdk/tools/gnutools/10.3/bin/../lib/gcc/arm-none-eabi/10.3.1/../../../../arm-none-eabi/lib/thumb/v7e-m+fp/softfp\libc.a(lib_a-mprec.o)
                0x1000779c                __multiply
 .text.__pow5mult
                0x100078f8       0xc0 c:/workspace/msdk/tools/gnutools/10.3/bin/../lib/gcc/arm-none-eabi/10.3.1/../../../../arm-none-eabi/lib/thumb/v7e-m+fp/softfp\libc.a(lib_a-mprec.o)
                0x100078f8                __pow5mult
 .text.__lshift
                0x100079b8       0xf0 c:/workspace/msdk/tools/gnutools/10.3/bin/../lib/gcc/arm-none-eabi/10.3.1/../../../../arm-none-eabi/lib/thumb/v7e-m+fp/softfp\libc.a(lib_a-mprec.o)
                0x100079b8                __lshift
 .text.__mcmp   0x10007aa8       0x44 c:/workspace/msdk/tools/gnutools/10.3/bin/../lib/gcc/arm-none-eabi/10.3.1/../../../../arm-none-eabi/lib/thumb/v7e-m+fp/softfp\libc.a(lib_a-mprec.o)
                0x10007aa8                __mcmp
 .text.__mdiff  0x10007aec      0x14c c:/workspace/msdk/tools/gnutools/10.3/bin/../lib/gcc/arm-none-eabi/10.3.1/../../../../arm-none-eabi/lib/thumb/v7e-m+fp/softfp\libc.a(lib_a-mprec.o)
                0x10007aec                __mdiff
 .text.__d2b    0x10007c38       0xc4 c:/workspace/msdk/tools/gnutools/10.3/bin/../lib/gcc/arm-none-eabi/10.3.1/../../../../arm-none-eabi/lib/thumb/v7e-m+fp/softfp\libc.a(lib_a-mprec.o)
                0x10007c38                __d2b
 .text._realloc_r
                0x10007cfc      0x3d8 c:/workspace/msdk/tools/gnutools/10.3/bin/../lib/gcc/arm-none-eabi/10.3.1/../../../../arm-none-eabi/lib/thumb/v7e-m+fp/softfp\libc.a(lib_a-reallocr.o)
                0x10007cfc                _realloc_r
 .text.frexp    0x100080d4       0x70 c:/workspace/msdk/tools/gnutools/10.3/bin/../lib/gcc/arm-none-eabi/10.3.1/../../../../arm-none-eabi/lib/thumb/v7e-m+fp/softfp\libc.a(lib_a-s_frexp.o)
                0x100080d4                frexp
 .text.__sread  0x10008144       0x24 c:/workspace/msdk/tools/gnutools/10.3/bin/../lib/gcc/arm-none-eabi/10.3.1/../../../../arm-none-eabi/lib/thumb/v7e-m+fp/softfp\libc.a(lib_a-stdio.o)
                0x10008144                __sread
 .text.__swrite
                0x10008168       0x40 c:/workspace/msdk/tools/gnutools/10.3/bin/../lib/gcc/arm-none-eabi/10.3.1/../../../../arm-none-eabi/lib/thumb/v7e-m+fp/softfp\libc.a(lib_a-stdio.o)
                0x10008168                __swrite
 .text.__sseek  0x100081a8       0x20 c:/workspace/msdk/tools/gnutools/10.3/bin/../lib/gcc/arm-none-eabi/10.3.1/../../../../arm-none-eabi/lib/thumb/v7e-m+fp/softfp\libc.a(lib_a-stdio.o)
                0x100081a8                __sseek
 .text.__sclose
                0x100081c8        0x8 c:/workspace/msdk/tools/gnutools/10.3/bin/../lib/gcc/arm-none-eabi/10.3.1/../../../../arm-none-eabi/lib/thumb/v7e-m+fp/softfp\libc.a(lib_a-stdio.o)
                0x100081c8                __sclose
 .text.strncpy  0x100081d0       0x64 c:/workspace/msdk/tools/gnutools/10.3/bin/../lib/gcc/arm-none-eabi/10.3.1/../../../../arm-none-eabi/lib/thumb/v7e-m+fp/softfp\libc.a(lib_a-strncpy.o)
                0x100081d0                strncpy
 .text.__sprint_r.part.0
                0x10008234       0x78 c:/workspace/msdk/tools/gnutools/10.3/bin/../lib/gcc/arm-none-eabi/10.3.1/../../../../arm-none-eabi/lib/thumb/v7e-m+fp/softfp\libc.a(lib_a-vfiprintf.o)
 .text.__sprint_r
                0x100082ac       0x18 c:/workspace/msdk/tools/gnutools/10.3/bin/../lib/gcc/arm-none-eabi/10.3.1/../../../../arm-none-eabi/lib/thumb/v7e-m+fp/softfp\libc.a(lib_a-vfiprintf.o)
                0x100082ac                __sprint_r
 .text._vfiprintf_r
                0x100082c4      0xdfc c:/workspace/msdk/tools/gnutools/10.3/bin/../lib/gcc/arm-none-eabi/10.3.1/../../../../arm-none-eabi/lib/thumb/v7e-m+fp/softfp\libc.a(lib_a-vfiprintf.o)
                0x100082c4                _vfiprintf_r
 .text.__sbprintf
                0x100090c0       0x80 c:/workspace/msdk/tools/gnutools/10.3/bin/../lib/gcc/arm-none-eabi/10.3.1/../../../../arm-none-eabi/lib/thumb/v7e-m+fp/softfp\libc.a(lib_a-vfiprintf.o)
 .text._write_r
                0x10009140       0x2c c:/workspace/msdk/tools/gnutools/10.3/bin/../lib/gcc/arm-none-eabi/10.3.1/../../../../arm-none-eabi/lib/thumb/v7e-m+fp/softfp\libc.a(lib_a-writer.o)
                0x10009140                _write_r
 .text.__register_exitproc
                0x1000916c       0x8c c:/workspace/msdk/tools/gnutools/10.3/bin/../lib/gcc/arm-none-eabi/10.3.1/../../../../arm-none-eabi/lib/thumb/v7e-m+fp/softfp\libc.a(lib_a-__atexit.o)
                0x1000916c                __register_exitproc
 .text.__assert_func
                0x100091f8       0x40 c:/workspace/msdk/tools/gnutools/10.3/bin/../lib/gcc/arm-none-eabi/10.3.1/../../../../arm-none-eabi/lib/thumb/v7e-m+fp/softfp\libc.a(lib_a-assert.o)
                0x100091f8                __assert_func
 .text._calloc_r
                0x10009238       0x78 c:/workspace/msdk/tools/gnutools/10.3/bin/../lib/gcc/arm-none-eabi/10.3.1/../../../../arm-none-eabi/lib/thumb/v7e-m+fp/softfp\libc.a(lib_a-callocr.o)
                0x10009238                _calloc_r
 .text._close_r
                0x100092b0       0x24 c:/workspace/msdk/tools/gnutools/10.3/bin/../lib/gcc/arm-none-eabi/10.3.1/../../../../arm-none-eabi/lib/thumb/v7e-m+fp/softfp\libc.a(lib_a-closer.o)
                0x100092b0                _close_r
 .text._fclose_r
                0x100092d4       0xcc c:/workspace/msdk/tools/gnutools/10.3/bin/../lib/gcc/arm-none-eabi/10.3.1/../../../../arm-none-eabi/lib/thumb/v7e-m+fp/softfp\libc.a(lib_a-fclose.o)
                0x100092d4                _fclose_r
 .text.fiprintf
                0x100093a0       0x28 c:/workspace/msdk/tools/gnutools/10.3/bin/../lib/gcc/arm-none-eabi/10.3.1/../../../../arm-none-eabi/lib/thumb/v7e-m+fp/softfp\libc.a(lib_a-fiprintf.o)
                0x100093a0                fiprintf
 .text.__fputwc
                0x100093c8       0xa8 c:/workspace/msdk/tools/gnutools/10.3/bin/../lib/gcc/arm-none-eabi/10.3.1/../../../../arm-none-eabi/lib/thumb/v7e-m+fp/softfp\libc.a(lib_a-fputwc.o)
                0x100093c8                __fputwc
 .text._fputwc_r
                0x10009470       0x68 c:/workspace/msdk/tools/gnutools/10.3/bin/../lib/gcc/arm-none-eabi/10.3.1/../../../../arm-none-eabi/lib/thumb/v7e-m+fp/softfp\libc.a(lib_a-fputwc.o)
                0x10009470                _fputwc_r
 .text._fstat_r
                0x100094d8       0x2c c:/workspace/msdk/tools/gnutools/10.3/bin/../lib/gcc/arm-none-eabi/10.3.1/../../../../arm-none-eabi/lib/thumb/v7e-m+fp/softfp\libc.a(lib_a-fstatr.o)
                0x100094d8                _fstat_r
 .text._isatty_r
                0x10009504       0x24 c:/workspace/msdk/tools/gnutools/10.3/bin/../lib/gcc/arm-none-eabi/10.3.1/../../../../arm-none-eabi/lib/thumb/v7e-m+fp/softfp\libc.a(lib_a-isattyr.o)
                0x10009504                _isatty_r
 .text.__locale_mb_cur_max
                0x10009528        0xc c:/workspace/msdk/tools/gnutools/10.3/bin/../lib/gcc/arm-none-eabi/10.3.1/../../../../arm-none-eabi/lib/thumb/v7e-m+fp/softfp\libc.a(lib_a-locale.o)
                0x10009528                __locale_mb_cur_max
 .text._lseek_r
                0x10009534       0x2c c:/workspace/msdk/tools/gnutools/10.3/bin/../lib/gcc/arm-none-eabi/10.3.1/../../../../arm-none-eabi/lib/thumb/v7e-m+fp/softfp\libc.a(lib_a-lseekr.o)
                0x10009534                _lseek_r
 .text.__ascii_mbtowc
                0x10009560       0x2c c:/workspace/msdk/tools/gnutools/10.3/bin/../lib/gcc/arm-none-eabi/10.3.1/../../../../arm-none-eabi/lib/thumb/v7e-m+fp/softfp\libc.a(lib_a-mbtowc_r.o)
                0x10009560                __ascii_mbtowc
 .text._read_r  0x1000958c       0x2c c:/workspace/msdk/tools/gnutools/10.3/bin/../lib/gcc/arm-none-eabi/10.3.1/../../../../arm-none-eabi/lib/thumb/v7e-m+fp/softfp\libc.a(lib_a-readr.o)
                0x1000958c                _read_r
 .text.__swbuf_r
                0x100095b8       0xb0 c:/workspace/msdk/tools/gnutools/10.3/bin/../lib/gcc/arm-none-eabi/10.3.1/../../../../arm-none-eabi/lib/thumb/v7e-m+fp/softfp\libc.a(lib_a-wbuf.o)
                0x100095b8                __swbuf_r
 .text._wcrtomb_r
                0x10009668       0x3c c:/workspace/msdk/tools/gnutools/10.3/bin/../lib/gcc/arm-none-eabi/10.3.1/../../../../arm-none-eabi/lib/thumb/v7e-m+fp/softfp\libc.a(lib_a-wcrtomb.o)
                0x10009668                _wcrtomb_r
 .text.__ascii_wctomb
                0x100096a4       0x1c c:/workspace/msdk/tools/gnutools/10.3/bin/../lib/gcc/arm-none-eabi/10.3.1/../../../../arm-none-eabi/lib/thumb/v7e-m+fp/softfp\libc.a(lib_a-wctomb_r.o)
                0x100096a4                __ascii_wctomb
 .text.abort    0x100096c0       0x10 c:/workspace/msdk/tools/gnutools/10.3/bin/../lib/gcc/arm-none-eabi/10.3.1/../../../../arm-none-eabi/lib/thumb/v7e-m+fp/softfp\libc.a(lib_a-abort.o)
                0x100096c0                abort
 .text.raise    0x100096d0       0x5c c:/workspace/msdk/tools/gnutools/10.3/bin/../lib/gcc/arm-none-eabi/10.3.1/../../../../arm-none-eabi/lib/thumb/v7e-m+fp/softfp\libc.a(lib_a-signal.o)
                0x100096d0                raise
 .text._kill_r  0x1000972c       0x2c c:/workspace/msdk/tools/gnutools/10.3/bin/../lib/gcc/arm-none-eabi/10.3.1/../../../../arm-none-eabi/lib/thumb/v7e-m+fp/softfp\libc.a(lib_a-signalr.o)
                0x1000972c                _kill_r
 .text._getpid_r
                0x10009758        0x4 c:/workspace/msdk/tools/gnutools/10.3/bin/../lib/gcc/arm-none-eabi/10.3.1/../../../../arm-none-eabi/lib/thumb/v7e-m+fp/softfp\libc.a(lib_a-signalr.o)
                0x10009758                _getpid_r
 .text._exit    0x1000975c        0x4 c:/workspace/msdk/tools/gnutools/10.3/bin/../lib/gcc/arm-none-eabi/10.3.1/../../../../arm-none-eabi/lib/thumb/v7e-m+fp/softfp\libnosys.a(_exit.o)
                0x1000975c                _exit
 .text          0x10009760      0x378 c:/workspace/msdk/tools/gnutools/10.3/bin/../lib/gcc/arm-none-eabi/10.3.1/thumb/v7e-m+fp/softfp\libgcc.a(_arm_addsubdf3.o)
                0x10009760                __aeabi_drsub
                0x10009768                __aeabi_dsub
                0x10009768                __subdf3
                0x1000976c                __aeabi_dadd
                0x1000976c                __adddf3
                0x100099e4                __floatunsidf
                0x100099e4                __aeabi_ui2d
                0x10009a04                __floatsidf
                0x10009a04                __aeabi_i2d
                0x10009a28                __aeabi_f2d
                0x10009a28                __extendsfdf2
                0x10009a6c                __floatundidf
                0x10009a6c                __aeabi_ul2d
                0x10009a7c                __floatdidf
                0x10009a7c                __aeabi_l2d
 .text          0x10009ad8      0x424 c:/workspace/msdk/tools/gnutools/10.3/bin/../lib/gcc/arm-none-eabi/10.3.1/thumb/v7e-m+fp/softfp\libgcc.a(_arm_muldivdf3.o)
                0x10009ad8                __aeabi_dmul
                0x10009ad8                __muldf3
                0x10009d2c                __divdf3
                0x10009d2c                __aeabi_ddiv
 .text          0x10009efc      0x110 c:/workspace/msdk/tools/gnutools/10.3/bin/../lib/gcc/arm-none-eabi/10.3.1/thumb/v7e-m+fp/softfp\libgcc.a(_arm_cmpdf2.o)
                0x10009efc                __gtdf2
                0x10009efc                __gedf2
                0x10009f04                __ltdf2
                0x10009f04                __ledf2
                0x10009f0c                __nedf2
                0x10009f0c                __eqdf2
                0x10009f0c                __cmpdf2
                0x10009f88                __aeabi_cdrcmple
                0x10009f98                __aeabi_cdcmpeq
                0x10009f98                __aeabi_cdcmple
                0x10009fa8                __aeabi_dcmpeq
                0x10009fbc                __aeabi_dcmplt
                0x10009fd0                __aeabi_dcmple
                0x10009fe4                __aeabi_dcmpge
                0x10009ff8                __aeabi_dcmpgt
 .text          0x1000a00c       0x2c c:/workspace/msdk/tools/gnutools/10.3/bin/../lib/gcc/arm-none-eabi/10.3.1/thumb/v7e-m+fp/softfp\libgcc.a(_arm_unorddf2.o)
                0x1000a00c                __unorddf2
                0x1000a00c                __aeabi_dcmpun
 .text          0x1000a038       0x50 c:/workspace/msdk/tools/gnutools/10.3/bin/../lib/gcc/arm-none-eabi/10.3.1/thumb/v7e-m+fp/softfp\libgcc.a(_arm_fixdfsi.o)
                0x1000a038                __aeabi_d2iz
                0x1000a038                __fixdfsi
 .text          0x1000a088       0x30 c:/workspace/msdk/tools/gnutools/10.3/bin/../lib/gcc/arm-none-eabi/10.3.1/thumb/v7e-m+fp/softfp\libgcc.a(_aeabi_uldivmod.o)
                0x1000a088                __aeabi_uldivmod
 .text          0x1000a0b8      0x2d0 c:/workspace/msdk/tools/gnutools/10.3/bin/../lib/gcc/arm-none-eabi/10.3.1/thumb/v7e-m+fp/softfp\libgcc.a(_udivmoddi4.o)
                0x1000a0b8                __udivmoddi4
 .text          0x1000a388        0x4 c:/workspace/msdk/tools/gnutools/10.3/bin/../lib/gcc/arm-none-eabi/10.3.1/thumb/v7e-m+fp/softfp\libgcc.a(_dvmd_tls.o)
                0x1000a388                __aeabi_idiv0
                0x1000a388                __aeabi_ldiv0
 *(.rodata*)
 .rodata.main.str1.4
                0x1000a38c      0x21c c:/workspace/ADI_Intern_Private/AD-APARD32690-SL/readTempSensor/archive/SPI/build/main.o
 .rodata.mxc_assert.str1.4
                0x1000a5a8       0x19 c:/workspace/ADI_Intern_Private/AD-APARD32690-SL/readTempSensor/archive/SPI/build/board.o
 *fill*         0x1000a5c1        0x3 
 .rodata.Board_Init.str1.4
                0x1000a5c4       0x49 c:/workspace/ADI_Intern_Private/AD-APARD32690-SL/readTempSensor/archive/SPI/build/board.o
 *fill*         0x1000a60d        0x3 
 .rodata.NMI_Handler.str1.4
                0x1000a610        0xc c:/workspace/ADI_Intern_Private/AD-APARD32690-SL/readTempSensor/archive/SPI/build/board.o
 .rodata.HardFault_Handler.str1.4
                0x1000a61c       0x12 c:/workspace/ADI_Intern_Private/AD-APARD32690-SL/readTempSensor/archive/SPI/build/board.o
 *fill*         0x1000a62e        0x2 
 .rodata        0x1000a630       0x10 c:/workspace/ADI_Intern_Private/AD-APARD32690-SL/readTempSensor/archive/SPI/build/board.o
 .rodata.led_pin
                0x1000a640       0x24 c:/workspace/ADI_Intern_Private/AD-APARD32690-SL/readTempSensor/archive/SPI/build/board.o
                0x1000a640                led_pin
 .rodata.num_leds
                0x1000a664        0x4 c:/workspace/ADI_Intern_Private/AD-APARD32690-SL/readTempSensor/archive/SPI/build/board.o
                0x1000a664                num_leds
 .rodata.num_pbs
                0x1000a668        0x4 c:/workspace/ADI_Intern_Private/AD-APARD32690-SL/readTempSensor/archive/SPI/build/board.o
                0x1000a668                num_pbs
 .rodata.pb_pin
                0x1000a66c        0xc c:/workspace/ADI_Intern_Private/AD-APARD32690-SL/readTempSensor/archive/SPI/build/board.o
                0x1000a66c                pb_pin
 .rodata.LED_On.str1.4
                0x1000a678       0x43 c:/workspace/ADI_Intern_Private/AD-APARD32690-SL/readTempSensor/archive/SPI/build/led.o
 *fill*         0x1000a6bb        0x1 
 .rodata.MXC_DMA_RevA_Init.str1.4
                0x1000a6bc       0x59 C:/workspace/msdk/Libraries/PeriphDrivers/bin/MAX32690/spi-v1_softfp/libPeriphDriver_spi-v1_softfp.a(dma_reva.o)
 *fill*         0x1000a715        0x3 
 .rodata.MXC_SPI_Init.str1.4
                0x1000a718       0x59 C:/workspace/msdk/Libraries/PeriphDrivers/bin/MAX32690/spi-v1_softfp/libPeriphDriver_spi-v1_softfp.a(spi_me18.o)
 *fill*         0x1000a771        0x3 
 .rodata.MXC_SPI_RevA1_SwapByte.str1.4
                0x1000a774       0x58 C:/workspace/msdk/Libraries/PeriphDrivers/bin/MAX32690/spi-v1_softfp/libPeriphDriver_spi-v1_softfp.a(spi_reva1.o)
 .rodata.MXC_SPI_RevA1_TransSetup.str1.4
                0x1000a7cc       0x22 C:/workspace/msdk/Libraries/PeriphDrivers/bin/MAX32690/spi-v1_softfp/libPeriphDriver_spi-v1_softfp.a(spi_reva1.o)
 *fill*         0x1000a7ee        0x2 
 .rodata.MXC_SPIXF_RevA_SetCmdWidth.str1.4
                0x1000a7f0       0x6a C:/workspace/msdk/Libraries/PeriphDrivers/bin/MAX32690/spi-v1_softfp/libPeriphDriver_spi-v1_softfp.a(spixf_reva.o)
 *fill*         0x1000a85a        0x2 
 .rodata.MXC_SPIXF_RevA_Clocks.str1.4
                0x1000a85c       0x21 C:/workspace/msdk/Libraries/PeriphDrivers/bin/MAX32690/spi-v1_softfp/libPeriphDriver_spi-v1_softfp.a(spixf_reva.o)
 *fill*         0x1000a87d        0x3 
 .rodata.MXC_SPIXF_RevA_Transaction.str1.4
                0x1000a880       0x3d C:/workspace/msdk/Libraries/PeriphDrivers/bin/MAX32690/spi-v1_softfp/libPeriphDriver_spi-v1_softfp.a(spixf_reva.o)
 *fill*         0x1000a8bd        0x3 
 .rodata.MXC_UART_RevB_Init.str1.4
                0x1000a8c0       0x7b C:/workspace/msdk/Libraries/PeriphDrivers/bin/MAX32690/spi-v1_softfp/libPeriphDriver_spi-v1_softfp.a(uart_revb.o)
 *fill*         0x1000a93b        0x1 
 .rodata.MXC_UART_RevB_SetClockSource.str1.4
                0x1000a93c       0x27 C:/workspace/msdk/Libraries/PeriphDrivers/bin/MAX32690/spi-v1_softfp/libPeriphDriver_spi-v1_softfp.a(uart_revb.o)
 *fill*         0x1000a963        0x1 
 .rodata.gpio_cfg_extclk
                0x1000a964        0xc C:/workspace/msdk/Libraries/PeriphDrivers/bin/MAX32690/spi-v1_softfp/libPeriphDriver_spi-v1_softfp.a(pins_me18.o)
                0x1000a964                gpio_cfg_extclk
 .rodata.gpio_cfg_spi0
                0x1000a970        0xc C:/workspace/msdk/Libraries/PeriphDrivers/bin/MAX32690/spi-v1_softfp/libPeriphDriver_spi-v1_softfp.a(pins_me18.o)
                0x1000a970                gpio_cfg_spi0
 .rodata.gpio_cfg_spi0_ss0
                0x1000a97c        0xc C:/workspace/msdk/Libraries/PeriphDrivers/bin/MAX32690/spi-v1_softfp/libPeriphDriver_spi-v1_softfp.a(pins_me18.o)
                0x1000a97c                gpio_cfg_spi0_ss0
 .rodata.gpio_cfg_spi0_ss1
                0x1000a988        0xc C:/workspace/msdk/Libraries/PeriphDrivers/bin/MAX32690/spi-v1_softfp/libPeriphDriver_spi-v1_softfp.a(pins_me18.o)
                0x1000a988                gpio_cfg_spi0_ss1
 .rodata.gpio_cfg_spi1
                0x1000a994        0xc C:/workspace/msdk/Libraries/PeriphDrivers/bin/MAX32690/spi-v1_softfp/libPeriphDriver_spi-v1_softfp.a(pins_me18.o)
                0x1000a994                gpio_cfg_spi1
 .rodata.gpio_cfg_spi1_ss0
                0x1000a9a0        0xc C:/workspace/msdk/Libraries/PeriphDrivers/bin/MAX32690/spi-v1_softfp/libPeriphDriver_spi-v1_softfp.a(pins_me18.o)
                0x1000a9a0                gpio_cfg_spi1_ss0
 .rodata.gpio_cfg_spi1_ss1
                0x1000a9ac        0xc C:/workspace/msdk/Libraries/PeriphDrivers/bin/MAX32690/spi-v1_softfp/libPeriphDriver_spi-v1_softfp.a(pins_me18.o)
                0x1000a9ac                gpio_cfg_spi1_ss1
 .rodata.gpio_cfg_spi1_ss2
                0x1000a9b8        0xc C:/workspace/msdk/Libraries/PeriphDrivers/bin/MAX32690/spi-v1_softfp/libPeriphDriver_spi-v1_softfp.a(pins_me18.o)
                0x1000a9b8                gpio_cfg_spi1_ss2
 .rodata.gpio_cfg_spi2
                0x1000a9c4        0xc C:/workspace/msdk/Libraries/PeriphDrivers/bin/MAX32690/spi-v1_softfp/libPeriphDriver_spi-v1_softfp.a(pins_me18.o)
                0x1000a9c4                gpio_cfg_spi2
 .rodata.gpio_cfg_spi2_ss0
                0x1000a9d0        0xc C:/workspace/msdk/Libraries/PeriphDrivers/bin/MAX32690/spi-v1_softfp/libPeriphDriver_spi-v1_softfp.a(pins_me18.o)
                0x1000a9d0                gpio_cfg_spi2_ss0
 .rodata.gpio_cfg_spi2_ss1
                0x1000a9dc        0xc C:/workspace/msdk/Libraries/PeriphDrivers/bin/MAX32690/spi-v1_softfp/libPeriphDriver_spi-v1_softfp.a(pins_me18.o)
                0x1000a9dc                gpio_cfg_spi2_ss1
 .rodata.gpio_cfg_spi2_ss2
                0x1000a9e8        0xc C:/workspace/msdk/Libraries/PeriphDrivers/bin/MAX32690/spi-v1_softfp/libPeriphDriver_spi-v1_softfp.a(pins_me18.o)
                0x1000a9e8                gpio_cfg_spi2_ss2
 .rodata.gpio_cfg_spi3
                0x1000a9f4        0xc C:/workspace/msdk/Libraries/PeriphDrivers/bin/MAX32690/spi-v1_softfp/libPeriphDriver_spi-v1_softfp.a(pins_me18.o)
                0x1000a9f4                gpio_cfg_spi3
 .rodata.gpio_cfg_spi3_ss0
                0x1000aa00        0xc C:/workspace/msdk/Libraries/PeriphDrivers/bin/MAX32690/spi-v1_softfp/libPeriphDriver_spi-v1_softfp.a(pins_me18.o)
                0x1000aa00                gpio_cfg_spi3_ss0
 .rodata.gpio_cfg_spi3_ss1
                0x1000aa0c        0xc C:/workspace/msdk/Libraries/PeriphDrivers/bin/MAX32690/spi-v1_softfp/libPeriphDriver_spi-v1_softfp.a(pins_me18.o)
                0x1000aa0c                gpio_cfg_spi3_ss1
 .rodata.gpio_cfg_spi3_ss2
                0x1000aa18        0xc C:/workspace/msdk/Libraries/PeriphDrivers/bin/MAX32690/spi-v1_softfp/libPeriphDriver_spi-v1_softfp.a(pins_me18.o)
                0x1000aa18                gpio_cfg_spi3_ss2
 .rodata.gpio_cfg_spi4
                0x1000aa24        0xc C:/workspace/msdk/Libraries/PeriphDrivers/bin/MAX32690/spi-v1_softfp/libPeriphDriver_spi-v1_softfp.a(pins_me18.o)
                0x1000aa24                gpio_cfg_spi4
 .rodata.gpio_cfg_spi4_ss0
                0x1000aa30        0xc C:/workspace/msdk/Libraries/PeriphDrivers/bin/MAX32690/spi-v1_softfp/libPeriphDriver_spi-v1_softfp.a(pins_me18.o)
                0x1000aa30                gpio_cfg_spi4_ss0
 .rodata.gpio_cfg_spi4_ss1
                0x1000aa3c        0xc C:/workspace/msdk/Libraries/PeriphDrivers/bin/MAX32690/spi-v1_softfp/libPeriphDriver_spi-v1_softfp.a(pins_me18.o)
                0x1000aa3c                gpio_cfg_spi4_ss1
 .rodata.gpio_cfg_spi4_ss2
                0x1000aa48        0xc C:/workspace/msdk/Libraries/PeriphDrivers/bin/MAX32690/spi-v1_softfp/libPeriphDriver_spi-v1_softfp.a(pins_me18.o)
                0x1000aa48                gpio_cfg_spi4_ss2
 .rodata.gpio_cfg_spixf
                0x1000aa54        0xc C:/workspace/msdk/Libraries/PeriphDrivers/bin/MAX32690/spi-v1_softfp/libPeriphDriver_spi-v1_softfp.a(pins_me18.o)
                0x1000aa54                gpio_cfg_spixf
 .rodata.gpio_cfg_uart0
                0x1000aa60        0xc C:/workspace/msdk/Libraries/PeriphDrivers/bin/MAX32690/spi-v1_softfp/libPeriphDriver_spi-v1_softfp.a(pins_me18.o)
                0x1000aa60                gpio_cfg_uart0
 .rodata.gpio_cfg_uart1
                0x1000aa6c        0xc C:/workspace/msdk/Libraries/PeriphDrivers/bin/MAX32690/spi-v1_softfp/libPeriphDriver_spi-v1_softfp.a(pins_me18.o)
                0x1000aa6c                gpio_cfg_uart1
 .rodata.gpio_cfg_uart2
                0x1000aa78        0xc C:/workspace/msdk/Libraries/PeriphDrivers/bin/MAX32690/spi-v1_softfp/libPeriphDriver_spi-v1_softfp.a(pins_me18.o)
                0x1000aa78                gpio_cfg_uart2
 .rodata.gpio_cfg_uart3
                0x1000aa84        0xc C:/workspace/msdk/Libraries/PeriphDrivers/bin/MAX32690/spi-v1_softfp/libPeriphDriver_spi-v1_softfp.a(pins_me18.o)
                0x1000aa84                gpio_cfg_uart3
 .rodata.MXC_GPIO_Common_Handler.str1.4
                0x1000aa90       0x6e C:/workspace/msdk/Libraries/PeriphDrivers/bin/MAX32690/spi-v1_softfp/libPeriphDriver_spi-v1_softfp.a(gpio_common.o)
 *fill*         0x1000aafe        0x2 
 .rodata._global_impure_ptr
                0x1000ab00        0x4 c:/workspace/msdk/tools/gnutools/10.3/bin/../lib/gcc/arm-none-eabi/10.3.1/../../../../arm-none-eabi/lib/thumb/v7e-m+fp/softfp\libc.a(lib_a-impure.o)
                0x1000ab00                _global_impure_ptr
 .rodata._puts_r.str1.4
                0x1000ab04       0x6e c:/workspace/msdk/tools/gnutools/10.3/bin/../lib/gcc/arm-none-eabi/10.3.1/../../../../arm-none-eabi/lib/thumb/v7e-m+fp/softfp\libc.a(lib_a-puts.o)
                                  0x2 (size before relaxing)
 .rodata._vfprintf_r.str1.4
                0x1000ab04       0x42 c:/workspace/msdk/tools/gnutools/10.3/bin/../lib/gcc/arm-none-eabi/10.3.1/../../../../arm-none-eabi/lib/thumb/v7e-m+fp/softfp\libc.a(lib_a-vfprintf.o)
 *fill*         0x1000ab46        0x2 
 .rodata.blanks.1
                0x1000ab48       0x10 c:/workspace/msdk/tools/gnutools/10.3/bin/../lib/gcc/arm-none-eabi/10.3.1/../../../../arm-none-eabi/lib/thumb/v7e-m+fp/softfp\libc.a(lib_a-vfprintf.o)
 .rodata.zeroes.0
                0x1000ab58       0x10 c:/workspace/msdk/tools/gnutools/10.3/bin/../lib/gcc/arm-none-eabi/10.3.1/../../../../arm-none-eabi/lib/thumb/v7e-m+fp/softfp\libc.a(lib_a-vfprintf.o)
 .rodata._dtoa_r.str1.4
                0x1000ab68       0xa2 c:/workspace/msdk/tools/gnutools/10.3/bin/../lib/gcc/arm-none-eabi/10.3.1/../../../../arm-none-eabi/lib/thumb/v7e-m+fp/softfp\libc.a(lib_a-dtoa.o)
                                 0xa6 (size before relaxing)
 *fill*         0x1000ac0a        0x2 
 .rodata.__multadd.str1.4
                0x1000ac0c       0x7f c:/workspace/msdk/tools/gnutools/10.3/bin/../lib/gcc/arm-none-eabi/10.3.1/../../../../arm-none-eabi/lib/thumb/v7e-m+fp/softfp\libc.a(lib_a-mprec.o)
                                 0x93 (size before relaxing)
 *fill*         0x1000ac8b        0x5 
 .rodata.__mprec_bigtens
                0x1000ac90       0x28 c:/workspace/msdk/tools/gnutools/10.3/bin/../lib/gcc/arm-none-eabi/10.3.1/../../../../arm-none-eabi/lib/thumb/v7e-m+fp/softfp\libc.a(lib_a-mprec.o)
                0x1000ac90                __mprec_bigtens
 .rodata.__mprec_tens
                0x1000acb8       0xc8 c:/workspace/msdk/tools/gnutools/10.3/bin/../lib/gcc/arm-none-eabi/10.3.1/../../../../arm-none-eabi/lib/thumb/v7e-m+fp/softfp\libc.a(lib_a-mprec.o)
                0x1000acb8                __mprec_tens
 .rodata.p05.0  0x1000ad80        0xc c:/workspace/msdk/tools/gnutools/10.3/bin/../lib/gcc/arm-none-eabi/10.3.1/../../../../arm-none-eabi/lib/thumb/v7e-m+fp/softfp\libc.a(lib_a-mprec.o)
 .rodata._vfiprintf_r.str1.4
                0x1000ad8c       0x2f c:/workspace/msdk/tools/gnutools/10.3/bin/../lib/gcc/arm-none-eabi/10.3.1/../../../../arm-none-eabi/lib/thumb/v7e-m+fp/softfp\libc.a(lib_a-vfiprintf.o)
 .rodata.blanks.1
                0x1000ad8c       0x10 c:/workspace/msdk/tools/gnutools/10.3/bin/../lib/gcc/arm-none-eabi/10.3.1/../../../../arm-none-eabi/lib/thumb/v7e-m+fp/softfp\libc.a(lib_a-vfiprintf.o)
 .rodata.zeroes.0
                0x1000ad9c       0x10 c:/workspace/msdk/tools/gnutools/10.3/bin/../lib/gcc/arm-none-eabi/10.3.1/../../../../arm-none-eabi/lib/thumb/v7e-m+fp/softfp\libc.a(lib_a-vfiprintf.o)
 .rodata.__assert_func.str1.4
                0x1000adac       0x3f c:/workspace/msdk/tools/gnutools/10.3/bin/../lib/gcc/arm-none-eabi/10.3.1/../../../../arm-none-eabi/lib/thumb/v7e-m+fp/softfp\libc.a(lib_a-assert.o)
                                 0x43 (size before relaxing)
 *fill*         0x1000adeb        0x1 
 .rodata._setlocale_r.str1.4
                0x1000adec        0xa c:/workspace/msdk/tools/gnutools/10.3/bin/../lib/gcc/arm-none-eabi/10.3.1/../../../../arm-none-eabi/lib/thumb/v7e-m+fp/softfp\libc.a(lib_a-locale.o)
                                  0xd (size before relaxing)
 *fill*         0x1000adf6        0x2 
 .rodata.str1.4
                0x1000adf8        0x2 c:/workspace/msdk/tools/gnutools/10.3/bin/../lib/gcc/arm-none-eabi/10.3.1/../../../../arm-none-eabi/lib/thumb/v7e-m+fp/softfp\libc.a(lib_a-locale.o)
 *fill*         0x1000adfa        0x2 
 .rodata._ctype_
                0x1000adfc      0x101 c:/workspace/msdk/tools/gnutools/10.3/bin/../lib/gcc/arm-none-eabi/10.3.1/../../../../arm-none-eabi/lib/thumb/v7e-m+fp/softfp\libc.a(lib_a-ctype_.o)
                0x1000adfc                _ctype_
 *(.init)
 *fill*         0x1000aefd        0x3 
 .init          0x1000af00        0x4 c:/workspace/msdk/tools/gnutools/10.3/bin/../lib/gcc/arm-none-eabi/10.3.1/thumb/v7e-m+fp/softfp/crti.o
                0x1000af00                _init
 .init          0x1000af04        0x8 c:/workspace/msdk/tools/gnutools/10.3/bin/../lib/gcc/arm-none-eabi/10.3.1/thumb/v7e-m+fp/softfp/crtn.o
 *(.fini)
 .fini          0x1000af0c        0x4 c:/workspace/msdk/tools/gnutools/10.3/bin/../lib/gcc/arm-none-eabi/10.3.1/thumb/v7e-m+fp/softfp/crti.o
                0x1000af0c                _fini
 .fini          0x1000af10        0x8 c:/workspace/msdk/tools/gnutools/10.3/bin/../lib/gcc/arm-none-eabi/10.3.1/thumb/v7e-m+fp/softfp/crtn.o
 *crtbegin.o(.ctors)
 *crtbegin?.o(.ctors)
 *(EXCLUDE_FILE(*crtend.o *crtend?.o) .ctors)
 *(SORT_BY_NAME(.ctors.*))
 *(.ctors)
 *crtbegin.o(.dtors)
 *crtbegin?.o(.dtors)
 *(EXCLUDE_FILE(*crtend.o *crtend?.o) .dtors)
 *(SORT_BY_NAME(.dtors.*))
 *(.dtors)
 *(.eh_frame*)
 .eh_frame      0x1000af18        0x0 c:/workspace/msdk/tools/gnutools/10.3/bin/../lib/gcc/arm-none-eabi/10.3.1/thumb/v7e-m+fp/softfp/crtbegin.o
 .eh_frame      0x1000af18        0x4 c:/workspace/msdk/tools/gnutools/10.3/bin/../lib/gcc/arm-none-eabi/10.3.1/thumb/v7e-m+fp/softfp/crtend.o
                0x1000af1c                _etext = .

.glue_7         0x1000af1c        0x0
 .glue_7        0x1000af1c        0x0 linker stubs

.glue_7t        0x1000af1c        0x0
 .glue_7t       0x1000af1c        0x0 linker stubs

.vfp11_veneer   0x1000af1c        0x0
 .vfp11_veneer  0x1000af1c        0x0 linker stubs

.v4_bx          0x1000af1c        0x0
 .v4_bx         0x1000af1c        0x0 linker stubs

.iplt           0x1000af1c        0x0
 .iplt          0x1000af1c        0x0 c:/workspace/msdk/tools/gnutools/10.3/bin/../lib/gcc/arm-none-eabi/10.3.1/thumb/v7e-m+fp/softfp/crtbegin.o

.ARM.extab
 *(.ARM.extab* .gnu.linkonce.armextab.*)

.hpb_cs0_section
                0x60000000        0x0 load address 0x1000af1c
                0x60000000                __hpb_cs0_start = ABSOLUTE (.)
 *(.hpb_cs0_section*)
                0x1000af1c                __load_start_hpb_cs0 = LOADADDR (.hpb_cs0_section)
                0x00000000                __load_length_hpb_cs0 = SIZEOF (.hpb_cs0_section)

.hpb_cs1_section
                0x70000000        0x0 load address 0x1000af1c
                0x70000000                __hpb_cs1_start = ABSOLUTE (.)
 *(.hpb_cs1_section*)
                0x1000af1c                __load_start_hpb_cs1 = LOADADDR (.hpb_cs1_section)
                0x00000000                __load_length_hpb_cs1 = SIZEOF (.hpb_cs1_section)

.bin_storage    0x1000af1c        0x0
 FILL mask 0xff
                0x1000af1c                _bin_start_ = .
 *(.bin_storage_img)
                0x1000af1c                _bin_end_ = .
                0x1000af1c                . = ALIGN (0x4)

.ARM.exidx      0x1000af1c        0x8
                0x1000af1c                __exidx_start = .
 *(.ARM.exidx* .gnu.linkonce.armexidx.*)
 .ARM.exidx     0x1000af1c        0x8 c:/workspace/msdk/tools/gnutools/10.3/bin/../lib/gcc/arm-none-eabi/10.3.1/thumb/v7e-m+fp/softfp\libgcc.a(_udivmoddi4.o)