Archive member included to satisfy reference by file (symbol)

C:/workspace/msdk/Libraries/PeriphDrivers/bin/MAX32690/spi-v1_softfp/libPeriphDriver_spi-v1_softfp.a(sys_me18.o)
                              c:/workspace/ADI_Intern_Private/AD-APARD32690-SL/CircuitPython/msdk_testCode/TRNG/build/board.o (MXC_SYS_ClockEnable)
C:/workspace/msdk/Libraries/PeriphDrivers/bin/MAX32690/spi-v1_softfp/libPeriphDriver_spi-v1_softfp.a(ctb_me18.o)
                              C:/workspace/msdk/Libraries/PeriphDrivers/bin/MAX32690/spi-v1_softfp/libPeriphDriver_spi-v1_softfp.a(sys_me18.o) (MXC_CTB_Init)
C:/workspace/msdk/Libraries/PeriphDrivers/bin/MAX32690/spi-v1_softfp/libPeriphDriver_spi-v1_softfp.a(ctb_reva.o)
                              C:/workspace/msdk/Libraries/PeriphDrivers/bin/MAX32690/spi-v1_softfp/libPeriphDriver_spi-v1_softfp.a(ctb_me18.o) (MXC_CTB_RevA_Init)
C:/workspace/msdk/Libraries/PeriphDrivers/bin/MAX32690/spi-v1_softfp/libPeriphDriver_spi-v1_softfp.a(ctb_common.o)
                              C:/workspace/msdk/Libraries/PeriphDrivers/bin/MAX32690/spi-v1_softfp/libPeriphDriver_spi-v1_softfp.a(ctb_me18.o) (MXC_CTB_Common_Hash_GetBlockSize)
C:/workspace/msdk/Libraries/PeriphDrivers/bin/MAX32690/spi-v1_softfp/libPeriphDriver_spi-v1_softfp.a(flc_me18.o)
                              C:/workspace/msdk/Libraries/PeriphDrivers/bin/MAX32690/spi-v1_softfp/libPeriphDriver_spi-v1_softfp.a(sys_me18.o) (MXC_FLC_UnlockInfoBlock)
C:/workspace/msdk/Libraries/PeriphDrivers/bin/MAX32690/spi-v1_softfp/libPeriphDriver_spi-v1_softfp.a(flc_reva.o)
                              C:/workspace/msdk/Libraries/PeriphDrivers/bin/MAX32690/spi-v1_softfp/libPeriphDriver_spi-v1_softfp.a(flc_me18.o) (MXC_FLC_RevA_Busy)
C:/workspace/msdk/Libraries/PeriphDrivers/bin/MAX32690/spi-v1_softfp/libPeriphDriver_spi-v1_softfp.a(gpio_me18.o)
                              c:/workspace/ADI_Intern_Private/AD-APARD32690-SL/CircuitPython/msdk_testCode/TRNG/build/pb.o (MXC_GPIO_InGet)
C:/workspace/msdk/Libraries/PeriphDrivers/bin/MAX32690/spi-v1_softfp/libPeriphDriver_spi-v1_softfp.a(gpio_reva.o)
                              C:/workspace/msdk/Libraries/PeriphDrivers/bin/MAX32690/spi-v1_softfp/libPeriphDriver_spi-v1_softfp.a(gpio_me18.o) (MXC_GPIO_RevA_InGet)
C:/workspace/msdk/Libraries/PeriphDrivers/bin/MAX32690/spi-v1_softfp/libPeriphDriver_spi-v1_softfp.a(icc_me18.o)
                              c:/workspace/ADI_Intern_Private/AD-APARD32690-SL/CircuitPython/msdk_testCode/TRNG/build/system_max32690.o (MXC_ICC_Enable)
C:/workspace/msdk/Libraries/PeriphDrivers/bin/MAX32690/spi-v1_softfp/libPeriphDriver_spi-v1_softfp.a(icc_reva.o)
                              C:/workspace/msdk/Libraries/PeriphDrivers/bin/MAX32690/spi-v1_softfp/libPeriphDriver_spi-v1_softfp.a(icc_me18.o) (MXC_ICC_RevA_ID)
C:/workspace/msdk/Libraries/PeriphDrivers/bin/MAX32690/spi-v1_softfp/libPeriphDriver_spi-v1_softfp.a(spixf_me18.o)
                              c:/workspace/ADI_Intern_Private/AD-APARD32690-SL/CircuitPython/msdk_testCode/TRNG/build/board.o (MXC_SPIXF_Init)
C:/workspace/msdk/Libraries/PeriphDrivers/bin/MAX32690/spi-v1_softfp/libPeriphDriver_spi-v1_softfp.a(spixf_reva.o)
                              C:/workspace/msdk/Libraries/PeriphDrivers/bin/MAX32690/spi-v1_softfp/libPeriphDriver_spi-v1_softfp.a(spixf_me18.o) (MXC_SPIXF_RevA_AbortAsync)
C:/workspace/msdk/Libraries/PeriphDrivers/bin/MAX32690/spi-v1_softfp/libPeriphDriver_spi-v1_softfp.a(trng_me18.o)
                              c:/workspace/ADI_Intern_Private/AD-APARD32690-SL/CircuitPython/msdk_testCode/TRNG/build/main.o (MXC_TRNG_Init)
C:/workspace/msdk/Libraries/PeriphDrivers/bin/MAX32690/spi-v1_softfp/libPeriphDriver_spi-v1_softfp.a(trng_revb.o)
                              C:/workspace/msdk/Libraries/PeriphDrivers/bin/MAX32690/spi-v1_softfp/libPeriphDriver_spi-v1_softfp.a(trng_me18.o) (MXC_TRNG_RevB_Init)
C:/workspace/msdk/Libraries/PeriphDrivers/bin/MAX32690/spi-v1_softfp/libPeriphDriver_spi-v1_softfp.a(uart_me18.o)
                              c:/workspace/ADI_Intern_Private/AD-APARD32690-SL/CircuitPython/msdk_testCode/TRNG/build/board.o (MXC_UART_Shutdown)
C:/workspace/msdk/Libraries/PeriphDrivers/bin/MAX32690/spi-v1_softfp/libPeriphDriver_spi-v1_softfp.a(uart_revb.o)
                              C:/workspace/msdk/Libraries/PeriphDrivers/bin/MAX32690/spi-v1_softfp/libPeriphDriver_spi-v1_softfp.a(uart_me18.o) (MXC_UART_RevB_Init)
C:/workspace/msdk/Libraries/PeriphDrivers/bin/MAX32690/spi-v1_softfp/libPeriphDriver_spi-v1_softfp.a(mxc_delay.o)
                              C:/workspace/msdk/Libraries/PeriphDrivers/bin/MAX32690/spi-v1_softfp/libPeriphDriver_spi-v1_softfp.a(sys_me18.o) (MXC_DelayAsync)
C:/workspace/msdk/Libraries/PeriphDrivers/bin/MAX32690/spi-v1_softfp/libPeriphDriver_spi-v1_softfp.a(nvic_table.o)
                              C:/workspace/msdk/Libraries/PeriphDrivers/bin/MAX32690/spi-v1_softfp/libPeriphDriver_spi-v1_softfp.a(uart_revb.o) (MXC_NVIC_SetVector)
[...]
Memory Configuration

Name             Origin             Length             Attributes
ROM              0x00000000         0x00020000         xr
FLASH            0x10000000         0x00340000         xr
PAL_NVM_DB       0x10340000         0x00000000         r
RISCV_FLASH      0x00000000         0x00000000         xr
SRAM             0x20000000         0x00100000         xrw
MAILBOX_0        0x00000000         0x00000000         rw
MAILBOX_1        0x00000000         0x00000000         rw
HPB_CS0          0x60000000         0x10000000         xrw
HPB_CS1          0x70000000         0x10000000         xrw
*default*        0x00000000         0xffffffff

Linker script and memory map

LOAD c:/workspace/msdk/tools/gnutools/10.3/bin/../lib/gcc/arm-none-eabi/10.3.1/thumb/v7e-m+fp/softfp/crti.o
LOAD c:/workspace/msdk/tools/gnutools/10.3/bin/../lib/gcc/arm-none-eabi/10.3.1/thumb/v7e-m+fp/softfp/crtbegin.o
LOAD c:/workspace/msdk/tools/gnutools/10.3/bin/../lib/gcc/arm-none-eabi/10.3.1/../../../../arm-none-eabi/lib/thumb/v7e-m+fp/softfp/crt0.o
LOAD c:/workspace/ADI_Intern_Private/AD-APARD32690-SL/CircuitPython/msdk_testCode/TRNG/build/main.o
LOAD c:/workspace/ADI_Intern_Private/AD-APARD32690-SL/CircuitPython/msdk_testCode/TRNG/build/board.o
LOAD c:/workspace/ADI_Intern_Private/AD-APARD32690-SL/CircuitPython/msdk_testCode/TRNG/build/stdio.o
LOAD c:/workspace/ADI_Intern_Private/AD-APARD32690-SL/CircuitPython/msdk_testCode/TRNG/build/led.o
LOAD c:/workspace/ADI_Intern_Private/AD-APARD32690-SL/CircuitPython/msdk_testCode/TRNG/build/mx25.o
LOAD c:/workspace/ADI_Intern_Private/AD-APARD32690-SL/CircuitPython/msdk_testCode/TRNG/build/pb.o
LOAD c:/workspace/ADI_Intern_Private/AD-APARD32690-SL/CircuitPython/msdk_testCode/TRNG/build/startup_max32690.o
LOAD c:/workspace/ADI_Intern_Private/AD-APARD32690-SL/CircuitPython/msdk_testCode/TRNG/build/heap.o
LOAD c:/workspace/ADI_Intern_Private/AD-APARD32690-SL/CircuitPython/msdk_testCode/TRNG/build/system_max32690.o
START GROUP
LOAD C:/workspace/msdk/Libraries/PeriphDrivers/bin/MAX32690/spi-v1_softfp/libPeriphDriver_spi-v1_softfp.a
LOAD c:/workspace/msdk/tools/gnutools/10.3/bin/../lib/gcc/arm-none-eabi/10.3.1/../../../../arm-none-eabi/lib/thumb/v7e-m+fp/softfp\libc.a
LOAD c:/workspace/msdk/tools/gnutools/10.3/bin/../lib/gcc/arm-none-eabi/10.3.1/../../../../arm-none-eabi/lib/thumb/v7e-m+fp/softfp\libm.a
LOAD c:/workspace/msdk/tools/gnutools/10.3/bin/../lib/gcc/arm-none-eabi/10.3.1/../../../../arm-none-eabi/lib/thumb/v7e-m+fp/softfp\libnosys.a
END GROUP
START GROUP
LOAD c:/workspace/msdk/tools/gnutools/10.3/bin/../lib/gcc/arm-none-eabi/10.3.1/thumb/v7e-m+fp/softfp\libgcc.a
LOAD c:/workspace/msdk/tools/gnutools/10.3/bin/../lib/gcc/arm-none-eabi/10.3.1/../../../../arm-none-eabi/lib/thumb/v7e-m+fp/softfp\libc.a
END GROUP
LOAD c:/workspace/msdk/tools/gnutools/10.3/bin/../lib/gcc/arm-none-eabi/10.3.1/thumb/v7e-m+fp/softfp/crtend.o
LOAD c:/workspace/msdk/tools/gnutools/10.3/bin/../lib/gcc/arm-none-eabi/10.3.1/thumb/v7e-m+fp/softfp/crtn.o
                0x10000000                ARM_FLASH_ORIGIN = _FLASH_ORIGIN
                0x00340000                ARM_FLASH_SIZE = ((_FLASH_SIZE - _RISCV_FLASH_SIZE) - _PAL_NVM_SIZE)
                0x10340000                PAL_NVM_ORIGIN = ((_FLASH_SIZE - _PAL_NVM_SIZE) + _FLASH_ORIGIN)
                0x00000000                RISCV_FLASH_ORIGIN = _RISCV_FLASH_ORIGIN
                0x00000000                RISCV_FLASH_SIZE = _RISCV_FLASH_SIZE
                0x20000000                ARM_SRAM_ORIGIN = _SRAM_ORIGIN
                0x00100000                ARM_SRAM_SIZE = (_SRAM_SIZE - _RISCV_SRAM_SIZE)
                0x00000000                MAILBOX_ORIGIN = _RISCV_SRAM_ORIGIN
                0x00000000                RISCV_SRAM_ORIGIN = _RISCV_SRAM_ORIGIN
                0x00000000                RISCV_SRAM_SIZE = _RISCV_SRAM_SIZE

.rom
 *(.rom_vector)
 *(.rom_handlers*)

.text           0x10000000     0x9b7c
                0x10000000                _text = .
 *(.isr_vector)
 .isr_vector    0x10000000      0x200 c:/workspace/ADI_Intern_Private/AD-APARD32690-SL/CircuitPython/msdk_testCode/TRNG/build/startup_max32690.o
                0x10000000                __isr_vector
 EXCLUDE_FILE(*riscv.o) *(.text*)
 .text          0x10000200       0x40 c:/workspace/msdk/tools/gnutools/10.3/bin/../lib/gcc/arm-none-eabi/10.3.1/thumb/v7e-m+fp/softfp/crtbegin.o
 .text.Test_Callback
                0x10000240       0x14 c:/workspace/ADI_Intern_Private/AD-APARD32690-SL/CircuitPython/msdk_testCode/TRNG/build/main.o
                0x10000240                Test_Callback
 .text.TRNG_IRQHandler
                0x10000254        0x8 c:/workspace/ADI_Intern_Private/AD-APARD32690-SL/CircuitPython/msdk_testCode/TRNG/build/main.o
                0x10000254                TRNG_IRQHandler
 .text.print    0x1000025c       0x30 c:/workspace/ADI_Intern_Private/AD-APARD32690-SL/CircuitPython/msdk_testCode/TRNG/build/main.o
                0x1000025c                print
 .text.Test_TRNG
                0x1000028c       0x6c c:/workspace/ADI_Intern_Private/AD-APARD32690-SL/CircuitPython/msdk_testCode/TRNG/build/main.o
                0x1000028c                Test_TRNG
 .text.main     0x100002f8       0x28 c:/workspace/ADI_Intern_Private/AD-APARD32690-SL/CircuitPython/msdk_testCode/TRNG/build/main.o
                0x100002f8                main
 .text.ext_flash_clock
                0x10000320        0xa c:/workspace/ADI_Intern_Private/AD-APARD32690-SL/CircuitPython/msdk_testCode/TRNG/build/board.o
 .text.ext_flash_board_write
                0x1000032a       0x36 c:/workspace/ADI_Intern_Private/AD-APARD32690-SL/CircuitPython/msdk_testCode/TRNG/build/board.o
 .text.ext_flash_board_read
                0x10000360       0x36 c:/workspace/ADI_Intern_Private/AD-APARD32690-SL/CircuitPython/msdk_testCode/TRNG/build/board.o
 *fill*         0x10000396        0x2 
 .text.ext_flash_board_init
                0x10000398       0x1c c:/workspace/ADI_Intern_Private/AD-APARD32690-SL/CircuitPython/msdk_testCode/TRNG/build/board.o
 .text.mxc_assert
                0x100003b4       0x10 c:/workspace/ADI_Intern_Private/AD-APARD32690-SL/CircuitPython/msdk_testCode/TRNG/build/board.o
                0x100003b4                mxc_assert
 .text.GPIOWAKE_IRQHandler
                0x100003c4        0xa c:/workspace/ADI_Intern_Private/AD-APARD32690-SL/CircuitPython/msdk_testCode/TRNG/build/board.o
                0x100003c4                GPIOWAKE_IRQHandler
 .text.GPIO2_IRQHandler
                0x100003ce        0xa c:/workspace/ADI_Intern_Private/AD-APARD32690-SL/CircuitPython/msdk_testCode/TRNG/build/board.o
                0x100003ce                GPIO2_IRQHandler
 .text.Console_Init
                0x100003d8       0x18 c:/workspace/ADI_Intern_Private/AD-APARD32690-SL/CircuitPython/msdk_testCode/TRNG/build/board.o
                0x100003d8                Console_Init
 .text.Board_Init
                0x100003f0       0x78 c:/workspace/ADI_Intern_Private/AD-APARD32690-SL/CircuitPython/msdk_testCode/TRNG/build/board.o
                0x100003f0                Board_Init
 .text.NMI_Handler
                0x10000468       0x10 c:/workspace/ADI_Intern_Private/AD-APARD32690-SL/CircuitPython/msdk_testCode/TRNG/build/board.o
                0x10000468                NMI_Handler
 .text.HardFault_Handler
                0x10000478       0x10 c:/workspace/ADI_Intern_Private/AD-APARD32690-SL/CircuitPython/msdk_testCode/TRNG/build/board.o
                0x10000478                HardFault_Handler
 .text._close   0x10000488        0x6 c:/workspace/ADI_Intern_Private/AD-APARD32690-SL/CircuitPython/msdk_testCode/TRNG/build/stdio.o
                0x10000488                _close
 .text._isatty  0x1000048e        0x6 c:/workspace/ADI_Intern_Private/AD-APARD32690-SL/CircuitPython/msdk_testCode/TRNG/build/stdio.o
                0x1000048e                _isatty
 .text._lseek   0x10000494        0x6 c:/workspace/ADI_Intern_Private/AD-APARD32690-SL/CircuitPython/msdk_testCode/TRNG/build/stdio.o
                0x10000494                _lseek
 .text._fstat   0x1000049a        0x6 c:/workspace/ADI_Intern_Private/AD-APARD32690-SL/CircuitPython/msdk_testCode/TRNG/build/stdio.o
                0x1000049a                _fstat
 .text._read    0x100004a0       0x50 c:/workspace/ADI_Intern_Private/AD-APARD32690-SL/CircuitPython/msdk_testCode/TRNG/build/stdio.o
                0x100004a0                _read
 .text._write   0x100004f0       0x44 c:/workspace/ADI_Intern_Private/AD-APARD32690-SL/CircuitPython/msdk_testCode/TRNG/build/stdio.o
                0x100004f0                _write
 .text.LED_Off  0x10000534       0x44 c:/workspace/ADI_Intern_Private/AD-APARD32690-SL/CircuitPython/msdk_testCode/TRNG/build/led.o
                0x10000534                LED_Off
 .text.LED_Init
                0x10000578       0x3c c:/workspace/ADI_Intern_Private/AD-APARD32690-SL/CircuitPython/msdk_testCode/TRNG/build/led.o
                0x10000578                LED_Init
 .text.Ext_Flash_Configure
                0x100005b4       0x28 c:/workspace/ADI_Intern_Private/AD-APARD32690-SL/CircuitPython/msdk_testCode/TRNG/build/mx25.o
                0x100005b4                Ext_Flash_Configure
 .text.PB_Init  0x100005dc       0x60 c:/workspace/ADI_Intern_Private/AD-APARD32690-SL/CircuitPython/msdk_testCode/TRNG/build/pb.o
                0x100005dc                PB_Init
 .text.PB_Set_Polarity
                0x1000063c       0x20 c:/workspace/ADI_Intern_Private/AD-APARD32690-SL/CircuitPython/msdk_testCode/TRNG/build/pb.o
                0x1000063c                PB_Set_Polarity
 .text          0x1000065c      0x158 c:/workspace/ADI_Intern_Private/AD-APARD32690-SL/CircuitPython/msdk_testCode/TRNG/build/startup_max32690.o
                0x1000065c                Reset_Handler
                0x1000069c                MemManage_Handler
                0x1000069e                BusFault_Handler
                0x100006a0                UsageFault_Handler
                0x100006a2                SVC_Handler
                0x100006a4                DebugMon_Handler
                0x100006a6                PendSV_Handler
                0x100006a8                SysTick_Handler
                0x100006aa                Default_Handler
                0x100006ac                PF_IRQHandler
                0x100006ae                WDT0_IRQHandler
                0x100006b0                USB_IRQHandler
                0x100006b2                RTC_IRQHandler
                0x100006b6                TMR0_IRQHandler
                0x100006b8                TMR1_IRQHandler
                0x100006ba                TMR2_IRQHandler
                0x100006bc                TMR3_IRQHandler
                0x100006be                TMR4_IRQHandler
                0x100006c0                TMR5_IRQHandler
                0x100006c2                RSV11_IRQHandler
                0x100006c4                RSV12_IRQHandler
                0x100006c6                I2C0_IRQHandler
                0x100006c8                UART0_IRQHandler
                0x100006ca                UART1_IRQHandler
                0x100006cc                SPI0_IRQHandler
                0x100006ce                SPI1_IRQHandler
                0x100006d0                SPI2_IRQHandler
                0x100006d2                RSV19_IRQHandler
                0x100006d4                ADC_IRQHandler
                0x100006d6                RSV21_IRQHandler
                0x100006d8                RSV22_IRQHandler
                0x100006da                FLC0_IRQHandler
                0x100006dc                GPIO0_IRQHandler
                0x100006de                GPIO1_IRQHandler
                0x100006e2                CRYPTO_IRQHandler
                0x100006e4                DMA0_IRQHandler
                0x100006e6                DMA1_IRQHandler
                0x100006e8                DMA2_IRQHandler
                0x100006ea                DMA3_IRQHandler
                0x100006ec                RSV32_IRQHandler
                0x100006ee                RSV33_IRQHandler
                0x100006f0                UART2_IRQHandler
                0x100006f2                RSV35_IRQHandler
                0x100006f4                I2C1_IRQHandler
                0x100006f6                RSV37_IRQHandler
                0x100006f8                SPIXC_IRQHandler
                0x100006fa                BTLE_TX_DONE_IRQHandler
                0x100006fc                BTLE_RX_RCVD_IRQHandler
                0x100006fe                BTLE_RX_ENG_DET_IRQHandler
                0x10000700                BTLE_SFD_DET_IRQHandler
                0x10000702                BTLE_SFD_TO_IRQHandler
                0x10000704                BTLE_GP_EVENT_IRQHandler
                0x10000706                BTLE_CFO_IRQHandler
                0x10000708                BTLE_SIG_DET_IRQHandler
                0x1000070a                BTLE_AGC_EVENT_IRQHandler
                0x1000070c                BTLE_RFFE_SPIM_IRQHandler
                0x1000070e                BTLE_TX_AES_IRQHandler
                0x10000710                BTLE_RX_AES_IRQHandler
                0x10000712                BTLE_INV_APB_ADDR_IRQHandler
                0x10000714                BTLE_IQ_DATA_VALID_IRQHandler
                0x10000716                WUT0_IRQHandler
                0x1000071a                RSV55_IRQHandler
                0x1000071c                SPI3_IRQHandler
                0x1000071e                WDT1_IRQHandler
                0x10000720                GPIO3_IRQHandler
                0x10000722                PT_IRQHandler
                0x10000724                RSV60_IRQHandler
                0x10000726                HPB_IRQHandler
                0x10000728                I2C2_IRQHandler
                0x1000072a                RISCV_IRQHandler
                0x1000072c                RSV64_IRQHandler
                0x1000072e                RSV65_IRQHandler
                0x10000730                RSV66_IRQHandler
                0x10000732                OWM_IRQHandler
                0x10000734                DMA4_IRQHandler
                0x10000736                DMA5_IRQHandler
                0x10000738                DMA6_IRQHandler
                0x1000073a                DMA7_IRQHandler
                0x1000073c                DMA8_IRQHandler
                0x1000073e                DMA9_IRQHandler
                0x10000740                DMA10_IRQHandler
                0x10000742                DMA11_IRQHandler
                0x10000744                DMA12_IRQHandler
                0x10000746                DMA13_IRQHandler
                0x10000748                DMA14_IRQHandler
                0x1000074a                DMA15_IRQHandler
                0x1000074c                USBDMA_IRQHandler
                0x1000074e                RSV81_IRQHandler
                0x10000750                ECC_IRQHandler
                0x10000752                RSV83_IRQHandler
                0x10000754                RSV84_IRQHandler
                0x10000756                SCA_IRQHandler
                0x10000758                RSV86_IRQHandler
                0x1000075a                FLC1_IRQHandler
                0x1000075c                UART3_IRQHandler
                0x1000075e                RSV89_IRQHandler
                0x10000760                RSV90_IRQHandler
                0x10000762                RSV91_IRQHandler
                0x10000764                RSV92_IRQHandler
                0x10000766                RSV93_IRQHandler
                0x10000768                RSV94_IRQHandler
                0x1000076a                RSV95_IRQHandler
                0x1000076c                RSV96_IRQHandler
                0x1000076e                RSV97_IRQHandler
                0x10000770                RSV98_IRQHandler
                0x10000772                I2S_IRQHandler
                0x10000774                RSV100_IRQHandler
                0x10000776                RSV101_IRQHandler
                0x10000778                RSV102_IRQHandler
                0x1000077a                LPCMP_IRQHandler
                0x1000077c                RSV104_IRQHandler
                0x1000077e                SPI4_IRQHandler
                0x10000780                RSV106_IRQHandler
                0x10000782                CAN0_IRQHandler
                0x10000784                CAN1_IRQHandler
                0x10000786                WUT1_IRQHandler
                0x10000788                RSV110_IRQHandler
                0x1000078a                RSV111_IRQHandler
 .text._sbrk    0x100007b4       0x40 c:/workspace/ADI_Intern_Private/AD-APARD32690-SL/CircuitPython/msdk_testCode/TRNG/build/heap.o
                0x100007b4                _sbrk
 .text._getpid  0x100007f4        0x6 c:/workspace/ADI_Intern_Private/AD-APARD32690-SL/CircuitPython/msdk_testCode/TRNG/build/system_max32690.o
                0x100007f4                _getpid
 .text._kill    0x100007fa        0x6 c:/workspace/ADI_Intern_Private/AD-APARD32690-SL/CircuitPython/msdk_testCode/TRNG/build/system_max32690.o
                0x100007fa                _kill
 .text.SystemCoreClockUpdate
                0x10000800       0x80 c:/workspace/ADI_Intern_Private/AD-APARD32690-SL/CircuitPython/msdk_testCode/TRNG/build/system_max32690.o
                0x10000800                SystemCoreClockUpdate
 .text.PreInit  0x10000880        0x4 c:/workspace/ADI_Intern_Private/AD-APARD32690-SL/CircuitPython/msdk_testCode/TRNG/build/system_max32690.o
                0x10000880                PreInit
 .text.PinInit  0x10000884        0x2 c:/workspace/ADI_Intern_Private/AD-APARD32690-SL/CircuitPython/msdk_testCode/TRNG/build/system_max32690.o
                0x10000884                PinInit
 .text.PeripheralInit
                0x10000886        0x4 c:/workspace/ADI_Intern_Private/AD-APARD32690-SL/CircuitPython/msdk_testCode/TRNG/build/system_max32690.o
                0x10000886                PeripheralInit
 .text.ClockInit
                0x1000088a        0x4 c:/workspace/ADI_Intern_Private/AD-APARD32690-SL/CircuitPython/msdk_testCode/TRNG/build/system_max32690.o
                0x1000088a                ClockInit
 .text.PalSysInit
                0x1000088e        0x2 c:/workspace/ADI_Intern_Private/AD-APARD32690-SL/CircuitPython/msdk_testCode/TRNG/build/system_max32690.o
                0x1000088e                PalSysInit
 .text.SystemInit
                0x10000890       0x94 c:/workspace/ADI_Intern_Private/AD-APARD32690-SL/CircuitPython/msdk_testCode/TRNG/build/system_max32690.o
                0x10000890                SystemInit
 .text.MXC_SYS_ClockDisable
                0x10000924       0x48 C:/workspace/msdk/Libraries/PeriphDrivers/bin/MAX32690/spi-v1_softfp/libPeriphDriver_spi-v1_softfp.a(sys_me18.o)
                0x10000924                MXC_SYS_ClockDisable
 .text.MXC_SYS_ClockEnable
                0x1000096c       0x50 C:/workspace/msdk/Libraries/PeriphDrivers/bin/MAX32690/spi-v1_softfp/libPeriphDriver_spi-v1_softfp.a(sys_me18.o)
                0x1000096c                MXC_SYS_ClockEnable
 .text.MXC_SYS_Clock_Timeout
                0x100009bc       0x1c C:/workspace/msdk/Libraries/PeriphDrivers/bin/MAX32690/spi-v1_softfp/libPeriphDriver_spi-v1_softfp.a(sys_me18.o)
                0x100009bc                MXC_SYS_Clock_Timeout
 .text.MXC_SYS_ClockSourceEnable
                0x100009d8       0xa4 C:/workspace/msdk/Libraries/PeriphDrivers/bin/MAX32690/spi-v1_softfp/libPeriphDriver_spi-v1_softfp.a(sys_me18.o)
                0x100009d8                MXC_SYS_ClockSourceEnable
 .text.MXC_SYS_Clock_Select
                0x10000a7c      0x12c C:/workspace/msdk/Libraries/PeriphDrivers/bin/MAX32690/spi-v1_softfp/libPeriphDriver_spi-v1_softfp.a(sys_me18.o)
                0x10000a7c                MXC_SYS_Clock_Select
 .text.MXC_SYS_Reset_Periph
                0x10000ba8       0x58 C:/workspace/msdk/Libraries/PeriphDrivers/bin/MAX32690/spi-v1_softfp/libPeriphDriver_spi-v1_softfp.a(sys_me18.o)
                0x10000ba8                MXC_SYS_Reset_Periph
 .text.MXC_GPIO_Init
                0x10000c00       0x44 C:/workspace/msdk/Libraries/PeriphDrivers/bin/MAX32690/spi-v1_softfp/libPeriphDriver_spi-v1_softfp.a(gpio_me18.o)
                0x10000c00                MXC_GPIO_Init
 .text.MXC_GPIO_OutClr
                0x10000c44       0x30 C:/workspace/msdk/Libraries/PeriphDrivers/bin/MAX32690/spi-v1_softfp/libPeriphDriver_spi-v1_softfp.a(gpio_me18.o)
                0x10000c44                MXC_GPIO_OutClr
 .text.MXC_GPIO_Handler
                0x10000c74        0x8 C:/workspace/msdk/Libraries/PeriphDrivers/bin/MAX32690/spi-v1_softfp/libPeriphDriver_spi-v1_softfp.a(gpio_me18.o)
                0x10000c74                MXC_GPIO_Handler
 .text.MXC_GPIO_ClearFlags
                0x10000c7c       0x20 C:/workspace/msdk/Libraries/PeriphDrivers/bin/MAX32690/spi-v1_softfp/libPeriphDriver_spi-v1_softfp.a(gpio_me18.o)
                0x10000c7c                MXC_GPIO_ClearFlags
 .text.MXC_GPIO_GetFlags
                0x10000c9c       0x20 C:/workspace/msdk/Libraries/PeriphDrivers/bin/MAX32690/spi-v1_softfp/libPeriphDriver_spi-v1_softfp.a(gpio_me18.o)
                0x10000c9c                MXC_GPIO_GetFlags
 .text.MXC_GPIO_SetVSSEL
                0x10000cbc       0x18 C:/workspace/msdk/Libraries/PeriphDrivers/bin/MAX32690/spi-v1_softfp/libPeriphDriver_spi-v1_softfp.a(gpio_me18.o)
                0x10000cbc                MXC_GPIO_SetVSSEL
 .text.MXC_GPIO_SetDriveStrength
                0x10000cd4        0x8 C:/workspace/msdk/Libraries/PeriphDrivers/bin/MAX32690/spi-v1_softfp/libPeriphDriver_spi-v1_softfp.a(gpio_me18.o)
                0x10000cd4                MXC_GPIO_SetDriveStrength
 .text.MXC_GPIO_GetConfigLock
                0x10000cdc        0x8 C:/workspace/msdk/Libraries/PeriphDrivers/bin/MAX32690/spi-v1_softfp/libPeriphDriver_spi-v1_softfp.a(gpio_me18.o)
                0x10000cdc                MXC_GPIO_GetConfigLock
 .text.MXC_GPIO_Config
                0x10000ce4      0x2b0 C:/workspace/msdk/Libraries/PeriphDrivers/bin/MAX32690/spi-v1_softfp/libPeriphDriver_spi-v1_softfp.a(gpio_me18.o)
                0x10000ce4                MXC_GPIO_Config
 .text.MXC_GPIO_RevA_OutClr
                0x10000f94        0x4 C:/workspace/msdk/Libraries/PeriphDrivers/bin/MAX32690/spi-v1_softfp/libPeriphDriver_spi-v1_softfp.a(gpio_reva.o)
                0x10000f94                MXC_GPIO_RevA_OutClr
 .text.MXC_GPIO_RevA_ClearFlags
                0x10000f98        0x4 C:/workspace/msdk/Libraries/PeriphDrivers/bin/MAX32690/spi-v1_softfp/libPeriphDriver_spi-v1_softfp.a(gpio_reva.o)
                0x10000f98                MXC_GPIO_RevA_ClearFlags
 .text.MXC_GPIO_RevA_GetFlags
                0x10000f9c        0x4 C:/workspace/msdk/Libraries/PeriphDrivers/bin/MAX32690/spi-v1_softfp/libPeriphDriver_spi-v1_softfp.a(gpio_reva.o)
                0x10000f9c                MXC_GPIO_RevA_GetFlags
 .text.MXC_GPIO_RevA_SetVSSEL
                0x10000fa0       0x3e C:/workspace/msdk/Libraries/PeriphDrivers/bin/MAX32690/spi-v1_softfp/libPeriphDriver_spi-v1_softfp.a(gpio_reva.o)
                0x10000fa0                MXC_GPIO_RevA_SetVSSEL
 .text.MXC_GPIO_RevA_SetAF
                0x10000fde       0x88 C:/workspace/msdk/Libraries/PeriphDrivers/bin/MAX32690/spi-v1_softfp/libPeriphDriver_spi-v1_softfp.a(gpio_reva.o)
                0x10000fde                MXC_GPIO_RevA_SetAF
 .text.MXC_GPIO_RevA_SetDriveStrength
                0x10001066       0x98 C:/workspace/msdk/Libraries/PeriphDrivers/bin/MAX32690/spi-v1_softfp/libPeriphDriver_spi-v1_softfp.a(gpio_reva.o)
                0x10001066                MXC_GPIO_RevA_SetDriveStrength
 .text.MXC_ICC_Enable
                0x100010fe        0x8 C:/workspace/msdk/Libraries/PeriphDrivers/bin/MAX32690/spi-v1_softfp/libPeriphDriver_spi-v1_softfp.a(icc_me18.o)
                0x100010fe                MXC_ICC_Enable
 .text.MXC_ICC_Disable
                0x10001106        0x8 C:/workspace/msdk/Libraries/PeriphDrivers/bin/MAX32690/spi-v1_softfp/libPeriphDriver_spi-v1_softfp.a(icc_me18.o)
                0x10001106                MXC_ICC_Disable
 .text.MXC_ICC_Ready
                0x1000110e        0xa C:/workspace/msdk/Libraries/PeriphDrivers/bin/MAX32690/spi-v1_softfp/libPeriphDriver_spi-v1_softfp.a(icc_reva.o)
 .text.MXC_ICC_RevA_Enable
                0x10001118       0x38 C:/workspace/msdk/Libraries/PeriphDrivers/bin/MAX32690/spi-v1_softfp/libPeriphDriver_spi-v1_softfp.a(icc_reva.o)
                0x10001118                MXC_ICC_RevA_Enable
 .text.MXC_ICC_RevA_Disable
                0x10001150        0xe C:/workspace/msdk/Libraries/PeriphDrivers/bin/MAX32690/spi-v1_softfp/libPeriphDriver_spi-v1_softfp.a(icc_reva.o)
                0x10001150                MXC_ICC_RevA_Disable
 *fill*         0x1000115e        0x2 
 .text.MXC_SPIXF_Init
                0x10001160       0x34 C:/workspace/msdk/Libraries/PeriphDrivers/bin/MAX32690/spi-v1_softfp/libPeriphDriver_spi-v1_softfp.a(spixf_me18.o)
                0x10001160                MXC_SPIXF_Init
 .text.MXC_SPIXF_Clocks
                0x10001194       0x24 C:/workspace/msdk/Libraries/PeriphDrivers/bin/MAX32690/spi-v1_softfp/libPeriphDriver_spi-v1_softfp.a(spixf_me18.o)
                0x10001194                MXC_SPIXF_Clocks
 .text.MXC_SPIXF_Transaction
                0x100011b8       0x18 C:/workspace/msdk/Libraries/PeriphDrivers/bin/MAX32690/spi-v1_softfp/libPeriphDriver_spi-v1_softfp.a(spixf_me18.o)
                0x100011b8                MXC_SPIXF_Transaction
 .text.MXC_SPIXF_Enable
                0x100011d0       0x10 C:/workspace/msdk/Libraries/PeriphDrivers/bin/MAX32690/spi-v1_softfp/libPeriphDriver_spi-v1_softfp.a(spixf_me18.o)
                0x100011d0                MXC_SPIXF_Enable
 .text.SPIXFC_ReadRXFIFO
                0x100011e0       0x22 C:/workspace/msdk/Libraries/PeriphDrivers/bin/MAX32690/spi-v1_softfp/libPeriphDriver_spi-v1_softfp.a(spixf_reva.o)
 .text.MXC_SPIXF_RevA_SetMode
                0x10001202       0x24 C:/workspace/msdk/Libraries/PeriphDrivers/bin/MAX32690/spi-v1_softfp/libPeriphDriver_spi-v1_softfp.a(spixf_reva.o)
                0x10001202                MXC_SPIXF_RevA_SetMode
 .text.MXC_SPIXF_RevA_SetSSPolActiveLow
                0x10001226       0x14 C:/workspace/msdk/Libraries/PeriphDrivers/bin/MAX32690/spi-v1_softfp/libPeriphDriver_spi-v1_softfp.a(spixf_reva.o)
                0x10001226                MXC_SPIXF_RevA_SetSSPolActiveLow
 *fill*         0x1000123a        0x2 
 .text.MXC_SPIXF_RevA_GetSPIFrequency
                0x1000123c       0x20 C:/workspace/msdk/Libraries/PeriphDrivers/bin/MAX32690/spi-v1_softfp/libPeriphDriver_spi-v1_softfp.a(spixf_reva.o)
                0x1000123c                MXC_SPIXF_RevA_GetSPIFrequency
 .text.MXC_SPIXF_RevA_GetSPIFrequencyWrite
                0x1000125c       0x20 C:/workspace/msdk/Libraries/PeriphDrivers/bin/MAX32690/spi-v1_softfp/libPeriphDriver_spi-v1_softfp.a(spixf_reva.o)
                0x1000125c                MXC_SPIXF_RevA_GetSPIFrequencyWrite
 .text.MXC_SPIXF_RevA_SetSPIFrequency
                0x1000127c      0x100 C:/workspace/msdk/Libraries/PeriphDrivers/bin/MAX32690/spi-v1_softfp/libPeriphDriver_spi-v1_softfp.a(spixf_reva.o)
                0x1000127c                MXC_SPIXF_RevA_SetSPIFrequency
 .text.MXC_SPIXF_RevA_SetSSActiveTime
                0x1000137c       0x1e C:/workspace/msdk/Libraries/PeriphDrivers/bin/MAX32690/spi-v1_softfp/libPeriphDriver_spi-v1_softfp.a(spixf_reva.o)
                0x1000137c                MXC_SPIXF_RevA_SetSSActiveTime
 .text.MXC_SPIXF_RevA_SetSSInactiveTime
                0x1000139a       0x1e C:/workspace/msdk/Libraries/PeriphDrivers/bin/MAX32690/spi-v1_softfp/libPeriphDriver_spi-v1_softfp.a(spixf_reva.o)
                0x1000139a                MXC_SPIXF_RevA_SetSSInactiveTime
 .text.MXC_SPIXF_RevA_SetCmdWidth
                0x100013b8       0x34 C:/workspace/msdk/Libraries/PeriphDrivers/bin/MAX32690/spi-v1_softfp/libPeriphDriver_spi-v1_softfp.a(spixf_reva.o)
                0x100013b8                MXC_SPIXF_RevA_SetCmdWidth
 .text.MXC_SPIXF_RevA_SetAddrWidth
                0x100013ec       0x34 C:/workspace/msdk/Libraries/PeriphDrivers/bin/MAX32690/spi-v1_softfp/libPeriphDriver_spi-v1_softfp.a(spixf_reva.o)
                0x100013ec                MXC_SPIXF_RevA_SetAddrWidth
 .text.MXC_SPIXF_RevA_SetDataWidth
                0x10001420       0x34 C:/workspace/msdk/Libraries/PeriphDrivers/bin/MAX32690/spi-v1_softfp/libPeriphDriver_spi-v1_softfp.a(spixf_reva.o)
                0x10001420                MXC_SPIXF_RevA_SetDataWidth
 .text.MXC_SPIXF_RevA_Set3ByteAddr
                0x10001454        0xc C:/workspace/msdk/Libraries/PeriphDrivers/bin/MAX32690/spi-v1_softfp/libPeriphDriver_spi-v1_softfp.a(spixf_reva.o)
                0x10001454                MXC_SPIXF_RevA_Set3ByteAddr
 .text.MXC_SPIXF_RevA_SCKFeedbackEnable
                0x10001460       0x14 C:/workspace/msdk/Libraries/PeriphDrivers/bin/MAX32690/spi-v1_softfp/libPeriphDriver_spi-v1_softfp.a(spixf_reva.o)
                0x10001460                MXC_SPIXF_RevA_SCKFeedbackEnable
 .text.MXC_SPIXF_RevA_SCKFeedbackDisable
                0x10001474       0x14 C:/workspace/msdk/Libraries/PeriphDrivers/bin/MAX32690/spi-v1_softfp/libPeriphDriver_spi-v1_softfp.a(spixf_reva.o)
                0x10001474                MXC_SPIXF_RevA_SCKFeedbackDisable
 .text.MXC_SPIXF_RevA_SetCmdValue
                0x10001488        0xe C:/workspace/msdk/Libraries/PeriphDrivers/bin/MAX32690/spi-v1_softfp/libPeriphDriver_spi-v1_softfp.a(spixf_reva.o)
                0x10001488                MXC_SPIXF_RevA_SetCmdValue
 .text.MXC_SPIXF_RevA_SetPageSize
                0x10001496       0x10 C:/workspace/msdk/Libraries/PeriphDrivers/bin/MAX32690/spi-v1_softfp/libPeriphDriver_spi-v1_softfp.a(spixf_reva.o)
                0x10001496                MXC_SPIXF_RevA_SetPageSize
 .text.MXC_SPIXF_RevA_RXFIFOEnable
                0x100014a6        0xc C:/workspace/msdk/Libraries/PeriphDrivers/bin/MAX32690/spi-v1_softfp/libPeriphDriver_spi-v1_softfp.a(spixf_reva.o)
                0x100014a6                MXC_SPIXF_RevA_RXFIFOEnable
 .text.MXC_SPIXF_RevA_TXFIFOEnable
                0x100014b2        0xc C:/workspace/msdk/Libraries/PeriphDrivers/bin/MAX32690/spi-v1_softfp/libPeriphDriver_spi-v1_softfp.a(spixf_reva.o)
                0x100014b2                MXC_SPIXF_RevA_TXFIFOEnable
 *fill*         0x100014be        0x2 
 .text.MXC_SPIXF_RevA_Init
                0x100014c0       0x90 C:/workspace/msdk/Libraries/PeriphDrivers/bin/MAX32690/spi-v1_softfp/libPeriphDriver_spi-v1_softfp.a(spixf_reva.o)
                0x100014c0                MXC_SPIXF_RevA_Init
 .text.MXC_SPIXF_RevA_Enable
                0x10001550        0xc C:/workspace/msdk/Libraries/PeriphDrivers/bin/MAX32690/spi-v1_softfp/libPeriphDriver_spi-v1_softfp.a(spixf_reva.o)
                0x10001550                MXC_SPIXF_RevA_Enable
 .text.MXC_SPIXF_RevA_IsEnabled
                0x1000155c        0x8 C:/workspace/msdk/Libraries/PeriphDrivers/bin/MAX32690/spi-v1_softfp/libPeriphDriver_spi-v1_softfp.a(spixf_reva.o)
                0x1000155c                MXC_SPIXF_RevA_IsEnabled
 .text.MXC_SPIXF_RevA_Clocks
                0x10001564       0xb4 C:/workspace/msdk/Libraries/PeriphDrivers/bin/MAX32690/spi-v1_softfp/libPeriphDriver_spi-v1_softfp.a(spixf_reva.o)
                0x10001564                MXC_SPIXF_RevA_Clocks
 .text.MXC_SPIXF_RevA_Transaction
                0x10001618      0x1f4 C:/workspace/msdk/Libraries/PeriphDrivers/bin/MAX32690/spi-v1_softfp/libPeriphDriver_spi-v1_softfp.a(spixf_reva.o)
                0x10001618                MXC_SPIXF_RevA_Transaction
 .text.MXC_TRNG_Init
                0x1000180c       0x10 C:/workspace/msdk/Libraries/PeriphDrivers/bin/MAX32690/spi-v1_softfp/libPeriphDriver_spi-v1_softfp.a(trng_me18.o)
                0x1000180c                MXC_TRNG_Init
 .text.MXC_TRNG_Shutdown
                0x1000181c       0x12 C:/workspace/msdk/Libraries/PeriphDrivers/bin/MAX32690/spi-v1_softfp/libPeriphDriver_spi-v1_softfp.a(trng_me18.o)
                0x1000181c                MXC_TRNG_Shutdown
 *fill*         0x1000182e        0x2 
 .text.MXC_TRNG_Handler
                0x10001830       0x10 C:/workspace/msdk/Libraries/PeriphDrivers/bin/MAX32690/spi-v1_softfp/libPeriphDriver_spi-v1_softfp.a(trng_me18.o)
                0x10001830                MXC_TRNG_Handler
 .text.MXC_TRNG_RandomInt
                0x10001840       0x10 C:/workspace/msdk/Libraries/PeriphDrivers/bin/MAX32690/spi-v1_softfp/libPeriphDriver_spi-v1_softfp.a(trng_me18.o)
                0x10001840                MXC_TRNG_RandomInt
 .text.MXC_TRNG_Random
                0x10001850        0x8 C:/workspace/msdk/Libraries/PeriphDrivers/bin/MAX32690/spi-v1_softfp/libPeriphDriver_spi-v1_softfp.a(trng_me18.o)
                0x10001850                MXC_TRNG_Random
 .text.MXC_TRNG_RandomAsync
                0x10001858       0x14 C:/workspace/msdk/Libraries/PeriphDrivers/bin/MAX32690/spi-v1_softfp/libPeriphDriver_spi-v1_softfp.a(trng_me18.o)
                0x10001858                MXC_TRNG_RandomAsync
 .text.MXC_TRNG_RevB_Init
                0x1000186c        0x4 C:/workspace/msdk/Libraries/PeriphDrivers/bin/MAX32690/spi-v1_softfp/libPeriphDriver_spi-v1_softfp.a(trng_revb.o)
                0x1000186c                MXC_TRNG_RevB_Init
 .text.MXC_TRNG_RevB_Shutdown
                0x10001870        0x4 C:/workspace/msdk/Libraries/PeriphDrivers/bin/MAX32690/spi-v1_softfp/libPeriphDriver_spi-v1_softfp.a(trng_revb.o)
                0x10001870                MXC_TRNG_RevB_Shutdown
 .text.MXC_TRNG_RevB_Handler
                0x10001874       0x70 C:/workspace/msdk/Libraries/PeriphDrivers/bin/MAX32690/spi-v1_softfp/libPeriphDriver_spi-v1_softfp.a(trng_revb.o)
                0x10001874                MXC_TRNG_RevB_Handler
 .text.MXC_TRNG_RevB_RandomInt
                0x100018e4        0xc C:/workspace/msdk/Libraries/PeriphDrivers/bin/MAX32690/spi-v1_softfp/libPeriphDriver_spi-v1_softfp.a(trng_revb.o)
                0x100018e4                MXC_TRNG_RevB_RandomInt
 .text.MXC_TRNG_RevB_Random
                0x100018f0       0x44 C:/workspace/msdk/Libraries/PeriphDrivers/bin/MAX32690/spi-v1_softfp/libPeriphDriver_spi-v1_softfp.a(trng_revb.o)
                0x100018f0                MXC_TRNG_RevB_Random
 .text.MXC_TRNG_RevB_RandomAsync
                0x10001934       0x50 C:/workspace/msdk/Libraries/PeriphDrivers/bin/MAX32690/spi-v1_softfp/libPeriphDriver_spi-v1_softfp.a(trng_revb.o)
                0x10001934                MXC_TRNG_RevB_RandomAsync
 .text.MXC_UART_Shutdown
                0x10001984       0x70 C:/workspace/msdk/Libraries/PeriphDrivers/bin/MAX32690/spi-v1_softfp/libPeriphDriver_spi-v1_softfp.a(uart_me18.o)
                0x10001984                MXC_UART_Shutdown
 .text.MXC_UART_GetFrequency
                0x100019f4       0xa4 C:/workspace/msdk/Libraries/PeriphDrivers/bin/MAX32690/spi-v1_softfp/libPeriphDriver_spi-v1_softfp.a(uart_me18.o)
                0x100019f4                MXC_UART_GetFrequency
 .text.MXC_UART_SetFrequency
                0x10001a98       0xe4 C:/workspace/msdk/Libraries/PeriphDrivers/bin/MAX32690/spi-v1_softfp/libPeriphDriver_spi-v1_softfp.a(uart_me18.o)
                0x10001a98                MXC_UART_SetFrequency
 .text.MXC_UART_SetDataSize
                0x10001b7c        0x8 C:/workspace/msdk/Libraries/PeriphDrivers/bin/MAX32690/spi-v1_softfp/libPeriphDriver_spi-v1_softfp.a(uart_me18.o)
                0x10001b7c                MXC_UART_SetDataSize
 .text.MXC_UART_SetStopBits
                0x10001b84        0x8 C:/workspace/msdk/Libraries/PeriphDrivers/bin/MAX32690/spi-v1_softfp/libPeriphDriver_spi-v1_softfp.a(uart_me18.o)
                0x10001b84                MXC_UART_SetStopBits
 .text.MXC_UART_SetParity
                0x10001b8c        0x8 C:/workspace/msdk/Libraries/PeriphDrivers/bin/MAX32690/spi-v1_softfp/libPeriphDriver_spi-v1_softfp.a(uart_me18.o)
                0x10001b8c                MXC_UART_SetParity
 .text.MXC_UART_SetClockSource
                0x10001b94       0xa0 C:/workspace/msdk/Libraries/PeriphDrivers/bin/MAX32690/spi-v1_softfp/libPeriphDriver_spi-v1_softfp.a(uart_me18.o)
                0x10001b94                MXC_UART_SetClockSource
 .text.MXC_UART_GetClockSource
                0x10001c34       0x58 C:/workspace/msdk/Libraries/PeriphDrivers/bin/MAX32690/spi-v1_softfp/libPeriphDriver_spi-v1_softfp.a(uart_me18.o)
                0x10001c34                MXC_UART_GetClockSource
 .text.MXC_UART_Init
                0x10001c8c       0xb4 C:/workspace/msdk/Libraries/PeriphDrivers/bin/MAX32690/spi-v1_softfp/libPeriphDriver_spi-v1_softfp.a(uart_me18.o)
                0x10001c8c                MXC_UART_Init
 .text.MXC_UART_ReadCharacterRaw
                0x10001d40        0x8 C:/workspace/msdk/Libraries/PeriphDrivers/bin/MAX32690/spi-v1_softfp/libPeriphDriver_spi-v1_softfp.a(uart_me18.o)
                0x10001d40                MXC_UART_ReadCharacterRaw
 .text.MXC_UART_WriteCharacterRaw
                0x10001d48        0x8 C:/workspace/msdk/Libraries/PeriphDrivers/bin/MAX32690/spi-v1_softfp/libPeriphDriver_spi-v1_softfp.a(uart_me18.o)
                0x10001d48                MXC_UART_WriteCharacterRaw
 .text.MXC_UART_ReadCharacter
                0x10001d50        0x8 C:/workspace/msdk/Libraries/PeriphDrivers/bin/MAX32690/spi-v1_softfp/libPeriphDriver_spi-v1_softfp.a(uart_me18.o)
                0x10001d50                MXC_UART_ReadCharacter
 .text.MXC_UART_WriteCharacter
                0x10001d58        0x8 C:/workspace/msdk/Libraries/PeriphDrivers/bin/MAX32690/spi-v1_softfp/libPeriphDriver_spi-v1_softfp.a(uart_me18.o)
                0x10001d58                MXC_UART_WriteCharacter
 .text.MXC_UART_GetRXFIFOAvailable
                0x10001d60        0x8 C:/workspace/msdk/Libraries/PeriphDrivers/bin/MAX32690/spi-v1_softfp/libPeriphDriver_spi-v1_softfp.a(uart_me18.o)
                0x10001d60                MXC_UART_GetRXFIFOAvailable
 .text.MXC_UART_GetTXFIFOAvailable
                0x10001d68        0x8 C:/workspace/msdk/Libraries/PeriphDrivers/bin/MAX32690/spi-v1_softfp/libPeriphDriver_spi-v1_softfp.a(uart_me18.o)
                0x10001d68                MXC_UART_GetTXFIFOAvailable
 .text.MXC_UART_SetRXThreshold
                0x10001d70        0x8 C:/workspace/msdk/Libraries/PeriphDrivers/bin/MAX32690/spi-v1_softfp/libPeriphDriver_spi-v1_softfp.a(uart_me18.o)
                0x10001d70                MXC_UART_SetRXThreshold
 .text.MXC_UART_RevB_Init
                0x10001d78       0xe0 C:/workspace/msdk/Libraries/PeriphDrivers/bin/MAX32690/spi-v1_softfp/libPeriphDriver_spi-v1_softfp.a(uart_revb.o)
                0x10001d78                MXC_UART_RevB_Init
 .text.MXC_UART_RevB_SetDataSize
                0x10001e58       0x20 C:/workspace/msdk/Libraries/PeriphDrivers/bin/MAX32690/spi-v1_softfp/libPeriphDriver_spi-v1_softfp.a(uart_revb.o)
                0x10001e58                MXC_UART_RevB_SetDataSize
 .text.MXC_UART_RevB_SetStopBits
                0x10001e78       0x24 C:/workspace/msdk/Libraries/PeriphDrivers/bin/MAX32690/spi-v1_softfp/libPeriphDriver_spi-v1_softfp.a(uart_revb.o)
                0x10001e78                MXC_UART_RevB_SetStopBits
 .text.MXC_UART_RevB_SetParity
                0x10001e9c       0x90 C:/workspace/msdk/Libraries/PeriphDrivers/bin/MAX32690/spi-v1_softfp/libPeriphDriver_spi-v1_softfp.a(uart_revb.o)
                0x10001e9c                MXC_UART_RevB_SetParity
 .text.MXC_UART_RevB_SetClockSource
                0x10001f2c       0x98 C:/workspace/msdk/Libraries/PeriphDrivers/bin/MAX32690/spi-v1_softfp/libPeriphDriver_spi-v1_softfp.a(uart_revb.o)
                0x10001f2c                MXC_UART_RevB_SetClockSource
 .text.MXC_UART_RevB_GetClockSource
                0x10001fc4        0x8 C:/workspace/msdk/Libraries/PeriphDrivers/bin/MAX32690/spi-v1_softfp/libPeriphDriver_spi-v1_softfp.a(uart_revb.o)
                0x10001fc4                MXC_UART_RevB_GetClockSource
 .text.MXC_UART_RevB_IsClockSourceLocked
                0x10001fcc       0x40 C:/workspace/msdk/Libraries/PeriphDrivers/bin/MAX32690/spi-v1_softfp/libPeriphDriver_spi-v1_softfp.a(uart_revb.o)
                0x10001fcc                MXC_UART_RevB_IsClockSourceLocked
 .text.MXC_UART_RevB_ReadCharacterRaw
                0x1000200c       0x12 C:/workspace/msdk/Libraries/PeriphDrivers/bin/MAX32690/spi-v1_softfp/libPeriphDriver_spi-v1_softfp.a(uart_revb.o)
                0x1000200c                MXC_UART_RevB_ReadCharacterRaw
 .text.MXC_UART_RevB_WriteCharacterRaw
                0x1000201e       0x14 C:/workspace/msdk/Libraries/PeriphDrivers/bin/MAX32690/spi-v1_softfp/libPeriphDriver_spi-v1_softfp.a(uart_revb.o)
                0x1000201e                MXC_UART_RevB_WriteCharacterRaw
 .text.MXC_UART_RevB_GetRXFIFOAvailable
                0x10002032        0x8 C:/workspace/msdk/Libraries/PeriphDrivers/bin/MAX32690/spi-v1_softfp/libPeriphDriver_spi-v1_softfp.a(uart_revb.o)
                0x10002032                MXC_UART_RevB_GetRXFIFOAvailable
 .text.MXC_UART_RevB_GetTXFIFOAvailable
                0x1000203a        0xc C:/workspace/msdk/Libraries/PeriphDrivers/bin/MAX32690/spi-v1_softfp/libPeriphDriver_spi-v1_softfp.a(uart_revb.o)
                0x1000203a                MXC_UART_RevB_GetTXFIFOAvailable
 .text.MXC_UART_RevB_SetRXThreshold
                0x10002046       0x1e C:/workspace/msdk/Libraries/PeriphDrivers/bin/MAX32690/spi-v1_softfp/libPeriphDriver_spi-v1_softfp.a(uart_revb.o)
                0x10002046                MXC_UART_RevB_SetRXThreshold
 .text.MXC_DelayInit
                0x10002064       0x84 C:/workspace/msdk/Libraries/PeriphDrivers/bin/MAX32690/spi-v1_softfp/libPeriphDriver_spi-v1_softfp.a(mxc_delay.o)
 .text.MXC_DelayAsync
                0x100020e8       0x44 C:/workspace/msdk/Libraries/PeriphDrivers/bin/MAX32690/spi-v1_softfp/libPeriphDriver_spi-v1_softfp.a(mxc_delay.o)
                0x100020e8                MXC_DelayAsync
 .text.MXC_GetLock
                0x1000212c       0x1c C:/workspace/msdk/Libraries/PeriphDrivers/bin/MAX32690/spi-v1_softfp/libPeriphDriver_spi-v1_softfp.a(mxc_lock.o)
                0x1000212c                MXC_GetLock
 .text.MXC_FreeLock
                0x10002148        0xa C:/workspace/msdk/Libraries/PeriphDrivers/bin/MAX32690/spi-v1_softfp/libPeriphDriver_spi-v1_softfp.a(mxc_lock.o)
                0x10002148                MXC_FreeLock
 *fill*         0x10002152        0x2 
 .text.MXC_GPIO_Common_Init
                0x10002154       0x40 C:/workspace/msdk/Libraries/PeriphDrivers/bin/MAX32690/spi-v1_softfp/libPeriphDriver_spi-v1_softfp.a(gpio_common.o)
                0x10002154                MXC_GPIO_Common_Init
 .text.MXC_GPIO_Common_Handler
                0x10002194       0x9c C:/workspace/msdk/Libraries/PeriphDrivers/bin/MAX32690/spi-v1_softfp/libPeriphDriver_spi-v1_softfp.a(gpio_common.o)
                0x10002194                MXC_GPIO_Common_Handler
 .text.MXC_GPIO_Common_GetConfigLock
                0x10002230        0xc C:/workspace/msdk/Libraries/PeriphDrivers/bin/MAX32690/spi-v1_softfp/libPeriphDriver_spi-v1_softfp.a(gpio_common.o)
                0x10002230                MXC_GPIO_Common_GetConfigLock
 .text.MXC_UART_Common_ReadCharacter
                0x1000223c       0x16 C:/workspace/msdk/Libraries/PeriphDrivers/bin/MAX32690/spi-v1_softfp/libPeriphDriver_spi-v1_softfp.a(uart_common.o)
                0x1000223c                MXC_UART_Common_ReadCharacter
 .text.MXC_UART_Common_WriteCharacter
                0x10002252       0x1a C:/workspace/msdk/Libraries/PeriphDrivers/bin/MAX32690/spi-v1_softfp/libPeriphDriver_spi-v1_softfp.a(uart_common.o)
                0x10002252                MXC_UART_Common_WriteCharacter
 .text.__errno  0x1000226c        0xc c:/workspace/msdk/tools/gnutools/10.3/bin/../lib/gcc/arm-none-eabi/10.3.1/../../../../arm-none-eabi/lib/thumb/v7e-m+fp/softfp\libc.a(lib_a-errno.o)
                0x1000226c                __errno
 .text.__libc_init_array
                0x10002278       0x48 c:/workspace/msdk/tools/gnutools/10.3/bin/../lib/gcc/arm-none-eabi/10.3.1/../../../../arm-none-eabi/lib/thumb/v7e-m+fp/softfp\libc.a(lib_a-init.o)
                0x10002278                __libc_init_array
 .text.malloc   0x100022c0       0x10 c:/workspace/msdk/tools/gnutools/10.3/bin/../lib/gcc/arm-none-eabi/10.3.1/../../../../arm-none-eabi/lib/thumb/v7e-m+fp/softfp\libc.a(lib_a-malloc.o)
                0x100022c0                malloc
 .text._malloc_r
                0x100022d0      0x560 c:/workspace/msdk/tools/gnutools/10.3/bin/../lib/gcc/arm-none-eabi/10.3.1/../../../../arm-none-eabi/lib/thumb/v7e-m+fp/softfp\libc.a(lib_a-mallocr.o)
                0x100022d0                _malloc_r
 .text          0x10002830      0x134 c:/workspace/msdk/tools/gnutools/10.3/bin/../lib/gcc/arm-none-eabi/10.3.1/../../../../arm-none-eabi/lib/thumb/v7e-m+fp/softfp\libc.a(lib_a-memcpy.o)
                0x10002830                memcpy
 .text.memset   0x10002964       0xa4 c:/workspace/msdk/tools/gnutools/10.3/bin/../lib/gcc/arm-none-eabi/10.3.1/../../../../arm-none-eabi/lib/thumb/v7e-m+fp/softfp\libc.a(lib_a-memset.o)
                0x10002964                memset
 .text.__malloc_lock
                0x10002a08        0xc c:/workspace/msdk/tools/gnutools/10.3/bin/../lib/gcc/arm-none-eabi/10.3.1/../../../../arm-none-eabi/lib/thumb/v7e-m+fp/softfp\libc.a(lib_a-mlock.o)
                0x10002a08                __malloc_lock
 .text.__malloc_unlock
                0x10002a14        0xc c:/workspace/msdk/tools/gnutools/10.3/bin/../lib/gcc/arm-none-eabi/10.3.1/../../../../arm-none-eabi/lib/thumb/v7e-m+fp/softfp\libc.a(lib_a-mlock.o)
                0x10002a14                __malloc_unlock
 .text.printf   0x10002a20       0x28 c:/workspace/msdk/tools/gnutools/10.3/bin/../lib/gcc/arm-none-eabi/10.3.1/../../../../arm-none-eabi/lib/thumb/v7e-m+fp/softfp\libc.a(lib_a-printf.o)
                0x10002a20                printf
 .text.putchar  0x10002a48       0x10 c:/workspace/msdk/tools/gnutools/10.3/bin/../lib/gcc/arm-none-eabi/10.3.1/../../../../arm-none-eabi/lib/thumb/v7e-m+fp/softfp\libc.a(lib_a-putchar.o)
                0x10002a48                putchar
 .text._puts_r  0x10002a58       0x9c c:/workspace/msdk/tools/gnutools/10.3/bin/../lib/gcc/arm-none-eabi/10.3.1/../../../../arm-none-eabi/lib/thumb/v7e-m+fp/softfp\libc.a(lib_a-puts.o)
                0x10002a58                _puts_r
 .text.puts     0x10002af4       0x10 c:/workspace/msdk/tools/gnutools/10.3/bin/../lib/gcc/arm-none-eabi/10.3.1/../../../../arm-none-eabi/lib/thumb/v7e-m+fp/softfp\libc.a(lib_a-puts.o)
                0x10002af4                puts
 .text._sbrk_r  0x10002b04       0x24 c:/workspace/msdk/tools/gnutools/10.3/bin/../lib/gcc/arm-none-eabi/10.3.1/../../../../arm-none-eabi/lib/thumb/v7e-m+fp/softfp\libc.a(lib_a-sbrkr.o)
                0x10002b04                _sbrk_r
 *fill*         0x10002b28       0x18 
 .text          0x10002b40       0xdc c:/workspace/msdk/tools/gnutools/10.3/bin/../lib/gcc/arm-none-eabi/10.3.1/../../../../arm-none-eabi/lib/thumb/v7e-m+fp/softfp\libc.a(lib_a-strlen.o)
                0x10002b40                strlen
 *fill*         0x10002c1c        0x4 
 .text._vfprintf_r
                0x10002c20     0x1b8c c:/workspace/msdk/tools/gnutools/10.3/bin/../lib/gcc/arm-none-eabi/10.3.1/../../../../arm-none-eabi/lib/thumb/v7e-m+fp/softfp\libc.a(lib_a-vfprintf.o)
                0x10002c20                _vfprintf_r
 .text.__sbprintf
                0x100047ac       0x80 c:/workspace/msdk/tools/gnutools/10.3/bin/../lib/gcc/arm-none-eabi/10.3.1/../../../../arm-none-eabi/lib/thumb/v7e-m+fp/softfp\libc.a(lib_a-vfprintf.o)
 .text.__swsetup_r
                0x1000482c       0xd4 c:/workspace/msdk/tools/gnutools/10.3/bin/../lib/gcc/arm-none-eabi/10.3.1/../../../../arm-none-eabi/lib/thumb/v7e-m+fp/softfp\libc.a(lib_a-wsetup.o)
                0x1000482c                __swsetup_r
 .text.startup.register_fini
                0x10004900       0x14 c:/workspace/msdk/tools/gnutools/10.3/bin/../lib/gcc/arm-none-eabi/10.3.1/../../../../arm-none-eabi/lib/thumb/v7e-m+fp/softfp\libc.a(lib_a-__call_atexit.o)
 .text.atexit   0x10004914        0xc c:/workspace/msdk/tools/gnutools/10.3/bin/../lib/gcc/arm-none-eabi/10.3.1/../../../../arm-none-eabi/lib/thumb/v7e-m+fp/softfp\libc.a(lib_a-atexit.o)
                0x10004914                atexit
 .text.quorem   0x10004920      0x128 c:/workspace/msdk/tools/gnutools/10.3/bin/../lib/gcc/arm-none-eabi/10.3.1/../../../../arm-none-eabi/lib/thumb/v7e-m+fp/softfp\libc.a(lib_a-dtoa.o)
 .text._dtoa_r  0x10004a48      0xf34 c:/workspace/msdk/tools/gnutools/10.3/bin/../lib/gcc/arm-none-eabi/10.3.1/../../../../arm-none-eabi/lib/thumb/v7e-m+fp/softfp\libc.a(lib_a-dtoa.o)
                0x10004a48                _dtoa_r
 .text.__sflush_r
                0x1000597c      0x130 c:/workspace/msdk/tools/gnutools/10.3/bin/../lib/gcc/arm-none-eabi/10.3.1/../../../../arm-none-eabi/lib/thumb/v7e-m+fp/softfp\libc.a(lib_a-fflush.o)
                0x1000597c                __sflush_r
 .text._fflush_r
                0x10005aac       0x5c c:/workspace/msdk/tools/gnutools/10.3/bin/../lib/gcc/arm-none-eabi/10.3.1/../../../../arm-none-eabi/lib/thumb/v7e-m+fp/softfp\libc.a(lib_a-fflush.o)
                0x10005aac                _fflush_r
 .text._cleanup_r
                0x10005b08        0xc c:/workspace/msdk/tools/gnutools/10.3/bin/../lib/gcc/arm-none-eabi/10.3.1/../../../../arm-none-eabi/lib/thumb/v7e-m+fp/softfp\libc.a(lib_a-findfp.o)
                0x10005b08                _cleanup_r
 .text.__sinit  0x10005b14      0x10c c:/workspace/msdk/tools/gnutools/10.3/bin/../lib/gcc/arm-none-eabi/10.3.1/../../../../arm-none-eabi/lib/thumb/v7e-m+fp/softfp\libc.a(lib_a-findfp.o)
                0x10005b14                __sinit
 .text.__sfp_lock_acquire
                0x10005c20        0xc c:/workspace/msdk/tools/gnutools/10.3/bin/../lib/gcc/arm-none-eabi/10.3.1/../../../../arm-none-eabi/lib/thumb/v7e-m+fp/softfp\libc.a(lib_a-findfp.o)
                0x10005c20                __sfp_lock_acquire
 .text.__sfp_lock_release
                0x10005c2c        0xc c:/workspace/msdk/tools/gnutools/10.3/bin/../lib/gcc/arm-none-eabi/10.3.1/../../../../arm-none-eabi/lib/thumb/v7e-m+fp/softfp\libc.a(lib_a-findfp.o)
                0x10005c2c                __sfp_lock_release
 .text.__libc_fini_array
                0x10005c38       0x2c c:/workspace/msdk/tools/gnutools/10.3/bin/../lib/gcc/arm-none-eabi/10.3.1/../../../../arm-none-eabi/lib/thumb/v7e-m+fp/softfp\libc.a(lib_a-fini.o)
                0x10005c38                __libc_fini_array
 .text._malloc_trim_r
                0x10005c64       0xa0 c:/workspace/msdk/tools/gnutools/10.3/bin/../lib/gcc/arm-none-eabi/10.3.1/../../../../arm-none-eabi/lib/thumb/v7e-m+fp/softfp\libc.a(lib_a-freer.o)
                0x10005c64                _malloc_trim_r
 .text._free_r  0x10005d04      0x20c c:/workspace/msdk/tools/gnutools/10.3/bin/../lib/gcc/arm-none-eabi/10.3.1/../../../../arm-none-eabi/lib/thumb/v7e-m+fp/softfp\libc.a(lib_a-freer.o)
                0x10005d04                _free_r
 .text.__sfvwrite_r
                0x10005f10      0x2f0 c:/workspace/msdk/tools/gnutools/10.3/bin/../lib/gcc/arm-none-eabi/10.3.1/../../../../arm-none-eabi/lib/thumb/v7e-m+fp/softfp\libc.a(lib_a-fvwrite.o)
                0x10005f10                __sfvwrite_r
 .text._fwalk_reent
                0x10006200       0x48 c:/workspace/msdk/tools/gnutools/10.3/bin/../lib/gcc/arm-none-eabi/10.3.1/../../../../arm-none-eabi/lib/thumb/v7e-m+fp/softfp\libc.a(lib_a-fwalk.o)
                0x10006200                _fwalk_reent
 .text._localeconv_r
                0x10006248        0x8 c:/workspace/msdk/tools/gnutools/10.3/bin/../lib/gcc/arm-none-eabi/10.3.1/../../../../arm-none-eabi/lib/thumb/v7e-m+fp/softfp\libc.a(lib_a-localeconv.o)
                0x10006248                _localeconv_r
 .text.__retarget_lock_init_recursive
                0x10006250        0x4 c:/workspace/msdk/tools/gnutools/10.3/bin/../lib/gcc/arm-none-eabi/10.3.1/../../../../arm-none-eabi/lib/thumb/v7e-m+fp/softfp\libc.a(lib_a-lock.o)
                0x10006250                __retarget_lock_init_recursive
 .text.__retarget_lock_close_recursive
                0x10006254        0x4 c:/workspace/msdk/tools/gnutools/10.3/bin/../lib/gcc/arm-none-eabi/10.3.1/../../../../arm-none-eabi/lib/thumb/v7e-m+fp/softfp\libc.a(lib_a-lock.o)
                0x10006254                __retarget_lock_close_recursive
 .text.__retarget_lock_acquire_recursive
                0x10006258        0x4 c:/workspace/msdk/tools/gnutools/10.3/bin/../lib/gcc/arm-none-eabi/10.3.1/../../../../arm-none-eabi/lib/thumb/v7e-m+fp/softfp\libc.a(lib_a-lock.o)
                0x10006258                __retarget_lock_acquire_recursive
 .text.__retarget_lock_release_recursive
                0x1000625c        0x4 c:/workspace/msdk/tools/gnutools/10.3/bin/../lib/gcc/arm-none-eabi/10.3.1/../../../../arm-none-eabi/lib/thumb/v7e-m+fp/softfp\libc.a(lib_a-lock.o)
                0x1000625c                __retarget_lock_release_recursive
 .text.__smakebuf_r
                0x10006260       0xe0 c:/workspace/msdk/tools/gnutools/10.3/bin/../lib/gcc/arm-none-eabi/10.3.1/../../../../arm-none-eabi/lib/thumb/v7e-m+fp/softfp\libc.a(lib_a-makebuf.o)
                0x10006260                __smakebuf_r
 .text          0x10006340       0xa0 c:/workspace/msdk/tools/gnutools/10.3/bin/../lib/gcc/arm-none-eabi/10.3.1/../../../../arm-none-eabi/lib/thumb/v7e-m+fp/softfp\libc.a(lib_a-memchr.o)
                0x10006340                memchr
 .text.memmove  0x100063e0       0xf8 c:/workspace/msdk/tools/gnutools/10.3/bin/../lib/gcc/arm-none-eabi/10.3.1/../../../../arm-none-eabi/lib/thumb/v7e-m+fp/softfp\libc.a(lib_a-memmove.o)
                0x100063e0                memmove
 .text._Balloc  0x100064d8       0x4c c:/workspace/msdk/tools/gnutools/10.3/bin/../lib/gcc/arm-none-eabi/10.3.1/../../../../arm-none-eabi/lib/thumb/v7e-m+fp/softfp\libc.a(lib_a-mprec.o)
                0x100064d8                _Balloc
 .text._Bfree   0x10006524       0x14 c:/workspace/msdk/tools/gnutools/10.3/bin/../lib/gcc/arm-none-eabi/10.3.1/../../../../arm-none-eabi/lib/thumb/v7e-m+fp/softfp\libc.a(lib_a-mprec.o)
                0x10006524                _Bfree
 .text.__multadd
                0x10006538       0xa8 c:/workspace/msdk/tools/gnutools/10.3/bin/../lib/gcc/arm-none-eabi/10.3.1/../../../../arm-none-eabi/lib/thumb/v7e-m+fp/softfp\libc.a(lib_a-mprec.o)
                0x10006538                __multadd
 .text.__hi0bits
                0x100065e0       0x40 c:/workspace/msdk/tools/gnutools/10.3/bin/../lib/gcc/arm-none-eabi/10.3.1/../../../../arm-none-eabi/lib/thumb/v7e-m+fp/softfp\libc.a(lib_a-mprec.o)
                0x100065e0                __hi0bits
 .text.__lo0bits
                0x10006620       0x60 c:/workspace/msdk/tools/gnutools/10.3/bin/../lib/gcc/arm-none-eabi/10.3.1/../../../../arm-none-eabi/lib/thumb/v7e-m+fp/softfp\libc.a(lib_a-mprec.o)
                0x10006620                __lo0bits
 .text.__i2b    0x10006680       0x5c c:/workspace/msdk/tools/gnutools/10.3/bin/../lib/gcc/arm-none-eabi/10.3.1/../../../../arm-none-eabi/lib/thumb/v7e-m+fp/softfp\libc.a(lib_a-mprec.o)
                0x10006680                __i2b
 .text.__multiply
                0x100066dc      0x15c c:/workspace/msdk/tools/gnutools/10.3/bin/../lib/gcc/arm-none-eabi/10.3.1/../../../../arm-none-eabi/lib/thumb/v7e-m+fp/softfp\libc.a(lib_a-mprec.o)
                0x100066dc                __multiply
 .text.__pow5mult
                0x10006838       0xc0 c:/workspace/msdk/tools/gnutools/10.3/bin/../lib/gcc/arm-none-eabi/10.3.1/../../../../arm-none-eabi/lib/thumb/v7e-m+fp/softfp\libc.a(lib_a-mprec.o)
                0x10006838                __pow5mult
 .text.__lshift
                0x100068f8       0xf0 c:/workspace/msdk/tools/gnutools/10.3/bin/../lib/gcc/arm-none-eabi/10.3.1/../../../../arm-none-eabi/lib/thumb/v7e-m+fp/softfp\libc.a(lib_a-mprec.o)
                0x100068f8                __lshift
 .text.__mcmp   0x100069e8       0x44 c:/workspace/msdk/tools/gnutools/10.3/bin/../lib/gcc/arm-none-eabi/10.3.1/../../../../arm-none-eabi/lib/thumb/v7e-m+fp/softfp\libc.a(lib_a-mprec.o)
                0x100069e8                __mcmp
 .text.__mdiff  0x10006a2c      0x14c c:/workspace/msdk/tools/gnutools/10.3/bin/../lib/gcc/arm-none-eabi/10.3.1/../../../../arm-none-eabi/lib/thumb/v7e-m+fp/softfp\libc.a(lib_a-mprec.o)
                0x10006a2c                __mdiff
 .text.__d2b    0x10006b78       0xc4 c:/workspace/msdk/tools/gnutools/10.3/bin/../lib/gcc/arm-none-eabi/10.3.1/../../../../arm-none-eabi/lib/thumb/v7e-m+fp/softfp\libc.a(lib_a-mprec.o)
                0x10006b78                __d2b
 .text._putc_r  0x10006c3c       0x74 c:/workspace/msdk/tools/gnutools/10.3/bin/../lib/gcc/arm-none-eabi/10.3.1/../../../../arm-none-eabi/lib/thumb/v7e-m+fp/softfp\libc.a(lib_a-putc.o)
                0x10006c3c                _putc_r
 .text._realloc_r
                0x10006cb0      0x3d8 c:/workspace/msdk/tools/gnutools/10.3/bin/../lib/gcc/arm-none-eabi/10.3.1/../../../../arm-none-eabi/lib/thumb/v7e-m+fp/softfp\libc.a(lib_a-reallocr.o)
                0x10006cb0                _realloc_r
 .text.frexp    0x10007088       0x70 c:/workspace/msdk/tools/gnutools/10.3/bin/../lib/gcc/arm-none-eabi/10.3.1/../../../../arm-none-eabi/lib/thumb/v7e-m+fp/softfp\libc.a(lib_a-s_frexp.o)
                0x10007088                frexp
 .text.__sread  0x100070f8       0x24 c:/workspace/msdk/tools/gnutools/10.3/bin/../lib/gcc/arm-none-eabi/10.3.1/../../../../arm-none-eabi/lib/thumb/v7e-m+fp/softfp\libc.a(lib_a-stdio.o)
                0x100070f8                __sread
 .text.__swrite
                0x1000711c       0x40 c:/workspace/msdk/tools/gnutools/10.3/bin/../lib/gcc/arm-none-eabi/10.3.1/../../../../arm-none-eabi/lib/thumb/v7e-m+fp/softfp\libc.a(lib_a-stdio.o)
                0x1000711c                __swrite
 .text.__sseek  0x1000715c       0x20 c:/workspace/msdk/tools/gnutools/10.3/bin/../lib/gcc/arm-none-eabi/10.3.1/../../../../arm-none-eabi/lib/thumb/v7e-m+fp/softfp\libc.a(lib_a-stdio.o)
                0x1000715c                __sseek
 .text.__sclose
                0x1000717c        0x8 c:/workspace/msdk/tools/gnutools/10.3/bin/../lib/gcc/arm-none-eabi/10.3.1/../../../../arm-none-eabi/lib/thumb/v7e-m+fp/softfp\libc.a(lib_a-stdio.o)
                0x1000717c                __sclose
 .text.strncpy  0x10007184       0x64 c:/workspace/msdk/tools/gnutools/10.3/bin/../lib/gcc/arm-none-eabi/10.3.1/../../../../arm-none-eabi/lib/thumb/v7e-m+fp/softfp\libc.a(lib_a-strncpy.o)
                0x10007184                strncpy
 .text.__sprint_r.part.0
                0x100071e8       0x78 c:/workspace/msdk/tools/gnutools/10.3/bin/../lib/gcc/arm-none-eabi/10.3.1/../../../../arm-none-eabi/lib/thumb/v7e-m+fp/softfp\libc.a(lib_a-vfiprintf.o)
 .text.__sprint_r
                0x10007260       0x18 c:/workspace/msdk/tools/gnutools/10.3/bin/../lib/gcc/arm-none-eabi/10.3.1/../../../../arm-none-eabi/lib/thumb/v7e-m+fp/softfp\libc.a(lib_a-vfiprintf.o)
                0x10007260                __sprint_r
 .text._vfiprintf_r
                0x10007278      0xdfc c:/workspace/msdk/tools/gnutools/10.3/bin/../lib/gcc/arm-none-eabi/10.3.1/../../../../arm-none-eabi/lib/thumb/v7e-m+fp/softfp\libc.a(lib_a-vfiprintf.o)
                0x10007278                _vfiprintf_r
 .text.__sbprintf
                0x10008074       0x80 c:/workspace/msdk/tools/gnutools/10.3/bin/../lib/gcc/arm-none-eabi/10.3.1/../../../../arm-none-eabi/lib/thumb/v7e-m+fp/softfp\libc.a(lib_a-vfiprintf.o)
 .text.__swbuf_r
                0x100080f4       0xb0 c:/workspace/msdk/tools/gnutools/10.3/bin/../lib/gcc/arm-none-eabi/10.3.1/../../../../arm-none-eabi/lib/thumb/v7e-m+fp/softfp\libc.a(lib_a-wbuf.o)
                0x100080f4                __swbuf_r
 .text._write_r
                0x100081a4       0x2c c:/workspace/msdk/tools/gnutools/10.3/bin/../lib/gcc/arm-none-eabi/10.3.1/../../../../arm-none-eabi/lib/thumb/v7e-m+fp/softfp\libc.a(lib_a-writer.o)
                0x100081a4                _write_r
 .text.__register_exitproc
                0x100081d0       0x8c c:/workspace/msdk/tools/gnutools/10.3/bin/../lib/gcc/arm-none-eabi/10.3.1/../../../../arm-none-eabi/lib/thumb/v7e-m+fp/softfp\libc.a(lib_a-__atexit.o)
                0x100081d0                __register_exitproc
 .text.__assert_func
                0x1000825c       0x40 c:/workspace/msdk/tools/gnutools/10.3/bin/../lib/gcc/arm-none-eabi/10.3.1/../../../../arm-none-eabi/lib/thumb/v7e-m+fp/softfp\libc.a(lib_a-assert.o)
                0x1000825c                __assert_func
 .text._calloc_r
                0x1000829c       0x78 c:/workspace/msdk/tools/gnutools/10.3/bin/../lib/gcc/arm-none-eabi/10.3.1/../../../../arm-none-eabi/lib/thumb/v7e-m+fp/softfp\libc.a(lib_a-callocr.o)
                0x1000829c                _calloc_r
 .text._close_r
                0x10008314       0x24 c:/workspace/msdk/tools/gnutools/10.3/bin/../lib/gcc/arm-none-eabi/10.3.1/../../../../arm-none-eabi/lib/thumb/v7e-m+fp/softfp\libc.a(lib_a-closer.o)
                0x10008314                _close_r
 .text._fclose_r
                0x10008338       0xcc c:/workspace/msdk/tools/gnutools/10.3/bin/../lib/gcc/arm-none-eabi/10.3.1/../../../../arm-none-eabi/lib/thumb/v7e-m+fp/softfp\libc.a(lib_a-fclose.o)
                0x10008338                _fclose_r
 .text.fiprintf
                0x10008404       0x28 c:/workspace/msdk/tools/gnutools/10.3/bin/../lib/gcc/arm-none-eabi/10.3.1/../../../../arm-none-eabi/lib/thumb/v7e-m+fp/softfp\libc.a(lib_a-fiprintf.o)
                0x10008404                fiprintf
 .text.__fputwc
                0x1000842c       0xa8 c:/workspace/msdk/tools/gnutools/10.3/bin/../lib/gcc/arm-none-eabi/10.3.1/../../../../arm-none-eabi/lib/thumb/v7e-m+fp/softfp\libc.a(lib_a-fputwc.o)
                0x1000842c                __fputwc
 .text._fputwc_r
                0x100084d4       0x68 c:/workspace/msdk/tools/gnutools/10.3/bin/../lib/gcc/arm-none-eabi/10.3.1/../../../../arm-none-eabi/lib/thumb/v7e-m+fp/softfp\libc.a(lib_a-fputwc.o)
                0x100084d4                _fputwc_r
 .text._fstat_r
                0x1000853c       0x2c c:/workspace/msdk/tools/gnutools/10.3/bin/../lib/gcc/arm-none-eabi/10.3.1/../../../../arm-none-eabi/lib/thumb/v7e-m+fp/softfp\libc.a(lib_a-fstatr.o)
                0x1000853c                _fstat_r
 .text._isatty_r
                0x10008568       0x24 c:/workspace/msdk/tools/gnutools/10.3/bin/../lib/gcc/arm-none-eabi/10.3.1/../../../../arm-none-eabi/lib/thumb/v7e-m+fp/softfp\libc.a(lib_a-isattyr.o)
                0x10008568                _isatty_r
 .text.__locale_mb_cur_max
                0x1000858c        0xc c:/workspace/msdk/tools/gnutools/10.3/bin/../lib/gcc/arm-none-eabi/10.3.1/../../../../arm-none-eabi/lib/thumb/v7e-m+fp/softfp\libc.a(lib_a-locale.o)
                0x1000858c                __locale_mb_cur_max
 .text._lseek_r
                0x10008598       0x2c c:/workspace/msdk/tools/gnutools/10.3/bin/../lib/gcc/arm-none-eabi/10.3.1/../../../../arm-none-eabi/lib/thumb/v7e-m+fp/softfp\libc.a(lib_a-lseekr.o)
                0x10008598                _lseek_r
 .text.__ascii_mbtowc
                0x100085c4       0x2c c:/workspace/msdk/tools/gnutools/10.3/bin/../lib/gcc/arm-none-eabi/10.3.1/../../../../arm-none-eabi/lib/thumb/v7e-m+fp/softfp\libc.a(lib_a-mbtowc_r.o)
                0x100085c4                __ascii_mbtowc
 .text._read_r  0x100085f0       0x2c c:/workspace/msdk/tools/gnutools/10.3/bin/../lib/gcc/arm-none-eabi/10.3.1/../../../../arm-none-eabi/lib/thumb/v7e-m+fp/softfp\libc.a(lib_a-readr.o)
                0x100085f0                _read_r
 .text._wcrtomb_r
                0x1000861c       0x3c c:/workspace/msdk/tools/gnutools/10.3/bin/../lib/gcc/arm-none-eabi/10.3.1/../../../../arm-none-eabi/lib/thumb/v7e-m+fp/softfp\libc.a(lib_a-wcrtomb.o)
                0x1000861c                _wcrtomb_r
 .text.__ascii_wctomb
                0x10008658       0x1c c:/workspace/msdk/tools/gnutools/10.3/bin/../lib/gcc/arm-none-eabi/10.3.1/../../../../arm-none-eabi/lib/thumb/v7e-m+fp/softfp\libc.a(lib_a-wctomb_r.o)
                0x10008658                __ascii_wctomb
 .text.abort    0x10008674       0x10 c:/workspace/msdk/tools/gnutools/10.3/bin/../lib/gcc/arm-none-eabi/10.3.1/../../../../arm-none-eabi/lib/thumb/v7e-m+fp/softfp\libc.a(lib_a-abort.o)
                0x10008674                abort
 .text.raise    0x10008684       0x5c c:/workspace/msdk/tools/gnutools/10.3/bin/../lib/gcc/arm-none-eabi/10.3.1/../../../../arm-none-eabi/lib/thumb/v7e-m+fp/softfp\libc.a(lib_a-signal.o)
                0x10008684                raise
 .text._kill_r  0x100086e0       0x2c c:/workspace/msdk/tools/gnutools/10.3/bin/../lib/gcc/arm-none-eabi/10.3.1/../../../../arm-none-eabi/lib/thumb/v7e-m+fp/softfp\libc.a(lib_a-signalr.o)
                0x100086e0                _kill_r
 .text._getpid_r
                0x1000870c        0x4 c:/workspace/msdk/tools/gnutools/10.3/bin/../lib/gcc/arm-none-eabi/10.3.1/../../../../arm-none-eabi/lib/thumb/v7e-m+fp/softfp\libc.a(lib_a-signalr.o)
                0x1000870c                _getpid_r
 .text._exit    0x10008710        0x4 c:/workspace/msdk/tools/gnutools/10.3/bin/../lib/gcc/arm-none-eabi/10.3.1/../../../../arm-none-eabi/lib/thumb/v7e-m+fp/softfp\libnosys.a(_exit.o)
                0x10008710                _exit
 .text          0x10008714      0x378 c:/workspace/msdk/tools/gnutools/10.3/bin/../lib/gcc/arm-none-eabi/10.3.1/thumb/v7e-m+fp/softfp\libgcc.a(_arm_addsubdf3.o)
                0x10008714                __aeabi_drsub
                0x1000871c                __aeabi_dsub
                0x1000871c                __subdf3
                0x10008720                __aeabi_dadd
                0x10008720                __adddf3
                0x10008998                __floatunsidf
                0x10008998                __aeabi_ui2d
                0x100089b8                __floatsidf
                0x100089b8                __aeabi_i2d
                0x100089dc                __aeabi_f2d
                0x100089dc                __extendsfdf2
                0x10008a20                __floatundidf
                0x10008a20                __aeabi_ul2d
                0x10008a30                __floatdidf
                0x10008a30                __aeabi_l2d
 .text          0x10008a8c      0x424 c:/workspace/msdk/tools/gnutools/10.3/bin/../lib/gcc/arm-none-eabi/10.3.1/thumb/v7e-m+fp/softfp\libgcc.a(_arm_muldivdf3.o)
                0x10008a8c                __aeabi_dmul
                0x10008a8c                __muldf3
                0x10008ce0                __divdf3
                0x10008ce0                __aeabi_ddiv
 .text          0x10008eb0      0x110 c:/workspace/msdk/tools/gnutools/10.3/bin/../lib/gcc/arm-none-eabi/10.3.1/thumb/v7e-m+fp/softfp\libgcc.a(_arm_cmpdf2.o)
                0x10008eb0                __gtdf2
                0x10008eb0                __gedf2
                0x10008eb8                __ltdf2
                0x10008eb8                __ledf2
                0x10008ec0                __nedf2
                0x10008ec0                __eqdf2
                0x10008ec0                __cmpdf2
                0x10008f3c                __aeabi_cdrcmple
                0x10008f4c                __aeabi_cdcmpeq
                0x10008f4c                __aeabi_cdcmple
                0x10008f5c                __aeabi_dcmpeq
                0x10008f70                __aeabi_dcmplt
                0x10008f84                __aeabi_dcmple
                0x10008f98                __aeabi_dcmpge
                0x10008fac                __aeabi_dcmpgt
 .text          0x10008fc0       0x2c c:/workspace/msdk/tools/gnutools/10.3/bin/../lib/gcc/arm-none-eabi/10.3.1/thumb/v7e-m+fp/softfp\libgcc.a(_arm_unorddf2.o)
                0x10008fc0                __unorddf2
                0x10008fc0                __aeabi_dcmpun
 .text          0x10008fec       0x50 c:/workspace/msdk/tools/gnutools/10.3/bin/../lib/gcc/arm-none-eabi/10.3.1/thumb/v7e-m+fp/softfp\libgcc.a(_arm_fixdfsi.o)
                0x10008fec                __aeabi_d2iz
                0x10008fec                __fixdfsi
 .text          0x1000903c       0x30 c:/workspace/msdk/tools/gnutools/10.3/bin/../lib/gcc/arm-none-eabi/10.3.1/thumb/v7e-m+fp/softfp\libgcc.a(_aeabi_uldivmod.o)
                0x1000903c                __aeabi_uldivmod
 .text          0x1000906c      0x2d0 c:/workspace/msdk/tools/gnutools/10.3/bin/../lib/gcc/arm-none-eabi/10.3.1/thumb/v7e-m+fp/softfp\libgcc.a(_udivmoddi4.o)
                0x1000906c                __udivmoddi4
 .text          0x1000933c        0x4 c:/workspace/msdk/tools/gnutools/10.3/bin/../lib/gcc/arm-none-eabi/10.3.1/thumb/v7e-m+fp/softfp\libgcc.a(_dvmd_tls.o)
                0x1000933c                __aeabi_idiv0
                0x1000933c                __aeabi_ldiv0
 *(.rodata*)
 .rodata.print.str1.4
                0x10009340        0x8 c:/workspace/ADI_Intern_Private/AD-APARD32690-SL/CircuitPython/msdk_testCode/TRNG/build/main.o
 .rodata.Test_TRNG.str1.4
                0x10009348       0x26 c:/workspace/ADI_Intern_Private/AD-APARD32690-SL/CircuitPython/msdk_testCode/TRNG/build/main.o
 *fill*         0x1000936e        0x2 
 .rodata.main.str1.4
                0x10009370       0x4d c:/workspace/ADI_Intern_Private/AD-APARD32690-SL/CircuitPython/msdk_testCode/TRNG/build/main.o
 *fill*         0x100093bd        0x3 
 .rodata.mxc_assert.str1.4
                0x100093c0       0x19 c:/workspace/ADI_Intern_Private/AD-APARD32690-SL/CircuitPython/msdk_testCode/TRNG/build/board.o
 *fill*         0x100093d9        0x3 
 .rodata.Board_Init.str1.4
                0x100093dc       0x49 c:/workspace/ADI_Intern_Private/AD-APARD32690-SL/CircuitPython/msdk_testCode/TRNG/build/board.o
 *fill*         0x10009425        0x3 
 .rodata.NMI_Handler.str1.4
                0x10009428        0xc c:/workspace/ADI_Intern_Private/AD-APARD32690-SL/CircuitPython/msdk_testCode/TRNG/build/board.o
 .rodata.HardFault_Handler.str1.4
                0x10009434       0x12 c:/workspace/ADI_Intern_Private/AD-APARD32690-SL/CircuitPython/msdk_testCode/TRNG/build/board.o
 *fill*         0x10009446        0x2 
 .rodata        0x10009448       0x10 c:/workspace/ADI_Intern_Private/AD-APARD32690-SL/CircuitPython/msdk_testCode/TRNG/build/board.o
 .rodata.led_pin
                0x10009458       0x24 c:/workspace/ADI_Intern_Private/AD-APARD32690-SL/CircuitPython/msdk_testCode/TRNG/build/board.o
                0x10009458                led_pin
 .rodata.num_leds
                0x1000947c        0x4 c:/workspace/ADI_Intern_Private/AD-APARD32690-SL/CircuitPython/msdk_testCode/TRNG/build/board.o
                0x1000947c                num_leds
 .rodata.num_pbs
                0x10009480        0x4 c:/workspace/ADI_Intern_Private/AD-APARD32690-SL/CircuitPython/msdk_testCode/TRNG/build/board.o
                0x10009480                num_pbs
 .rodata.pb_pin
                0x10009484        0xc c:/workspace/ADI_Intern_Private/AD-APARD32690-SL/CircuitPython/msdk_testCode/TRNG/build/board.o
                0x10009484                pb_pin
 .rodata.LED_On.str1.4
                0x10009490       0x43 c:/workspace/ADI_Intern_Private/AD-APARD32690-SL/CircuitPython/msdk_testCode/TRNG/build/led.o
 *fill*         0x100094d3        0x1 
 .rodata.MXC_SPIXF_RevA_SetCmdWidth.str1.4
                0x100094d4       0x6a C:/workspace/msdk/Libraries/PeriphDrivers/bin/MAX32690/spi-v1_softfp/libPeriphDriver_spi-v1_softfp.a(spixf_reva.o)
 *fill*         0x1000953e        0x2 
 .rodata.MXC_SPIXF_RevA_Clocks.str1.4
                0x10009540       0x21 C:/workspace/msdk/Libraries/PeriphDrivers/bin/MAX32690/spi-v1_softfp/libPeriphDriver_spi-v1_softfp.a(spixf_reva.o)
 *fill*         0x10009561        0x3 
 .rodata.MXC_SPIXF_RevA_Transaction.str1.4
                0x10009564       0x3d C:/workspace/msdk/Libraries/PeriphDrivers/bin/MAX32690/spi-v1_softfp/libPeriphDriver_spi-v1_softfp.a(spixf_reva.o)
 *fill*         0x100095a1        0x3 
 .rodata.MXC_TRNG_RevB_RandomAsync.str1.4
                0x100095a4       0x5d C:/workspace/msdk/Libraries/PeriphDrivers/bin/MAX32690/spi-v1_softfp/libPeriphDriver_spi-v1_softfp.a(trng_revb.o)
 *fill*         0x10009601        0x3 
 .rodata.MXC_UART_RevB_Init.str1.4
                0x10009604       0x7b C:/workspace/msdk/Libraries/PeriphDrivers/bin/MAX32690/spi-v1_softfp/libPeriphDriver_spi-v1_softfp.a(uart_revb.o)
 *fill*         0x1000967f        0x1 
 .rodata.MXC_UART_RevB_SetClockSource.str1.4
                0x10009680       0x27 C:/workspace/msdk/Libraries/PeriphDrivers/bin/MAX32690/spi-v1_softfp/libPeriphDriver_spi-v1_softfp.a(uart_revb.o)
 *fill*         0x100096a7        0x1 
 .rodata.gpio_cfg_extclk
                0x100096a8        0xc C:/workspace/msdk/Libraries/PeriphDrivers/bin/MAX32690/spi-v1_softfp/libPeriphDriver_spi-v1_softfp.a(pins_me18.o)
                0x100096a8                gpio_cfg_extclk
 .rodata.gpio_cfg_spixf
                0x100096b4        0xc C:/workspace/msdk/Libraries/PeriphDrivers/bin/MAX32690/spi-v1_softfp/libPeriphDriver_spi-v1_softfp.a(pins_me18.o)
                0x100096b4                gpio_cfg_spixf
 .rodata.gpio_cfg_uart0
                0x100096c0        0xc C:/workspace/msdk/Libraries/PeriphDrivers/bin/MAX32690/spi-v1_softfp/libPeriphDriver_spi-v1_softfp.a(pins_me18.o)
                0x100096c0                gpio_cfg_uart0
 .rodata.gpio_cfg_uart1
                0x100096cc        0xc C:/workspace/msdk/Libraries/PeriphDrivers/bin/MAX32690/spi-v1_softfp/libPeriphDriver_spi-v1_softfp.a(pins_me18.o)
                0x100096cc                gpio_cfg_uart1
 .rodata.gpio_cfg_uart2
                0x100096d8        0xc C:/workspace/msdk/Libraries/PeriphDrivers/bin/MAX32690/spi-v1_softfp/libPeriphDriver_spi-v1_softfp.a(pins_me18.o)
                0x100096d8                gpio_cfg_uart2
 .rodata.gpio_cfg_uart3
                0x100096e4        0xc C:/workspace/msdk/Libraries/PeriphDrivers/bin/MAX32690/spi-v1_softfp/libPeriphDriver_spi-v1_softfp.a(pins_me18.o)
                0x100096e4                gpio_cfg_uart3
 .rodata.MXC_GPIO_Common_Handler.str1.4
                0x100096f0       0x6e C:/workspace/msdk/Libraries/PeriphDrivers/bin/MAX32690/spi-v1_softfp/libPeriphDriver_spi-v1_softfp.a(gpio_common.o)
 *fill*         0x1000975e        0x2 
 .rodata._global_impure_ptr
                0x10009760        0x4 c:/workspace/msdk/tools/gnutools/10.3/bin/../lib/gcc/arm-none-eabi/10.3.1/../../../../arm-none-eabi/lib/thumb/v7e-m+fp/softfp\libc.a(lib_a-impure.o)
                0x10009760                _global_impure_ptr
 .rodata._puts_r.str1.4
                0x10009764       0x6e c:/workspace/msdk/tools/gnutools/10.3/bin/../lib/gcc/arm-none-eabi/10.3.1/../../../../arm-none-eabi/lib/thumb/v7e-m+fp/softfp\libc.a(lib_a-puts.o)
                                  0x2 (size before relaxing)
 .rodata._vfprintf_r.str1.4
                0x10009764       0x42 c:/workspace/msdk/tools/gnutools/10.3/bin/../lib/gcc/arm-none-eabi/10.3.1/../../../../arm-none-eabi/lib/thumb/v7e-m+fp/softfp\libc.a(lib_a-vfprintf.o)
 *fill*         0x100097a6        0x2 
 .rodata.blanks.1
                0x100097a8       0x10 c:/workspace/msdk/tools/gnutools/10.3/bin/../lib/gcc/arm-none-eabi/10.3.1/../../../../arm-none-eabi/lib/thumb/v7e-m+fp/softfp\libc.a(lib_a-vfprintf.o)
 .rodata.zeroes.0
                0x100097b8       0x10 c:/workspace/msdk/tools/gnutools/10.3/bin/../lib/gcc/arm-none-eabi/10.3.1/../../../../arm-none-eabi/lib/thumb/v7e-m+fp/softfp\libc.a(lib_a-vfprintf.o)
 .rodata._dtoa_r.str1.4
                0x100097c8       0xa2 c:/workspace/msdk/tools/gnutools/10.3/bin/../lib/gcc/arm-none-eabi/10.3.1/../../../../arm-none-eabi/lib/thumb/v7e-m+fp/softfp\libc.a(lib_a-dtoa.o)
                                 0xa6 (size before relaxing)
 *fill*         0x1000986a        0x2 
 .rodata.__multadd.str1.4
                0x1000986c       0x7f c:/workspace/msdk/tools/gnutools/10.3/bin/../lib/gcc/arm-none-eabi/10.3.1/../../../../arm-none-eabi/lib/thumb/v7e-m+fp/softfp\libc.a(lib_a-mprec.o)
                                 0x93 (size before relaxing)
 *fill*         0x100098eb        0x5 
 .rodata.__mprec_bigtens
                0x100098f0       0x28 c:/workspace/msdk/tools/gnutools/10.3/bin/../lib/gcc/arm-none-eabi/10.3.1/../../../../arm-none-eabi/lib/thumb/v7e-m+fp/softfp\libc.a(lib_a-mprec.o)
                0x100098f0                __mprec_bigtens
 .rodata.__mprec_tens
                0x10009918       0xc8 c:/workspace/msdk/tools/gnutools/10.3/bin/../lib/gcc/arm-none-eabi/10.3.1/../../../../arm-none-eabi/lib/thumb/v7e-m+fp/softfp\libc.a(lib_a-mprec.o)
                0x10009918                __mprec_tens
 .rodata.p05.0  0x100099e0        0xc c:/workspace/msdk/tools/gnutools/10.3/bin/../lib/gcc/arm-none-eabi/10.3.1/../../../../arm-none-eabi/lib/thumb/v7e-m+fp/softfp\libc.a(lib_a-mprec.o)
 .rodata._vfiprintf_r.str1.4
                0x100099ec       0x2f c:/workspace/msdk/tools/gnutools/10.3/bin/../lib/gcc/arm-none-eabi/10.3.1/../../../../arm-none-eabi/lib/thumb/v7e-m+fp/softfp\libc.a(lib_a-vfiprintf.o)
 .rodata.blanks.1
                0x100099ec       0x10 c:/workspace/msdk/tools/gnutools/10.3/bin/../lib/gcc/arm-none-eabi/10.3.1/../../../../arm-none-eabi/lib/thumb/v7e-m+fp/softfp\libc.a(lib_a-vfiprintf.o)
 .rodata.zeroes.0
                0x100099fc       0x10 c:/workspace/msdk/tools/gnutools/10.3/bin/../lib/gcc/arm-none-eabi/10.3.1/../../../../arm-none-eabi/lib/thumb/v7e-m+fp/softfp\libc.a(lib_a-vfiprintf.o)
 .rodata.__assert_func.str1.4
                0x10009a0c       0x3f c:/workspace/msdk/tools/gnutools/10.3/bin/../lib/gcc/arm-none-eabi/10.3.1/../../../../arm-none-eabi/lib/thumb/v7e-m+fp/softfp\libc.a(lib_a-assert.o)
                                 0x43 (size before relaxing)
 *fill*         0x10009a4b        0x1 
 .rodata._setlocale_r.str1.4
                0x10009a4c        0xa c:/workspace/msdk/tools/gnutools/10.3/bin/../lib/gcc/arm-none-eabi/10.3.1/../../../../arm-none-eabi/lib/thumb/v7e-m+fp/softfp\libc.a(lib_a-locale.o)
                                  0xd (size before relaxing)
 *fill*         0x10009a56        0x2 
 .rodata.str1.4
                0x10009a58        0x2 c:/workspace/msdk/tools/gnutools/10.3/bin/../lib/gcc/arm-none-eabi/10.3.1/../../../../arm-none-eabi/lib/thumb/v7e-m+fp/softfp\libc.a(lib_a-locale.o)
 *fill*         0x10009a5a        0x2 
 .rodata._ctype_
                0x10009a5c      0x101 c:/workspace/msdk/tools/gnutools/10.3/bin/../lib/gcc/arm-none-eabi/10.3.1/../../../../arm-none-eabi/lib/thumb/v7e-m+fp/softfp\libc.a(lib_a-ctype_.o)
                0x10009a5c                _ctype_
 *(.init)
 *fill*         0x10009b5d        0x3 
 .init          0x10009b60        0x4 c:/workspace/msdk/tools/gnutools/10.3/bin/../lib/gcc/arm-none-eabi/10.3.1/thumb/v7e-m+fp/softfp/crti.o
                0x10009b60                _init
 .init          0x10009b64        0x8 c:/workspace/msdk/tools/gnutools/10.3/bin/../lib/gcc/arm-none-eabi/10.3.1/thumb/v7e-m+fp/softfp/crtn.o
 *(.fini)
 .fini          0x10009b6c        0x4 c:/workspace/msdk/tools/gnutools/10.3/bin/../lib/gcc/arm-none-eabi/10.3.1/thumb/v7e-m+fp/softfp/crti.o
                0x10009b6c                _fini
 .fini          0x10009b70        0x8 c:/workspace/msdk/tools/gnutools/10.3/bin/../lib/gcc/arm-none-eabi/10.3.1/thumb/v7e-m+fp/softfp/crtn.o
 *crtbegin.o(.ctors)
 *crtbegin?.o(.ctors)
 *(EXCLUDE_FILE(*crtend.o *crtend?.o) .ctors)
 *(SORT_BY_NAME(.ctors.*))
 *(.ctors)
 *crtbegin.o(.dtors)
 *crtbegin?.o(.dtors)
 *(EXCLUDE_FILE(*crtend.o *crtend?.o) .dtors)
 *(SORT_BY_NAME(.dtors.*))
 *(.dtors)
 *(.eh_frame*)
 .eh_frame      0x10009b78        0x0 c:/workspace/msdk/tools/gnutools/10.3/bin/../lib/gcc/arm-none-eabi/10.3.1/thumb/v7e-m+fp/softfp/crtbegin.o
 .eh_frame      0x10009b78        0x4 c:/workspace/msdk/tools/gnutools/10.3/bin/../lib/gcc/arm-none-eabi/10.3.1/thumb/v7e-m+fp/softfp/crtend.o
                0x10009b7c                _etext = .

.glue_7         0x10009b7c        0x0
 .glue_7        0x10009b7c        0x0 linker stubs

.glue_7t        0x10009b7c        0x0
 .glue_7t       0x10009b7c        0x0 linker stubs

.vfp11_veneer   0x10009b7c        0x0
 .vfp11_veneer  0x10009b7c        0x0 linker stubs

.v4_bx          0x10009b7c        0x0
 .v4_bx         0x10009b7c        0x0 linker stubs

.iplt           0x10009b7c        0x0
 .iplt          0x10009b7c        0x0 c:/workspace/msdk/tools/gnutools/10.3/bin/../lib/gcc/arm-none-eabi/10.3.1/thumb/v7e-m+fp/softfp/crtbegin.o

.ARM.extab
 *(.ARM.extab* .gnu.linkonce.armextab.*)

.hpb_cs0_section
                0x60000000        0x0 load address 0x10009b7c
                0x60000000                __hpb_cs0_start = ABSOLUTE (.)
 *(.hpb_cs0_section*)
                0x10009b7c                __load_start_hpb_cs0 = LOADADDR (.hpb_cs0_section)
                0x00000000                __load_length_hpb_cs0 = SIZEOF (.hpb_cs0_section)

.hpb_cs1_section
                0x70000000        0x0 load address 0x10009b7c
                0x70000000                __hpb_cs1_start = ABSOLUTE (.)
 *(.hpb_cs1_section*)
                0x10009b7c                __load_start_hpb_cs1 = LOADADDR (.hpb_cs1_section)
                0x00000000                __load_length_hpb_cs1 = SIZEOF (.hpb_cs1_section)

.bin_storage    0x10009b7c        0x0
 FILL mask 0xff
                0x10009b7c                _bin_start_ = .
 *(.bin_storage_img)
                0x10009b7c                _bin_end_ = .
                0x10009b7c                . = ALIGN (0x4)

.ARM.exidx      0x10009b7c        0x8
                0x10009b7c                __exidx_start = .
 *(.ARM.exidx* .gnu.linkonce.armexidx.*)
 .ARM.exidx     0x10009b7c        0x8 c:/workspace/msdk/tools/gnutools/10.3/bin/../lib/gcc/arm-none-eabi/10.3.1/thumb/v7e-m+fp/softfp\libgcc.a(_udivmoddi4.o)
                0x10009b84                __exidx_end = .

.rel.dyn        0x10009b84        0x0
 .rel.iplt      0x10009b84        0x0 c:/workspace/msdk/tools/gnutools/10.3/bin/../lib/gcc/arm-none-eabi/10.3.1/thumb/v7e-m+fp/softfp/crtbegin.o

.data           0x20000000      0xa24 load address 0x10009b84
                0x20000000                _data = ALIGN (., 0x4)
 *(vtable)
 *(.data*)
 .data.ConsoleUart
                0x20000000        0x4 c:/workspace/ADI_Intern_Private/AD-APARD32690-SL/CircuitPython/msdk_testCode/TRNG/build/board.o
                0x20000000                ConsoleUart
 .data.states   0x20000004       0x60 C:/workspace/msdk/Libraries/PeriphDrivers/bin/MAX32690/spi-v1_softfp/libPeriphDriver_spi-v1_softfp.a(uart_revb.o)
 .data.overflows
                0x20000064        0x4 C:/workspace/msdk/Libraries/PeriphDrivers/bin/MAX32690/spi-v1_softfp/libPeriphDriver_spi-v1_softfp.a(mxc_delay.o)
 .data._impure_ptr
                0x20000068        0x4 c:/workspace/msdk/tools/gnutools/10.3/bin/../lib/gcc/arm-none-eabi/10.3.1/../../../../arm-none-eabi/lib/thumb/v7e-m+fp/softfp\libc.a(lib_a-impure.o)
                0x20000068                _impure_ptr
 *fill*         0x2000006c        0x4 
 .data.impure_data
                0x20000070      0x428 c:/workspace/msdk/tools/gnutools/10.3/bin/../lib/gcc/arm-none-eabi/10.3.1/../../../../arm-none-eabi/lib/thumb/v7e-m+fp/softfp\libc.a(lib_a-impure.o)
 .data.__malloc_av_
                0x20000498      0x408 c:/workspace/msdk/tools/gnutools/10.3/bin/../lib/gcc/arm-none-eabi/10.3.1/../../../../arm-none-eabi/lib/thumb/v7e-m+fp/softfp\libc.a(lib_a-mallocr.o)
                0x20000498                __malloc_av_
 .data.__malloc_sbrk_base
                0x200008a0        0x4 c:/workspace/msdk/tools/gnutools/10.3/bin/../lib/gcc/arm-none-eabi/10.3.1/../../../../arm-none-eabi/lib/thumb/v7e-m+fp/softfp\libc.a(lib_a-mallocr.o)
                0x200008a0                __malloc_sbrk_base
 .data.__malloc_trim_threshold
                0x200008a4        0x4 c:/workspace/msdk/tools/gnutools/10.3/bin/../lib/gcc/arm-none-eabi/10.3.1/../../../../arm-none-eabi/lib/thumb/v7e-m+fp/softfp\libc.a(lib_a-mallocr.o)
                0x200008a4                __malloc_trim_threshold
 .data.__atexit_recursive_mutex
                0x200008a8        0x4 c:/workspace/msdk/tools/gnutools/10.3/bin/../lib/gcc/arm-none-eabi/10.3.1/../../../../arm-none-eabi/lib/thumb/v7e-m+fp/softfp\libc.a(lib_a-__call_atexit.o)
                0x200008a8                __atexit_recursive_mutex
 .data.__global_locale
                0x200008ac      0x16c c:/workspace/msdk/tools/gnutools/10.3/bin/../lib/gcc/arm-none-eabi/10.3.1/../../../../arm-none-eabi/lib/thumb/v7e-m+fp/softfp\libc.a(lib_a-locale.o)
                0x200008ac                __global_locale
                0x20000a18                . = ALIGN (0x4)
                0x20000a18                PROVIDE (__preinit_array_start = .)
 *(.preinit_array)
                0x20000a18                PROVIDE (__preinit_array_end = .)
                0x20000a18                . = ALIGN (0x4)
                0x20000a18                PROVIDE (__init_array_start = .)
 *(SORT_BY_NAME(.init_array.*))
 .init_array.00000
                0x20000a18        0x4 c:/workspace/msdk/tools/gnutools/10.3/bin/../lib/gcc/arm-none-eabi/10.3.1/../../../../arm-none-eabi/lib/thumb/v7e-m+fp/softfp\libc.a(lib_a-__call_atexit.o)
 *(.init_array)
 .init_array    0x20000a1c        0x4 c:/workspace/msdk/tools/gnutools/10.3/bin/../lib/gcc/arm-none-eabi/10.3.1/thumb/v7e-m+fp/softfp/crtbegin.o
                0x20000a20                PROVIDE (__init_array_end = .)
                0x20000a20                . = ALIGN (0x4)
                0x20000a20                PROVIDE (__fini_array_start = .)
 *(SORT_BY_NAME(.fini_array.*))
 *(.fini_array)
 .fini_array    0x20000a20        0x4 c:/workspace/msdk/tools/gnutools/10.3/bin/../lib/gcc/arm-none-eabi/10.3.1/thumb/v7e-m+fp/softfp/crtbegin.o
                0x20000a24                PROVIDE (__fini_array_end = .)
 *(.flashprog)
                0x20000a24                _edata = ALIGN (., 0x4)
                0x10009b84                __load_data = LOADADDR (.data)

.igot.plt       0x20000a24        0x0 load address 0x1000a5a8
 .igot.plt      0x20000a24        0x0 c:/workspace/msdk/tools/gnutools/10.3/bin/../lib/gcc/arm-none-eabi/10.3.1/thumb/v7e-m+fp/softfp/crtbegin.o

.bss            0x20000a24      0x5c8 load address 0x1000a5a8
                0x20000a24                . = ALIGN (0x4)
                0x20000a24                _bss = .
 *(.bss*)
 .bss           0x20000a24       0x1c c:/workspace/msdk/tools/gnutools/10.3/bin/../lib/gcc/arm-none-eabi/10.3.1/thumb/v7e-m+fp/softfp/crtbegin.o
 .bss.callback_result
                0x20000a40        0x4 c:/workspace/ADI_Intern_Private/AD-APARD32690-SL/CircuitPython/msdk_testCode/TRNG/build/main.o
                0x20000a40                callback_result
 .bss.var_rnd_no
                0x20000a44       0x10 c:/workspace/ADI_Intern_Private/AD-APARD32690-SL/CircuitPython/msdk_testCode/TRNG/build/main.o
                0x20000a44                var_rnd_no
 .bss.wait      0x20000a54        0x4 c:/workspace/ADI_Intern_Private/AD-APARD32690-SL/CircuitPython/msdk_testCode/TRNG/build/main.o
                0x20000a54                wait
 .bss.g_cfg     0x20000a58       0x10 c:/workspace/ADI_Intern_Private/AD-APARD32690-SL/CircuitPython/msdk_testCode/TRNG/build/mx25.o
 .bss.g_is_configured
                0x20000a68        0x1 c:/workspace/ADI_Intern_Private/AD-APARD32690-SL/CircuitPython/msdk_testCode/TRNG/build/mx25.o
 *fill*         0x20000a69        0x3 
 .bss.g_pb_polarity
                0x20000a6c        0x4 c:/workspace/ADI_Intern_Private/AD-APARD32690-SL/CircuitPython/msdk_testCode/TRNG/build/pb.o
 .bss.heap_end  0x20000a70        0x4 c:/workspace/ADI_Intern_Private/AD-APARD32690-SL/CircuitPython/msdk_testCode/TRNG/build/heap.o
 .bss.SystemCoreClock
                0x20000a74        0x4 c:/workspace/ADI_Intern_Private/AD-APARD32690-SL/CircuitPython/msdk_testCode/TRNG/build/system_max32690.o
                0x20000a74                SystemCoreClock
 .bss.states    0x20000a78        0x8 C:/workspace/msdk/Libraries/PeriphDrivers/bin/MAX32690/spi-v1_softfp/libPeriphDriver_spi-v1_softfp.a(spixf_reva.o)
 .bss.MXC_TRNG_Callback
                0x20000a80        0x4 C:/workspace/msdk/Libraries/PeriphDrivers/bin/MAX32690/spi-v1_softfp/libPeriphDriver_spi-v1_softfp.a(trng_revb.o)
 .bss.TRNG_count
                0x20000a84        0x4 C:/workspace/msdk/Libraries/PeriphDrivers/bin/MAX32690/spi-v1_softfp/libPeriphDriver_spi-v1_softfp.a(trng_revb.o)
 .bss.TRNG_data
                0x20000a88        0x4 C:/workspace/msdk/Libraries/PeriphDrivers/bin/MAX32690/spi-v1_softfp/libPeriphDriver_spi-v1_softfp.a(trng_revb.o)
 .bss.TRNG_maxLength
                0x20000a8c        0x4 C:/workspace/msdk/Libraries/PeriphDrivers/bin/MAX32690/spi-v1_softfp/libPeriphDriver_spi-v1_softfp.a(trng_revb.o)
 .bss.g_is_clock_locked
                0x20000a90        0x4 C:/workspace/msdk/Libraries/PeriphDrivers/bin/MAX32690/spi-v1_softfp/libPeriphDriver_spi-v1_softfp.a(uart_revb.o)
 .bss.cbFunc    0x20000a94        0x4 C:/workspace/msdk/Libraries/PeriphDrivers/bin/MAX32690/spi-v1_softfp/libPeriphDriver_spi-v1_softfp.a(mxc_delay.o)
 .bss.ctrl_save
                0x20000a98        0x4 C:/workspace/msdk/Libraries/PeriphDrivers/bin/MAX32690/spi-v1_softfp/libPeriphDriver_spi-v1_softfp.a(mxc_delay.o)
 .bss.endtick   0x20000a9c        0x4 C:/workspace/msdk/Libraries/PeriphDrivers/bin/MAX32690/spi-v1_softfp/libPeriphDriver_spi-v1_softfp.a(mxc_delay.o)
 .bss.callback  0x20000aa0      0x280 C:/workspace/msdk/Libraries/PeriphDrivers/bin/MAX32690/spi-v1_softfp/libPeriphDriver_spi-v1_softfp.a(gpio_common.o)
 .bss.cbparam   0x20000d20      0x280 C:/workspace/msdk/Libraries/PeriphDrivers/bin/MAX32690/spi-v1_softfp/libPeriphDriver_spi-v1_softfp.a(gpio_common.o)
 .bss.cfg_lock  0x20000fa0        0x1 C:/workspace/msdk/Libraries/PeriphDrivers/bin/MAX32690/spi-v1_softfp/libPeriphDriver_spi-v1_softfp.a(gpio_common.o)
 .bss.initialized
                0x20000fa1        0x1 C:/workspace/msdk/Libraries/PeriphDrivers/bin/MAX32690/spi-v1_softfp/libPeriphDriver_spi-v1_softfp.a(gpio_common.o)
 *fill*         0x20000fa2        0x2 
 .bss.__malloc_current_mallinfo
                0x20000fa4       0x28 c:/workspace/msdk/tools/gnutools/10.3/bin/../lib/gcc/arm-none-eabi/10.3.1/../../../../arm-none-eabi/lib/thumb/v7e-m+fp/softfp\libc.a(lib_a-mallocr.o)
                0x20000fa4                __malloc_current_mallinfo
 .bss.__malloc_max_sbrked_mem
                0x20000fcc        0x4 c:/workspace/msdk/tools/gnutools/10.3/bin/../lib/gcc/arm-none-eabi/10.3.1/../../../../arm-none-eabi/lib/thumb/v7e-m+fp/softfp\libc.a(lib_a-mallocr.o)
                0x20000fcc                __malloc_max_sbrked_mem
 .bss.__malloc_max_total_mem
                0x20000fd0        0x4 c:/workspace/msdk/tools/gnutools/10.3/bin/../lib/gcc/arm-none-eabi/10.3.1/../../../../arm-none-eabi/lib/thumb/v7e-m+fp/softfp\libc.a(lib_a-mallocr.o)
                0x20000fd0                __malloc_max_total_mem
 .bss.__malloc_top_pad
                0x20000fd4        0x4 c:/workspace/msdk/tools/gnutools/10.3/bin/../lib/gcc/arm-none-eabi/10.3.1/../../../../arm-none-eabi/lib/thumb/v7e-m+fp/softfp\libc.a(lib_a-mallocr.o)
                0x20000fd4                __malloc_top_pad
 .bss.__lock___atexit_recursive_mutex
                0x20000fd8        0x1 c:/workspace/msdk/tools/gnutools/10.3/bin/../lib/gcc/arm-none-eabi/10.3.1/../../../../arm-none-eabi/lib/thumb/v7e-m+fp/softfp\libc.a(lib_a-lock.o)
                0x20000fd8                __lock___atexit_recursive_mutex
 *fill*         0x20000fd9        0x3 
 .bss.__lock___malloc_recursive_mutex
                0x20000fdc        0x1 c:/workspace/msdk/tools/gnutools/10.3/bin/../lib/gcc/arm-none-eabi/10.3.1/../../../../arm-none-eabi/lib/thumb/v7e-m+fp/softfp\libc.a(lib_a-lock.o)
                0x20000fdc                __lock___malloc_recursive_mutex
 *fill*         0x20000fdd        0x3 
 .bss.__lock___sfp_recursive_mutex
                0x20000fe0        0x1 c:/workspace/msdk/tools/gnutools/10.3/bin/../lib/gcc/arm-none-eabi/10.3.1/../../../../arm-none-eabi/lib/thumb/v7e-m+fp/softfp\libc.a(lib_a-lock.o)
                0x20000fe0                __lock___sfp_recursive_mutex
 *fill*         0x20000fe1        0x3 
 .bss.__lock___sinit_recursive_mutex
                0x20000fe4        0x1 c:/workspace/msdk/tools/gnutools/10.3/bin/../lib/gcc/arm-none-eabi/10.3.1/../../../../arm-none-eabi/lib/thumb/v7e-m+fp/softfp\libc.a(lib_a-lock.o)
                0x20000fe4                __lock___sinit_recursive_mutex
 *fill*         0x20000fe5        0x3 
 .bss.errno     0x20000fe8        0x4 c:/workspace/msdk/tools/gnutools/10.3/bin/../lib/gcc/arm-none-eabi/10.3.1/../../../../arm-none-eabi/lib/thumb/v7e-m+fp/softfp\libc.a(lib_a-reent.o)
                0x20000fe8                errno
 *(COMMON)
                0x20000fec                _ebss = ALIGN (., 0x4)

.pal_nvm_db     0x10340000        0x0
                0x10340000                . = ALIGN (0x2000)
                0x10340000                __pal_nvm_db_start__ = .
                0x10340000                . = (. + _PAL_NVM_SIZE)
                0x10340000                __pal_nvm_db_end__ = .

.riscv_flash
 *riscv.o()
                0x20100000                __StackTop = (ORIGIN (SRAM) + LENGTH (SRAM))
                0x200ff000                __StackLimit = (__StackTop - SIZEOF (.stack_dummy))

.stack_dummy    0x20000ff0     0x1000
 *(.stack*)
 .stack         0x20000ff0     0x1000 c:/workspace/ADI_Intern_Private/AD-APARD32690-SL/CircuitPython/msdk_testCode/TRNG/build/startup_max32690.o

.heap           0x20000ff0      0xc00
                0x20000ff0                . = ALIGN (0x4)
 *(.heap*)
 .heap          0x20000ff0      0xc00 c:/workspace/ADI_Intern_Private/AD-APARD32690-SL/CircuitPython/msdk_testCode/TRNG/build/startup_max32690.o
                0x20000ff0                __HeapBase
                0x200ff000                __HeapLimit = ABSOLUTE (__StackLimit)

.mailbox_0      0x00000000        0x0
                0x00000000                _mailbox_0 = ALIGN (., 0x4)
 *(.mailbox_0*)
                0x00000000                . = (. + _MAILBOX_SIZE)